Archive member included because of file (symbol)

c:/users/coxda/appdata/local/arduino15/packages/sparkfun/tools/arm-none-eabi-gcc/4.8.3-2014q1/bin/../lib/gcc/arm-none-eabi/4.8.3/../../../../arm-none-eabi/lib/armv6-m\libm.a(lib_a-w_asin.o)
                              SparkFun_MPU-9250-DMP_Arduino_Library-master\SparkFunMPU9250-DMP.cpp.o (asin)
c:/users/coxda/appdata/local/arduino15/packages/sparkfun/tools/arm-none-eabi-gcc/4.8.3-2014q1/bin/../lib/gcc/arm-none-eabi/4.8.3/../../../../arm-none-eabi/lib/armv6-m\libm.a(lib_a-w_atan2.o)
                              SparkFun_MPU-9250-DMP_Arduino_Library-master\SparkFunMPU9250-DMP.cpp.o (atan2)
c:/users/coxda/appdata/local/arduino15/packages/sparkfun/tools/arm-none-eabi-gcc/4.8.3-2014q1/bin/../lib/gcc/arm-none-eabi/4.8.3/../../../../arm-none-eabi/lib/armv6-m\libm.a(lib_a-e_asin.o)
                              c:/users/coxda/appdata/local/arduino15/packages/sparkfun/tools/arm-none-eabi-gcc/4.8.3-2014q1/bin/../lib/gcc/arm-none-eabi/4.8.3/../../../../arm-none-eabi/lib/armv6-m\libm.a(lib_a-w_asin.o) (__ieee754_asin)
c:/users/coxda/appdata/local/arduino15/packages/sparkfun/tools/arm-none-eabi-gcc/4.8.3-2014q1/bin/../lib/gcc/arm-none-eabi/4.8.3/../../../../arm-none-eabi/lib/armv6-m\libm.a(lib_a-e_atan2.o)
                              c:/users/coxda/appdata/local/arduino15/packages/sparkfun/tools/arm-none-eabi-gcc/4.8.3-2014q1/bin/../lib/gcc/arm-none-eabi/4.8.3/../../../../arm-none-eabi/lib/armv6-m\libm.a(lib_a-w_atan2.o) (__ieee754_atan2)
c:/users/coxda/appdata/local/arduino15/packages/sparkfun/tools/arm-none-eabi-gcc/4.8.3-2014q1/bin/../lib/gcc/arm-none-eabi/4.8.3/../../../../arm-none-eabi/lib/armv6-m\libm.a(lib_a-e_sqrt.o)
                              c:/users/coxda/appdata/local/arduino15/packages/sparkfun/tools/arm-none-eabi-gcc/4.8.3-2014q1/bin/../lib/gcc/arm-none-eabi/4.8.3/../../../../arm-none-eabi/lib/armv6-m\libm.a(lib_a-e_asin.o) (__ieee754_sqrt)
c:/users/coxda/appdata/local/arduino15/packages/sparkfun/tools/arm-none-eabi-gcc/4.8.3-2014q1/bin/../lib/gcc/arm-none-eabi/4.8.3/../../../../arm-none-eabi/lib/armv6-m\libm.a(lib_a-s_atan.o)
                              c:/users/coxda/appdata/local/arduino15/packages/sparkfun/tools/arm-none-eabi-gcc/4.8.3-2014q1/bin/../lib/gcc/arm-none-eabi/4.8.3/../../../../arm-none-eabi/lib/armv6-m\libm.a(lib_a-e_atan2.o) (atan)
c:/users/coxda/appdata/local/arduino15/packages/sparkfun/tools/arm-none-eabi-gcc/4.8.3-2014q1/bin/../lib/gcc/arm-none-eabi/4.8.3/../../../../arm-none-eabi/lib/armv6-m\libm.a(lib_a-s_fabs.o)
                              c:/users/coxda/appdata/local/arduino15/packages/sparkfun/tools/arm-none-eabi-gcc/4.8.3-2014q1/bin/../lib/gcc/arm-none-eabi/4.8.3/../../../../arm-none-eabi/lib/armv6-m\libm.a(lib_a-w_asin.o) (fabs)
c:/users/coxda/appdata/local/arduino15/packages/sparkfun/tools/arm-none-eabi-gcc/4.8.3-2014q1/bin/../lib/gcc/arm-none-eabi/4.8.3/../../../../arm-none-eabi/lib/armv6-m\libm.a(lib_a-s_fpclassify.o)
                              c:/users/coxda/appdata/local/arduino15/packages/sparkfun/tools/arm-none-eabi-gcc/4.8.3-2014q1/bin/../lib/gcc/arm-none-eabi/4.8.3/../../../../arm-none-eabi/lib/armv6-m\libm.a(lib_a-w_asin.o) (__fpclassifyd)
c:/users/coxda/appdata/local/arduino15/packages/sparkfun/tools/arm-none-eabi-gcc/4.8.3-2014q1/bin/../lib/gcc/arm-none-eabi/4.8.3/../../../../arm-none-eabi/lib/armv6-m\libm.a(lib_a-s_lib_ver.o)
                              c:/users/coxda/appdata/local/arduino15/packages/sparkfun/tools/arm-none-eabi-gcc/4.8.3-2014q1/bin/../lib/gcc/arm-none-eabi/4.8.3/../../../../arm-none-eabi/lib/armv6-m\libm.a(lib_a-w_asin.o) (__fdlib_version)
c:/users/coxda/appdata/local/arduino15/packages/sparkfun/tools/arm-none-eabi-gcc/4.8.3-2014q1/bin/../lib/gcc/arm-none-eabi/4.8.3/../../../../arm-none-eabi/lib/armv6-m\libm.a(lib_a-s_matherr.o)
                              c:/users/coxda/appdata/local/arduino15/packages/sparkfun/tools/arm-none-eabi-gcc/4.8.3-2014q1/bin/../lib/gcc/arm-none-eabi/4.8.3/../../../../arm-none-eabi/lib/armv6-m\libm.a(lib_a-w_asin.o) (matherr)
c:/users/coxda/appdata/local/arduino15/packages/sparkfun/tools/arm-none-eabi-gcc/4.8.3-2014q1/bin/../lib/gcc/arm-none-eabi/4.8.3/../../../../arm-none-eabi/lib/armv6-m\libm.a(lib_a-s_nan.o)
                              c:/users/coxda/appdata/local/arduino15/packages/sparkfun/tools/arm-none-eabi-gcc/4.8.3-2014q1/bin/../lib/gcc/arm-none-eabi/4.8.3/../../../../arm-none-eabi/lib/armv6-m\libm.a(lib_a-w_asin.o) (nan)
C:\Users\CoxDa\AppData\Local\Temp\VMBuilds\IMU_Razor\SparkFun_sparkfun_samd_samd21_9dof\Release/core.a(cortex_handlers.c.o)
                              (Reset_Handler)
C:\Users\CoxDa\AppData\Local\Temp\VMBuilds\IMU_Razor\SparkFun_sparkfun_samd_samd21_9dof\Release/core.a(delay.c.o)
                              IMU_Razor.cpp.o (millis)
C:\Users\CoxDa\AppData\Local\Temp\VMBuilds\IMU_Razor\SparkFun_sparkfun_samd_samd21_9dof\Release/core.a(hooks.c.o)
[...]
Memory Configuration

Name             Origin             Length             Attributes
FLASH            0x00002000         0x0003e000         xr
RAM              0x20000000         0x00008000         xrw
*default*        0x00000000         0xffffffff

Linker script and memory map

LOAD c:/users/coxda/appdata/local/arduino15/packages/sparkfun/tools/arm-none-eabi-gcc/4.8.3-2014q1/bin/../lib/gcc/arm-none-eabi/4.8.3/armv6-m/crti.o
LOAD c:/users/coxda/appdata/local/arduino15/packages/sparkfun/tools/arm-none-eabi-gcc/4.8.3-2014q1/bin/../lib/gcc/arm-none-eabi/4.8.3/armv6-m/crtbegin.o
LOAD c:/users/coxda/appdata/local/arduino15/packages/sparkfun/tools/arm-none-eabi-gcc/4.8.3-2014q1/bin/../lib/gcc/arm-none-eabi/4.8.3/../../../../arm-none-eabi/lib/armv6-m/crt0.o
LOAD IMU_Razor.cpp.o
LOAD SparkFun_MPU-9250-DMP_Arduino_Library-master\SparkFunMPU9250-DMP.cpp.o
LOAD SparkFun_MPU-9250-DMP_Arduino_Library-master\util\arduino_mpu9250_clk.c.o
LOAD SparkFun_MPU-9250-DMP_Arduino_Library-master\util\inv_mpu.c.o
LOAD SparkFun_MPU-9250-DMP_Arduino_Library-master\util\inv_mpu_dmp_motion_driver.c.o
LOAD SparkFun_MPU-9250-DMP_Arduino_Library-master\util\arduino_mpu9250_i2c.cpp.o
LOAD SparkFun_MPU-9250-DMP_Arduino_Library-master\util\arduino_mpu9250_log.cpp.o
LOAD Wire\Wire.cpp.o
LOAD C:\Users\CoxDa\AppData\Local\Temp\VMBCore\arduino16x\cc0fa066ff63ba17a92060839fd2b1fe\variant\variant.cpp.o
START GROUP
LOAD C:\Users\CoxDa\AppData\Local\arduino15\packages\arduino\tools\CMSIS\4.5.0/CMSIS/Lib/GCC/\libarm_cortexM0l_math.a
LOAD c:/users/coxda/appdata/local/arduino15/packages/sparkfun/tools/arm-none-eabi-gcc/4.8.3-2014q1/bin/../lib/gcc/arm-none-eabi/4.8.3/../../../../arm-none-eabi/lib/armv6-m\libm.a
LOAD C:\Users\CoxDa\AppData\Local\Temp\VMBuilds\IMU_Razor\SparkFun_sparkfun_samd_samd21_9dof\Release/core.a
END GROUP
START GROUP
LOAD c:/users/coxda/appdata/local/arduino15/packages/sparkfun/tools/arm-none-eabi-gcc/4.8.3-2014q1/bin/../lib/gcc/arm-none-eabi/4.8.3/armv6-m\libgcc.a
LOAD c:/users/coxda/appdata/local/arduino15/packages/sparkfun/tools/arm-none-eabi-gcc/4.8.3-2014q1/bin/../lib/gcc/arm-none-eabi/4.8.3/../../../../arm-none-eabi/lib/armv6-m\libc_s.a
END GROUP
START GROUP
LOAD c:/users/coxda/appdata/local/arduino15/packages/sparkfun/tools/arm-none-eabi-gcc/4.8.3-2014q1/bin/../lib/gcc/arm-none-eabi/4.8.3/armv6-m\libgcc.a
LOAD c:/users/coxda/appdata/local/arduino15/packages/sparkfun/tools/arm-none-eabi-gcc/4.8.3-2014q1/bin/../lib/gcc/arm-none-eabi/4.8.3/../../../../arm-none-eabi/lib/armv6-m\libc_s.a
LOAD c:/users/coxda/appdata/local/arduino15/packages/sparkfun/tools/arm-none-eabi-gcc/4.8.3-2014q1/bin/../lib/gcc/arm-none-eabi/4.8.3/../../../../arm-none-eabi/lib/armv6-m\libnosys.a
END GROUP
START GROUP
LOAD c:/users/coxda/appdata/local/arduino15/packages/sparkfun/tools/arm-none-eabi-gcc/4.8.3-2014q1/bin/../lib/gcc/arm-none-eabi/4.8.3/armv6-m\libgcc.a
LOAD c:/users/coxda/appdata/local/arduino15/packages/sparkfun/tools/arm-none-eabi-gcc/4.8.3-2014q1/bin/../lib/gcc/arm-none-eabi/4.8.3/../../../../arm-none-eabi/lib/armv6-m\libc_s.a
LOAD c:/users/coxda/appdata/local/arduino15/packages/sparkfun/tools/arm-none-eabi-gcc/4.8.3-2014q1/bin/../lib/gcc/arm-none-eabi/4.8.3/../../../../arm-none-eabi/lib/armv6-m\libnosys.a
END GROUP
LOAD c:/users/coxda/appdata/local/arduino15/packages/sparkfun/tools/arm-none-eabi-gcc/4.8.3-2014q1/bin/../lib/gcc/arm-none-eabi/4.8.3/armv6-m/crtend.o
LOAD c:/users/coxda/appdata/local/arduino15/packages/sparkfun/tools/arm-none-eabi-gcc/4.8.3-2014q1/bin/../lib/gcc/arm-none-eabi/4.8.3/armv6-m/crtn.o

.text           0x00002000     0x9420
 *(.isr_vector)
 .isr_vector    0x00002000       0xb4 C:\Users\CoxDa\AppData\Local\Temp\VMBuilds\IMU_Razor\SparkFun_sparkfun_samd_samd21_9dof\Release/core.a(cortex_handlers.c.o)
                0x00002000                exception_table
 *(.text*)
 .text          0x000020b4       0x60 c:/users/coxda/appdata/local/arduino15/packages/sparkfun/tools/arm-none-eabi-gcc/4.8.3-2014q1/bin/../lib/gcc/arm-none-eabi/4.8.3/armv6-m/crtbegin.o
 .text.startup._GLOBAL__sub_I_imu
                0x00002114       0x10 IMU_Razor.cpp.o
 .text.setup    0x00002124       0x84 IMU_Razor.cpp.o
                0x00002124                setup
 .text._Z13SendSerialUSBv
                0x000021a8       0xdc IMU_Razor.cpp.o
                0x000021a8                SendSerialUSB()
 .text._Z11SendSerial1v
                0x00002284       0xac IMU_Razor.cpp.o
                0x00002284                SendSerial1()
 .text.loop     0x00002330       0xa4 IMU_Razor.cpp.o
                0x00002330                loop
 .text._ZN11MPU9250_DMPC2Ev
                0x000023d4       0x18 SparkFun_MPU-9250-DMP_Arduino_Library-master\SparkFunMPU9250-DMP.cpp.o
                0x000023d4                MPU9250_DMP::MPU9250_DMP()
                0x000023d4                MPU9250_DMP::MPU9250_DMP()
 .text._ZN11MPU9250_DMP11getGyroSensEv
                0x000023ec       0x14 SparkFun_MPU-9250-DMP_Arduino_Library-master\SparkFunMPU9250-DMP.cpp.o
                0x000023ec                MPU9250_DMP::getGyroSens()
 .text._ZN11MPU9250_DMP12getAccelSensEv
                0x00002400       0x18 SparkFun_MPU-9250-DMP_Arduino_Library-master\SparkFunMPU9250-DMP.cpp.o
                0x00002400                MPU9250_DMP::getAccelSens()
 .text._ZN11MPU9250_DMP5beginEv
                0x00002418       0x3c SparkFun_MPU-9250-DMP_Arduino_Library-master\SparkFunMPU9250-DMP.cpp.o
                0x00002418                MPU9250_DMP::begin()
 .text._ZN11MPU9250_DMP13fifoAvailableEv
                0x00002454       0x30 SparkFun_MPU-9250-DMP_Arduino_Library-master\SparkFunMPU9250-DMP.cpp.o
                0x00002454                MPU9250_DMP::fifoAvailable()
 .text._ZN11MPU9250_DMP14dmpSetFifoRateEt
                0x00002484       0x12 SparkFun_MPU-9250-DMP_Arduino_Library-master\SparkFunMPU9250-DMP.cpp.o
                0x00002484                MPU9250_DMP::dmpSetFifoRate(unsigned short)
 .text._ZN11MPU9250_DMP8dmpBeginEtt
                0x00002496       0x68 SparkFun_MPU-9250-DMP_Arduino_Library-master\SparkFunMPU9250-DMP.cpp.o
                0x00002496                MPU9250_DMP::dmpBegin(unsigned short, unsigned short)
 .text._ZN11MPU9250_DMP13dmpUpdateFifoEv
                0x000024fe       0x7c SparkFun_MPU-9250-DMP_Arduino_Library-master\SparkFunMPU9250-DMP.cpp.o
                0x000024fe                MPU9250_DMP::dmpUpdateFifo()
 .text._ZN11MPU9250_DMP8qToFloatElh
                0x0000257a       0x48 SparkFun_MPU-9250-DMP_Arduino_Library-master\SparkFunMPU9250-DMP.cpp.o
                0x0000257a                MPU9250_DMP::qToFloat(long, unsigned char)
 *fill*         0x000025c2        0x6 
 .text._ZN11MPU9250_DMP18computeEulerAnglesEb
                0x000025c8      0x208 SparkFun_MPU-9250-DMP_Arduino_Library-master\SparkFunMPU9250-DMP.cpp.o
                0x000025c8                MPU9250_DMP::computeEulerAngles(bool)
 .text.arduino_get_clock_ms
                0x000027d0        0xe SparkFun_MPU-9250-DMP_Arduino_Library-master\util\arduino_mpu9250_clk.c.o
                0x000027d0                arduino_get_clock_ms
 .text.arduino_delay_ms
                0x000027de        0xa SparkFun_MPU-9250-DMP_Arduino_Library-master\util\arduino_mpu9250_clk.c.o
                0x000027de                arduino_delay_ms
 .text.set_int_enable
                0x000027e8       0x6c SparkFun_MPU-9250-DMP_Arduino_Library-master\util\inv_mpu.c.o
                0x000027e8                set_int_enable
 .text.mpu_read_reg
                0x00002854       0x34 SparkFun_MPU-9250-DMP_Arduino_Library-master\util\inv_mpu.c.o
                0x00002854                mpu_read_reg
 .text.mpu_reset_fifo
                0x00002888      0x14c SparkFun_MPU-9250-DMP_Arduino_Library-master\util\inv_mpu.c.o
                0x00002888                mpu_reset_fifo
 .text.mpu_set_gyro_fsr
                0x000029d4       0x70 SparkFun_MPU-9250-DMP_Arduino_Library-master\util\inv_mpu.c.o
                0x000029d4                mpu_set_gyro_fsr
 .text.mpu_get_accel_fsr
                0x00002a44       0x40 SparkFun_MPU-9250-DMP_Arduino_Library-master\util\inv_mpu.c.o
                0x00002a44                mpu_get_accel_fsr
 .text.mpu_set_accel_fsr
                0x00002a84       0x64 SparkFun_MPU-9250-DMP_Arduino_Library-master\util\inv_mpu.c.o
                0x00002a84                mpu_set_accel_fsr
 .text.mpu_set_lpf
                0x00002ae8       0x60 SparkFun_MPU-9250-DMP_Arduino_Library-master\util\inv_mpu.c.o
                0x00002ae8                mpu_set_lpf
 .text.mpu_set_compass_sample_rate
                0x00002b48       0x50 SparkFun_MPU-9250-DMP_Arduino_Library-master\util\inv_mpu.c.o
                0x00002b48                mpu_set_compass_sample_rate
 .text.mpu_get_gyro_sens
                0x00002b98       0x44 SparkFun_MPU-9250-DMP_Arduino_Library-master\util\inv_mpu.c.o
                0x00002b98                mpu_get_gyro_sens
 .text.mpu_get_accel_sens
                0x00002bdc       0x40 SparkFun_MPU-9250-DMP_Arduino_Library-master\util\inv_mpu.c.o
                0x00002bdc                mpu_get_accel_sens
 .text.mpu_configure_fifo
                0x00002c1c       0x5c SparkFun_MPU-9250-DMP_Arduino_Library-master\util\inv_mpu.c.o
                0x00002c1c                mpu_configure_fifo
 .text.mpu_read_fifo_stream
                0x00002c78       0xa4 SparkFun_MPU-9250-DMP_Arduino_Library-master\util\inv_mpu.c.o
                0x00002c78                mpu_read_fifo_stream
 .text.mpu_set_bypass
                0x00002d1c       0xd0 SparkFun_MPU-9250-DMP_Arduino_Library-master\util\inv_mpu.c.o
                0x00002d1c                mpu_set_bypass
 .text.mpu_set_int_latched
                0x00002dec       0x64 SparkFun_MPU-9250-DMP_Arduino_Library-master\util\inv_mpu.c.o
                0x00002dec                mpu_set_int_latched
 .text.mpu_lp_accel_mode
                0x00002e50       0xa4 SparkFun_MPU-9250-DMP_Arduino_Library-master\util\inv_mpu.c.o
                0x00002e50                mpu_lp_accel_mode
 .text.mpu_set_sample_rate
                0x00002ef4       0x9c SparkFun_MPU-9250-DMP_Arduino_Library-master\util\inv_mpu.c.o
                0x00002ef4                mpu_set_sample_rate
 .text.mpu_set_sensors
                0x00002f90      0x124 SparkFun_MPU-9250-DMP_Arduino_Library-master\util\inv_mpu.c.o
                0x00002f90                mpu_set_sensors
 .text.mpu_init
                0x000030b4      0x288 SparkFun_MPU-9250-DMP_Arduino_Library-master\util\inv_mpu.c.o
                0x000030b4                mpu_init
 .text.mpu_write_mem
                0x0000333c       0x58 SparkFun_MPU-9250-DMP_Arduino_Library-master\util\inv_mpu.c.o
                0x0000333c                mpu_write_mem
 .text.mpu_read_mem
                0x00003394       0x58 SparkFun_MPU-9250-DMP_Arduino_Library-master\util\inv_mpu.c.o
                0x00003394                mpu_read_mem
 .text.mpu_load_firmware
                0x000033ec       0x9c SparkFun_MPU-9250-DMP_Arduino_Library-master\util\inv_mpu.c.o
                0x000033ec                mpu_load_firmware
 .text.mpu_set_dmp_state
                0x00003488       0x78 SparkFun_MPU-9250-DMP_Arduino_Library-master\util\inv_mpu.c.o
                0x00003488                mpu_set_dmp_state
 .text.dmp_enable_gyro_cal.part.0
                0x00003500       0x24 SparkFun_MPU-9250-DMP_Arduino_Library-master\util\inv_mpu_dmp_motion_driver.c.o
 .text.dmp_load_motion_driver_firmware
                0x00003524       0x1c SparkFun_MPU-9250-DMP_Arduino_Library-master\util\inv_mpu_dmp_motion_driver.c.o
                0x00003524                dmp_load_motion_driver_firmware
 .text.dmp_set_fifo_rate
                0x00003540       0x64 SparkFun_MPU-9250-DMP_Arduino_Library-master\util\inv_mpu_dmp_motion_driver.c.o
                0x00003540                dmp_set_fifo_rate
 .text.dmp_set_tap_thresh
                0x000035a4      0x148 SparkFun_MPU-9250-DMP_Arduino_Library-master\util\inv_mpu_dmp_motion_driver.c.o
                0x000035a4                dmp_set_tap_thresh
 .text.dmp_set_tap_axes
                0x000036ec       0x36 SparkFun_MPU-9250-DMP_Arduino_Library-master\util\inv_mpu_dmp_motion_driver.c.o
                0x000036ec                dmp_set_tap_axes
 .text.dmp_set_tap_count
                0x00003722       0x26 SparkFun_MPU-9250-DMP_Arduino_Library-master\util\inv_mpu_dmp_motion_driver.c.o
                0x00003722                dmp_set_tap_count
 .text.dmp_set_tap_time
                0x00003748       0x1e SparkFun_MPU-9250-DMP_Arduino_Library-master\util\inv_mpu_dmp_motion_driver.c.o
                0x00003748                dmp_set_tap_time
 .text.dmp_set_tap_time_multi
                0x00003766       0x1e SparkFun_MPU-9250-DMP_Arduino_Library-master\util\inv_mpu_dmp_motion_driver.c.o
                0x00003766                dmp_set_tap_time_multi
 .text.dmp_set_shake_reject_thresh
                0x00003784       0x2c SparkFun_MPU-9250-DMP_Arduino_Library-master\util\inv_mpu_dmp_motion_driver.c.o
                0x00003784                dmp_set_shake_reject_thresh
 .text.dmp_set_shake_reject_time
                0x000037b0       0x1e SparkFun_MPU-9250-DMP_Arduino_Library-master\util\inv_mpu_dmp_motion_driver.c.o
                0x000037b0                dmp_set_shake_reject_time
 .text.dmp_set_shake_reject_timeout
                0x000037ce       0x1e SparkFun_MPU-9250-DMP_Arduino_Library-master\util\inv_mpu_dmp_motion_driver.c.o
                0x000037ce                dmp_set_shake_reject_timeout
 .text.dmp_enable_gyro_cal
                0x000037ec       0x2c SparkFun_MPU-9250-DMP_Arduino_Library-master\util\inv_mpu_dmp_motion_driver.c.o
                0x000037ec                dmp_enable_gyro_cal
 .text.dmp_enable_lp_quat
                0x00003818       0x34 SparkFun_MPU-9250-DMP_Arduino_Library-master\util\inv_mpu_dmp_motion_driver.c.o
                0x00003818                dmp_enable_lp_quat
 .text.dmp_enable_6x_lp_quat
                0x0000384c       0x34 SparkFun_MPU-9250-DMP_Arduino_Library-master\util\inv_mpu_dmp_motion_driver.c.o
                0x0000384c                dmp_enable_6x_lp_quat
 .text.dmp_enable_feature
                0x00003880      0x1b4 SparkFun_MPU-9250-DMP_Arduino_Library-master\util\inv_mpu_dmp_motion_driver.c.o
                0x00003880                dmp_enable_feature
 .text.dmp_read_fifo
                0x00003a34      0x198 SparkFun_MPU-9250-DMP_Arduino_Library-master\util\inv_mpu_dmp_motion_driver.c.o
                0x00003a34                dmp_read_fifo
 .text.arduino_i2c_write
                0x00003bcc       0x44 SparkFun_MPU-9250-DMP_Arduino_Library-master\util\arduino_mpu9250_i2c.cpp.o
                0x00003bcc                arduino_i2c_write
 .text.arduino_i2c_read
                0x00003c10       0x4c SparkFun_MPU-9250-DMP_Arduino_Library-master\util\arduino_mpu9250_i2c.cpp.o
                0x00003c10                arduino_i2c_read
 .text._MLPrintLog
                0x00003c5c        0x6 SparkFun_MPU-9250-DMP_Arduino_Library-master\util\arduino_mpu9250_log.cpp.o
                0x00003c5c                _MLPrintLog
 .text._ZN5Print17availableForWriteEv
                0x00003c62        0x4 Wire\Wire.cpp.o
                0x00003c62                Print::availableForWrite()
 .text._ZN7TwoWire5writeEPKhj
                0x00003c66       0x24 Wire\Wire.cpp.o
                0x00003c66                TwoWire::write(unsigned char const*, unsigned int)
 .text._ZN7TwoWire5flushEv
                0x00003c8a        0x2 Wire\Wire.cpp.o
                0x00003c8a                TwoWire::flush()
 .text._ZN7TwoWire4peekEv
                0x00003c8c       0x1a Wire\Wire.cpp.o
                0x00003c8c                TwoWire::peek()
 .text._ZN7TwoWire9availableEv
                0x00003ca6       0x12 Wire\Wire.cpp.o
                0x00003ca6                TwoWire::available()
 .text._ZN7TwoWireC2EP6SERCOMhh
                0x00003cb8       0x5c Wire\Wire.cpp.o
                0x00003cb8                TwoWire::TwoWire(SERCOM*, unsigned char, unsigned char)
                0x00003cb8                TwoWire::TwoWire(SERCOM*, unsigned char, unsigned char)
 .text._ZN7TwoWire5beginEv
                0x00003d14       0x40 Wire\Wire.cpp.o
                0x00003d14                TwoWire::begin()
 .text._ZN7TwoWire17beginTransmissionEh
                0x00003d54       0x18 Wire\Wire.cpp.o
                0x00003d54                TwoWire::beginTransmission(unsigned char)
 .text._ZN11RingBufferNILi256EE10store_charEh
                0x00003d6c       0x1a Wire\Wire.cpp.o
                0x00003d6c                RingBufferN<256>::store_char(unsigned char)
 .text._ZN7TwoWire11requestFromEhjb
                0x00003d86       0x76 Wire\Wire.cpp.o
                0x00003d86                TwoWire::requestFrom(unsigned char, unsigned int, bool)
 .text._ZN7TwoWire11requestFromEhj
                0x00003dfc        0xa Wire\Wire.cpp.o
                0x00003dfc                TwoWire::requestFrom(unsigned char, unsigned int)
 .text._ZN7TwoWire5writeEh
                0x00003e06       0x2a Wire\Wire.cpp.o
                0x00003e06                TwoWire::write(unsigned char)
 .text._ZN11RingBufferNILi256EE9read_charEv
                0x00003e30       0x20 Wire\Wire.cpp.o
                0x00003e30                RingBufferN<256>::read_char()
 .text._ZN7TwoWire15endTransmissionEb
                0x00003e50       0x72 Wire\Wire.cpp.o
                0x00003e50                TwoWire::endTransmission(bool)
 .text._ZN7TwoWire4readEv
                0x00003ec2        0xa Wire\Wire.cpp.o
                0x00003ec2                TwoWire::read()
 .text._ZN7TwoWire9onServiceEv
                0x00003ecc      0x11c Wire\Wire.cpp.o
                0x00003ecc                TwoWire::onService()
 .text.SERCOM3_Handler
                0x00003fe8       0x10 Wire\Wire.cpp.o
                0x00003fe8                SERCOM3_Handler
 .text.startup._GLOBAL__sub_I__ZN7TwoWireC2EP6SERCOMhh
                0x00003ff8       0x18 Wire\Wire.cpp.o
 .text.SERCOM0_Handler
                0x00004010       0x10 C:\Users\CoxDa\AppData\Local\Temp\VMBCore\arduino16x\cc0fa066ff63ba17a92060839fd2b1fe\variant\variant.cpp.o
                0x00004010                SERCOM0_Handler
 .text.SERCOM5_Handler
                0x00004020       0x10 C:\Users\CoxDa\AppData\Local\Temp\VMBCore\arduino16x\cc0fa066ff63ba17a92060839fd2b1fe\variant\variant.cpp.o
                0x00004020                SERCOM5_Handler
 .text.startup._GLOBAL__sub_I_g_APinDescription
                0x00004030       0x94 C:\Users\CoxDa\AppData\Local\Temp\VMBCore\arduino16x\cc0fa066ff63ba17a92060839fd2b1fe\variant\variant.cpp.o
 *fill*         0x000040c4        0x4 
 .text.asin     0x000040c8       0xb8 c:/users/coxda/appdata/local/arduino15/packages/sparkfun/tools/arm-none-eabi-gcc/4.8.3-2014q1/bin/../lib/gcc/arm-none-eabi/4.8.3/../../../../arm-none-eabi/lib/armv6-m\libm.a(lib_a-w_asin.o)
                0x000040c8                asin
 .text.atan2    0x00004180        0x8 c:/users/coxda/appdata/local/arduino15/packages/sparkfun/tools/arm-none-eabi-gcc/4.8.3-2014q1/bin/../lib/gcc/arm-none-eabi/4.8.3/../../../../arm-none-eabi/lib/armv6-m\libm.a(lib_a-w_atan2.o)
                0x00004180                atan2
 .text.__ieee754_asin
                0x00004188      0x448 c:/users/coxda/appdata/local/arduino15/packages/sparkfun/tools/arm-none-eabi-gcc/4.8.3-2014q1/bin/../lib/gcc/arm-none-eabi/4.8.3/../../../../arm-none-eabi/lib/armv6-m\libm.a(lib_a-e_asin.o)
                0x00004188                __ieee754_asin
 .text.__ieee754_atan2
                0x000045d0      0x208 c:/users/coxda/appdata/local/arduino15/packages/sparkfun/tools/arm-none-eabi-gcc/4.8.3-2014q1/bin/../lib/gcc/arm-none-eabi/4.8.3/../../../../arm-none-eabi/lib/armv6-m\libm.a(lib_a-e_atan2.o)
                0x000045d0                __ieee754_atan2
 .text.__ieee754_sqrt
                0x000047d8      0x1cc c:/users/coxda/appdata/local/arduino15/packages/sparkfun/tools/arm-none-eabi-gcc/4.8.3-2014q1/bin/../lib/gcc/arm-none-eabi/4.8.3/../../../../arm-none-eabi/lib/armv6-m\libm.a(lib_a-e_sqrt.o)
                0x000047d8                __ieee754_sqrt
 *fill*         0x000049a4        0x4 
 .text.atan     0x000049a8      0x350 c:/users/coxda/appdata/local/arduino15/packages/sparkfun/tools/arm-none-eabi-gcc/4.8.3-2014q1/bin/../lib/gcc/arm-none-eabi/4.8.3/../../../../arm-none-eabi/lib/armv6-m\libm.a(lib_a-s_atan.o)
                0x000049a8                atan
 .text.fabs     0x00004cf8        0x8 c:/users/coxda/appdata/local/arduino15/packages/sparkfun/tools/arm-none-eabi-gcc/4.8.3-2014q1/bin/../lib/gcc/arm-none-eabi/4.8.3/../../../../arm-none-eabi/lib/armv6-m\libm.a(lib_a-s_fabs.o)
                0x00004cf8                fabs
 .text.__fpclassifyd
                0x00004d00       0x60 c:/users/coxda/appdata/local/arduino15/packages/sparkfun/tools/arm-none-eabi-gcc/4.8.3-2014q1/bin/../lib/gcc/arm-none-eabi/4.8.3/../../../../arm-none-eabi/lib/armv6-m\libm.a(lib_a-s_fpclassify.o)
                0x00004d00                __fpclassifyd
 .text.matherr  0x00004d60        0x4 c:/users/coxda/appdata/local/arduino15/packages/sparkfun/tools/arm-none-eabi-gcc/4.8.3-2014q1/bin/../lib/gcc/arm-none-eabi/4.8.3/../../../../arm-none-eabi/lib/armv6-m\libm.a(lib_a-s_matherr.o)
                0x00004d60                matherr
 *fill*         0x00004d64        0x4 
 .text.nan      0x00004d68       0x10 c:/users/coxda/appdata/local/arduino15/packages/sparkfun/tools/arm-none-eabi-gcc/4.8.3-2014q1/bin/../lib/gcc/arm-none-eabi/4.8.3/../../../../arm-none-eabi/lib/armv6-m\libm.a(lib_a-s_nan.o)
                0x00004d68                nan
 .text.Dummy_Handler
                0x00004d78        0x2 C:\Users\CoxDa\AppData\Local\Temp\VMBuilds\IMU_Razor\SparkFun_sparkfun_samd_samd21_9dof\Release/core.a(cortex_handlers.c.o)
                0x00004d78                DMAC_Handler
                0x00004d78                HardFault_Handler
                0x00004d78                AC_Handler
                0x00004d78                PendSV_Handler
                0x00004d78                NMI_Handler
                0x00004d78                TC7_Handler
                0x00004d78                SERCOM1_Handler
                0x00004d78                ADC_Handler
                0x00004d78                TCC1_Handler
                0x00004d78                SERCOM2_Handler
                0x00004d78                TCC0_Handler
                0x00004d78                RTC_Handler
                0x00004d78                EIC_Handler
                0x00004d78                TC6_Handler
                0x00004d78                WDT_Handler
                0x00004d78                TC4_Handler
                0x00004d78                TC3_Handler
                0x00004d78                Dummy_Handler
                0x00004d78                PM_Handler
                0x00004d78                SVC_Handler
                0x00004d78                TCC2_Handler
                0x00004d78                EVSYS_Handler
                0x00004d78                SERCOM4_Handler
                0x00004d78                I2S_Handler
                0x00004d78                NVMCTRL_Handler
                0x00004d78                DAC_Handler
                0x00004d78                PTC_Handler
                0x00004d78                SYSCTRL_Handler
 *fill*         0x00004d7a        0x2 
 .text.USB_Handler
                0x00004d7c       0x14 C:\Users\CoxDa\AppData\Local\Temp\VMBuilds\IMU_Razor\SparkFun_sparkfun_samd_samd21_9dof\Release/core.a(cortex_handlers.c.o)
                0x00004d7c                USB_Handler
 .text.Reset_Handler
                0x00004d90       0x54 C:\Users\CoxDa\AppData\Local\Temp\VMBuilds\IMU_Razor\SparkFun_sparkfun_samd_samd21_9dof\Release/core.a(cortex_handlers.c.o)
                0x00004d90                Reset_Handler
 .text.SysTick_Handler
                0x00004de4       0x10 C:\Users\CoxDa\AppData\Local\Temp\VMBuilds\IMU_Razor\SparkFun_sparkfun_samd_samd21_9dof\Release/core.a(cortex_handlers.c.o)
                0x00004de4                SysTick_Handler
 .text.USB_SetHandler
                0x00004df4        0xc C:\Users\CoxDa\AppData\Local\Temp\VMBuilds\IMU_Razor\SparkFun_sparkfun_samd_samd21_9dof\Release/core.a(cortex_handlers.c.o)
                0x00004df4                USB_SetHandler
 .text.millis   0x00004e00        0xc C:\Users\CoxDa\AppData\Local\Temp\VMBuilds\IMU_Razor\SparkFun_sparkfun_samd_samd21_9dof\Release/core.a(delay.c.o)
                0x00004e00                millis
 .text.delay    0x00004e0c       0x20 C:\Users\CoxDa\AppData\Local\Temp\VMBuilds\IMU_Razor\SparkFun_sparkfun_samd_samd21_9dof\Release/core.a(delay.c.o)
                0x00004e0c                delay
 .text.SysTick_DefaultHandler
                0x00004e2c       0x14 C:\Users\CoxDa\AppData\Local\Temp\VMBuilds\IMU_Razor\SparkFun_sparkfun_samd_samd21_9dof\Release/core.a(delay.c.o)
                0x00004e2c                SysTick_DefaultHandler
 .text.__empty  0x00004e40        0x2 C:\Users\CoxDa\AppData\Local\Temp\VMBuilds\IMU_Razor\SparkFun_sparkfun_samd_samd21_9dof\Release/core.a(hooks.c.o)
                0x00004e40                yield
 .text.__false  0x00004e42        0x4 C:\Users\CoxDa\AppData\Local\Temp\VMBuilds\IMU_Razor\SparkFun_sparkfun_samd_samd21_9dof\Release/core.a(hooks.c.o)
                0x00004e42                sysTickHook
 *fill*         0x00004e46        0x2 
 .text.SystemInit
                0x00004e48      0x168 C:\Users\CoxDa\AppData\Local\Temp\VMBuilds\IMU_Razor\SparkFun_sparkfun_samd_samd21_9dof\Release/core.a(startup.c.o)
                0x00004e48                SystemInit
 .text.init     0x00004fb0       0xe4 C:\Users\CoxDa\AppData\Local\Temp\VMBuilds\IMU_Razor\SparkFun_sparkfun_samd_samd21_9dof\Release/core.a(wiring.c.o)
                0x00004fb0                init
 .text.analogReference
                0x00005094       0x5c C:\Users\CoxDa\AppData\Local\Temp\VMBuilds\IMU_Razor\SparkFun_sparkfun_samd_samd21_9dof\Release/core.a(wiring_analog.c.o)
                0x00005094                analogReference
 .text.pinMode  0x000050f0       0xb4 C:\Users\CoxDa\AppData\Local\Temp\VMBuilds\IMU_Razor\SparkFun_sparkfun_samd_samd21_9dof\Release/core.a(wiring_digital.c.o)
                0x000050f0                pinMode
 .text.digitalWrite
                0x000051a4       0x60 C:\Users\CoxDa\AppData\Local\Temp\VMBuilds\IMU_Razor\SparkFun_sparkfun_samd_samd21_9dof\Release/core.a(wiring_digital.c.o)
                0x000051a4                digitalWrite
 .text.pinPeripheral
                0x00005204       0xc4 C:\Users\CoxDa\AppData\Local\Temp\VMBuilds\IMU_Razor\SparkFun_sparkfun_samd_samd21_9dof\Release/core.a(wiring_private.c.o)
                0x00005204                pinPeripheral
 .text._Z11initVariantv
                0x000052c8        0x2 C:\Users\CoxDa\AppData\Local\Temp\VMBuilds\IMU_Razor\SparkFun_sparkfun_samd_samd21_9dof\Release/core.a(main.cpp.o)
                0x000052c8                initVariant()
 *fill*         0x000052ca        0x2 
 .text.startup.main
                0x000052cc       0x40 C:\Users\CoxDa\AppData\Local\Temp\VMBuilds\IMU_Razor\SparkFun_sparkfun_samd_samd21_9dof\Release/core.a(main.cpp.o)
                0x000052cc                main
 .text._ZN5Print5writeEPKhj
                0x0000530c       0x28 C:\Users\CoxDa\AppData\Local\Temp\VMBuilds\IMU_Razor\SparkFun_sparkfun_samd_samd21_9dof\Release/core.a(Print.cpp.o)
                0x0000530c                Print::write(unsigned char const*, unsigned int)
 .text._ZN5Print5printEmi.part.3
                0x00005334        0xc C:\Users\CoxDa\AppData\Local\Temp\VMBuilds\IMU_Razor\SparkFun_sparkfun_samd_samd21_9dof\Release/core.a(Print.cpp.o)
 .text._ZN5Print5writeEPKc
                0x00005340       0x1c C:\Users\CoxDa\AppData\Local\Temp\VMBuilds\IMU_Razor\SparkFun_sparkfun_samd_samd21_9dof\Release/core.a(Print.cpp.o)
                0x00005340                Print::write(char const*)
 .text._ZN5Print5printEPKc
                0x0000535c        0x8 C:\Users\CoxDa\AppData\Local\Temp\VMBuilds\IMU_Razor\SparkFun_sparkfun_samd_samd21_9dof\Release/core.a(Print.cpp.o)
                0x0000535c                Print::print(char const*)
 .text._ZN5Print7printlnEv
                0x00005364       0x10 C:\Users\CoxDa\AppData\Local\Temp\VMBuilds\IMU_Razor\SparkFun_sparkfun_samd_samd21_9dof\Release/core.a(Print.cpp.o)
                0x00005364                Print::println()
 .text._ZN5Print7printlnEPKc
                0x00005374       0x14 C:\Users\CoxDa\AppData\Local\Temp\VMBuilds\IMU_Razor\SparkFun_sparkfun_samd_samd21_9dof\Release/core.a(Print.cpp.o)
                0x00005374                Print::println(char const*)
 .text._ZN5Print11printNumberEmh
                0x00005388       0x4e C:\Users\CoxDa\AppData\Local\Temp\VMBuilds\IMU_Razor\SparkFun_sparkfun_samd_samd21_9dof\Release/core.a(Print.cpp.o)
                0x00005388                Print::printNumber(unsigned long, unsigned char)
 .text._ZN5Print5printEmi
                0x000053d6       0x14 C:\Users\CoxDa\AppData\Local\Temp\VMBuilds\IMU_Razor\SparkFun_sparkfun_samd_samd21_9dof\Release/core.a(Print.cpp.o)
                0x000053d6                Print::print(unsigned long, int)
 .text._ZN5Print5printEhi
                0x000053ea        0x8 C:\Users\CoxDa\AppData\Local\Temp\VMBuilds\IMU_Razor\SparkFun_sparkfun_samd_samd21_9dof\Release/core.a(Print.cpp.o)
                0x000053ea                Print::print(unsigned char, int)
 *fill*         0x000053f2        0x2 
 .text.initiateReset
                0x000053f4        0xc C:\Users\CoxDa\AppData\Local\Temp\VMBuilds\IMU_Razor\SparkFun_sparkfun_samd_samd21_9dof\Release/core.a(Reset.cpp.o)
                0x000053f4                initiateReset
 .text.cancelReset
                0x00005400       0x10 C:\Users\CoxDa\AppData\Local\Temp\VMBuilds\IMU_Razor\SparkFun_sparkfun_samd_samd21_9dof\Release/core.a(Reset.cpp.o)
                0x00005400                cancelReset
 .text.tickReset
                0x00005410       0x60 C:\Users\CoxDa\AppData\Local\Temp\VMBuilds\IMU_Razor\SparkFun_sparkfun_samd_samd21_9dof\Release/core.a(Reset.cpp.o)
                0x00005410                tickReset
 .text._ZN6SERCOMC2EP6Sercom
                0x00005470        0x4 C:\Users\CoxDa\AppData\Local\Temp\VMBuilds\IMU_Razor\SparkFun_sparkfun_samd_samd21_9dof\Release/core.a(SERCOM.cpp.o)
                0x00005470                SERCOM::SERCOM(Sercom*)
                0x00005470                SERCOM::SERCOM(Sercom*)
 .text._ZN6SERCOM9initFrameE18SercomUartCharSize15SercomDataOrder16SercomParityMode19SercomNumberStopBit
                0x00005474       0x38 C:\Users\CoxDa\AppData\Local\Temp\VMBuilds\IMU_Razor\SparkFun_sparkfun_samd_samd21_9dof\Release/core.a(SERCOM.cpp.o)
                0x00005474                SERCOM::initFrame(SercomUartCharSize, SercomDataOrder, SercomParityMode, SercomNumberStopBit)
 .text._ZN6SERCOM8initPadsE15SercomUartTXPad11SercomRXPad
                0x000054ac       0x26 C:\Users\CoxDa\AppData\Local\Temp\VMBuilds\IMU_Razor\SparkFun_sparkfun_samd_samd21_9dof\Release/core.a(SERCOM.cpp.o)
                0x000054ac                SERCOM::initPads(SercomUartTXPad, SercomRXPad)
 .text._ZN6SERCOM9resetUARTEv
                0x000054d2       0x1c C:\Users\CoxDa\AppData\Local\Temp\VMBuilds\IMU_Razor\SparkFun_sparkfun_samd_samd21_9dof\Release/core.a(SERCOM.cpp.o)
                0x000054d2                SERCOM::resetUART()
 .text._ZN6SERCOM10enableUARTEv
                0x000054ee       0x14 C:\Users\CoxDa\AppData\Local\Temp\VMBuilds\IMU_Razor\SparkFun_sparkfun_samd_samd21_9dof\Release/core.a(SERCOM.cpp.o)
                0x000054ee                SERCOM::enableUART()
 .text._ZN6SERCOM9flushUARTEv
                0x00005502       0x10 C:\Users\CoxDa\AppData\Local\Temp\VMBuilds\IMU_Razor\SparkFun_sparkfun_samd_samd21_9dof\Release/core.a(SERCOM.cpp.o)
                0x00005502                SERCOM::flushUART()
 .text._ZN6SERCOM15clearStatusUARTEv
                0x00005512        0x8 C:\Users\CoxDa\AppData\Local\Temp\VMBuilds\IMU_Razor\SparkFun_sparkfun_samd_samd21_9dof\Release/core.a(SERCOM.cpp.o)
                0x00005512                SERCOM::clearStatusUART()
 .text._ZN6SERCOM17availableDataUARTEv
                0x0000551a        0xa C:\Users\CoxDa\AppData\Local\Temp\VMBuilds\IMU_Razor\SparkFun_sparkfun_samd_samd21_9dof\Release/core.a(SERCOM.cpp.o)
                0x0000551a                SERCOM::availableDataUART()
 .text._ZN6SERCOM11isUARTErrorEv
                0x00005524        0x8 C:\Users\CoxDa\AppData\Local\Temp\VMBuilds\IMU_Razor\SparkFun_sparkfun_samd_samd21_9dof\Release/core.a(SERCOM.cpp.o)
                0x00005524                SERCOM::isUARTError()
 .text._ZN6SERCOM20acknowledgeUARTErrorEv
                0x0000552c        0xe C:\Users\CoxDa\AppData\Local\Temp\VMBuilds\IMU_Razor\SparkFun_sparkfun_samd_samd21_9dof\Release/core.a(SERCOM.cpp.o)
                0x0000552c                SERCOM::acknowledgeUARTError()
 .text._ZN6SERCOM23isDataRegisterEmptyUARTEv
                0x0000553a        0xa C:\Users\CoxDa\AppData\Local\Temp\VMBuilds\IMU_Razor\SparkFun_sparkfun_samd_samd21_9dof\Release/core.a(SERCOM.cpp.o)
                0x0000553a                SERCOM::isDataRegisterEmptyUART()
 .text._ZN6SERCOM12readDataUARTEv
                0x00005544        0x8 C:\Users\CoxDa\AppData\Local\Temp\VMBuilds\IMU_Razor\SparkFun_sparkfun_samd_samd21_9dof\Release/core.a(SERCOM.cpp.o)
                0x00005544                SERCOM::readDataUART()
 .text._ZN6SERCOM13writeDataUARTEh
                0x0000554c        0xe C:\Users\CoxDa\AppData\Local\Temp\VMBuilds\IMU_Razor\SparkFun_sparkfun_samd_samd21_9dof\Release/core.a(SERCOM.cpp.o)
                0x0000554c                SERCOM::writeDataUART(unsigned char)
 .text._ZN6SERCOM36enableDataRegisterEmptyInterruptUARTEv
                0x0000555a        0x8 C:\Users\CoxDa\AppData\Local\Temp\VMBuilds\IMU_Razor\SparkFun_sparkfun_samd_samd21_9dof\Release/core.a(SERCOM.cpp.o)
                0x0000555a                SERCOM::enableDataRegisterEmptyInterruptUART()
 .text._ZN6SERCOM37disableDataRegisterEmptyInterruptUARTEv
                0x00005562        0x8 C:\Users\CoxDa\AppData\Local\Temp\VMBuilds\IMU_Razor\SparkFun_sparkfun_samd_samd21_9dof\Release/core.a(SERCOM.cpp.o)
                0x00005562                SERCOM::disableDataRegisterEmptyInterruptUART()
 .text._ZN6SERCOM9resetWIREEv
                0x0000556a       0x1c C:\Users\CoxDa\AppData\Local\Temp\VMBuilds\IMU_Razor\SparkFun_sparkfun_samd_samd21_9dof\Release/core.a(SERCOM.cpp.o)
                0x0000556a                SERCOM::resetWIRE()
 .text._ZN6SERCOM10enableWIREEv
                0x00005586       0x28 C:\Users\CoxDa\AppData\Local\Temp\VMBuilds\IMU_Razor\SparkFun_sparkfun_samd_samd21_9dof\Release/core.a(SERCOM.cpp.o)
                0x00005586                SERCOM::enableWIRE()
 .text._ZN6SERCOM18prepareNackBitWIREEv
                0x000055ae       0x10 C:\Users\CoxDa\AppData\Local\Temp\VMBuilds\IMU_Razor\SparkFun_sparkfun_samd_samd21_9dof\Release/core.a(SERCOM.cpp.o)
                0x000055ae                SERCOM::prepareNackBitWIRE()
 *fill*         0x000055be        0x2 
 .text._ZN6SERCOM17prepareAckBitWIREEv
                0x000055c0       0x14 C:\Users\CoxDa\AppData\Local\Temp\VMBuilds\IMU_Razor\SparkFun_sparkfun_samd_samd21_9dof\Release/core.a(SERCOM.cpp.o)
                0x000055c0                SERCOM::prepareAckBitWIRE()
 .text._ZN6SERCOM22prepareCommandBitsWireEh
                0x000055d4       0x2c C:\Users\CoxDa\AppData\Local\Temp\VMBuilds\IMU_Razor\SparkFun_sparkfun_samd_samd21_9dof\Release/core.a(SERCOM.cpp.o)
                0x000055d4                SERCOM::prepareCommandBitsWire(unsigned char)
 .text._ZN6SERCOM21startTransmissionWIREEh23SercomWireReadWriteFlag
                0x00005600       0x5e C:\Users\CoxDa\AppData\Local\Temp\VMBuilds\IMU_Razor\SparkFun_sparkfun_samd_samd21_9dof\Release/core.a(SERCOM.cpp.o)
                0x00005600                SERCOM::startTransmissionWIRE(unsigned char, SercomWireReadWriteFlag)
 .text._ZN6SERCOM18sendDataMasterWIREEh
                0x0000565e       0x22 C:\Users\CoxDa\AppData\Local\Temp\VMBuilds\IMU_Razor\SparkFun_sparkfun_samd_samd21_9dof\Release/core.a(SERCOM.cpp.o)
                0x0000565e                SERCOM::sendDataMasterWIRE(unsigned char)
 .text._ZN6SERCOM17sendDataSlaveWIREEh
                0x00005680       0x1a C:\Users\CoxDa\AppData\Local\Temp\VMBuilds\IMU_Razor\SparkFun_sparkfun_samd_samd21_9dof\Release/core.a(SERCOM.cpp.o)
                0x00005680                SERCOM::sendDataSlaveWIRE(unsigned char)
 .text._ZN6SERCOM11isSlaveWIREEv
                0x0000569a       0x12 C:\Users\CoxDa\AppData\Local\Temp\VMBuilds\IMU_Razor\SparkFun_sparkfun_samd_samd21_9dof\Release/core.a(SERCOM.cpp.o)
                0x0000569a                SERCOM::isSlaveWIRE()
 .text._ZN6SERCOM15isDataReadyWIREEv
                0x000056ac        0xa C:\Users\CoxDa\AppData\Local\Temp\VMBuilds\IMU_Razor\SparkFun_sparkfun_samd_samd21_9dof\Release/core.a(SERCOM.cpp.o)
                0x000056ac                SERCOM::isDataReadyWIRE()
 .text._ZN6SERCOM18isStopDetectedWIREEv
                0x000056b6        0xa C:\Users\CoxDa\AppData\Local\Temp\VMBuilds\IMU_Razor\SparkFun_sparkfun_samd_samd21_9dof\Release/core.a(SERCOM.cpp.o)
                0x000056b6                SERCOM::isStopDetectedWIRE()
 .text._ZN6SERCOM21isRestartDetectedWIREEv
                0x000056c0        0xa C:\Users\CoxDa\AppData\Local\Temp\VMBuilds\IMU_Razor\SparkFun_sparkfun_samd_samd21_9dof\Release/core.a(SERCOM.cpp.o)
                0x000056c0                SERCOM::isRestartDetectedWIRE()
 .text._ZN6SERCOM14isAddressMatchEv
                0x000056ca        0xa C:\Users\CoxDa\AppData\Local\Temp\VMBuilds\IMU_Razor\SparkFun_sparkfun_samd_samd21_9dof\Release/core.a(SERCOM.cpp.o)
                0x000056ca                SERCOM::isAddressMatch()
 .text._ZN6SERCOM25isMasterReadOperationWIREEv
                0x000056d4        0xa C:\Users\CoxDa\AppData\Local\Temp\VMBuilds\IMU_Razor\SparkFun_sparkfun_samd_samd21_9dof\Release/core.a(SERCOM.cpp.o)
                0x000056d4                SERCOM::isMasterReadOperationWIRE()
 .text._ZN6SERCOM12readDataWIREEv
                0x000056de       0x1a C:\Users\CoxDa\AppData\Local\Temp\VMBuilds\IMU_Razor\SparkFun_sparkfun_samd_samd21_9dof\Release/core.a(SERCOM.cpp.o)
                0x000056de                SERCOM::readDataWIRE()
 .text._ZN6SERCOM13initClockNVICEv
                0x000056f8       0xac C:\Users\CoxDa\AppData\Local\Temp\VMBuilds\IMU_Razor\SparkFun_sparkfun_samd_samd21_9dof\Release/core.a(SERCOM.cpp.o)
                0x000056f8                SERCOM::initClockNVIC()
 .text._ZN6SERCOM8initUARTE14SercomUartMode20SercomUartSampleRatem
                0x000057a4       0x6c C:\Users\CoxDa\AppData\Local\Temp\VMBuilds\IMU_Razor\SparkFun_sparkfun_samd_samd21_9dof\Release/core.a(SERCOM.cpp.o)
                0x000057a4                SERCOM::initUART(SercomUartMode, SercomUartSampleRate, unsigned long)
 .text._ZN6SERCOM14initMasterWIREEm
                0x00005810       0x54 C:\Users\CoxDa\AppData\Local\Temp\VMBuilds\IMU_Razor\SparkFun_sparkfun_samd_samd21_9dof\Release/core.a(SERCOM.cpp.o)
                0x00005810                SERCOM::initMasterWIRE(unsigned long)
 .text._ZN4UartcvbEv
                0x00005864        0x4 C:\Users\CoxDa\AppData\Local\Temp\VMBuilds\IMU_Razor\SparkFun_sparkfun_samd_samd21_9dof\Release/core.a(Uart.cpp.o)
                0x00005864                Uart::operator bool()
 .text._ZN4Uart5beginEm
                0x00005868       0x10 C:\Users\CoxDa\AppData\Local\Temp\VMBuilds\IMU_Razor\SparkFun_sparkfun_samd_samd21_9dof\Release/core.a(Uart.cpp.o)
                0x00005868                Uart::begin(unsigned long)
 .text._ZN4Uart4peekEv
                0x00005878       0x16 C:\Users\CoxDa\AppData\Local\Temp\VMBuilds\IMU_Razor\SparkFun_sparkfun_samd_samd21_9dof\Release/core.a(Uart.cpp.o)
                0x00005878                Uart::peek()
 .text._ZN4Uart3endEv
                0x0000588e       0x1c C:\Users\CoxDa\AppData\Local\Temp\VMBuilds\IMU_Razor\SparkFun_sparkfun_samd_samd21_9dof\Release/core.a(Uart.cpp.o)
                0x0000588e                Uart::end()
 *fill*         0x000058aa        0x2 
 .text._ZN4UartC2EP6SERCOMhh11SercomRXPad15SercomUartTXPadhh
                0x000058ac       0x7c C:\Users\CoxDa\AppData\Local\Temp\VMBuilds\IMU_Razor\SparkFun_sparkfun_samd_samd21_9dof\Release/core.a(Uart.cpp.o)
                0x000058ac                Uart::Uart(SERCOM*, unsigned char, unsigned char, SercomRXPad, SercomUartTXPad, unsigned char, unsigned char)
                0x000058ac                Uart::Uart(SERCOM*, unsigned char, unsigned char, SercomRXPad, SercomUartTXPad, unsigned char, unsigned char)
 .text._ZN4UartC2EP6SERCOMhh11SercomRXPad15SercomUartTXPad
                0x00005928       0x24 C:\Users\CoxDa\AppData\Local\Temp\VMBuilds\IMU_Razor\SparkFun_sparkfun_samd_samd21_9dof\Release/core.a(Uart.cpp.o)
                0x00005928                Uart::Uart(SERCOM*, unsigned char, unsigned char, SercomRXPad, SercomUartTXPad)
                0x00005928                Uart::Uart(SERCOM*, unsigned char, unsigned char, SercomRXPad, SercomUartTXPad)
 .text._ZN4Uart16extractNbStopBitEt
                0x0000594c        0xe C:\Users\CoxDa\AppData\Local\Temp\VMBuilds\IMU_Razor\SparkFun_sparkfun_samd_samd21_9dof\Release/core.a(Uart.cpp.o)
                0x0000594c                Uart::extractNbStopBit(unsigned short)
 .text._ZN4Uart15extractCharSizeEt
                0x0000595a       0x2c C:\Users\CoxDa\AppData\Local\Temp\VMBuilds\IMU_Razor\SparkFun_sparkfun_samd_samd21_9dof\Release/core.a(Uart.cpp.o)
                0x0000595a                Uart::extractCharSize(unsigned short)
 .text._ZN4Uart13extractParityEt
                0x00005986       0x18 C:\Users\CoxDa\AppData\Local\Temp\VMBuilds\IMU_Razor\SparkFun_sparkfun_samd_samd21_9dof\Release/core.a(Uart.cpp.o)
                0x00005986                Uart::extractParity(unsigned short)
 *fill*         0x0000599e        0x2 
 .text._ZN4Uart5beginEmt
                0x000059a0       0xf4 C:\Users\CoxDa\AppData\Local\Temp\VMBuilds\IMU_Razor\SparkFun_sparkfun_samd_samd21_9dof\Release/core.a(Uart.cpp.o)
                0x000059a0                Uart::begin(unsigned long, unsigned short)
 .text._ZN11RingBufferNILi64EE9availableEv
                0x00005a94        0xc C:\Users\CoxDa\AppData\Local\Temp\VMBuilds\IMU_Razor\SparkFun_sparkfun_samd_samd21_9dof\Release/core.a(Uart.cpp.o)
                0x00005a94                RingBufferN<64>::available()
 .text._ZN4Uart5flushEv
                0x00005aa0       0x18 C:\Users\CoxDa\AppData\Local\Temp\VMBuilds\IMU_Razor\SparkFun_sparkfun_samd_samd21_9dof\Release/core.a(Uart.cpp.o)
                0x00005aa0                Uart::flush()
 .text._ZN4Uart9availableEv
                0x00005ab8        0xa C:\Users\CoxDa\AppData\Local\Temp\VMBuilds\IMU_Razor\SparkFun_sparkfun_samd_samd21_9dof\Release/core.a(Uart.cpp.o)
                0x00005ab8                Uart::available()
 .text._ZN11RingBufferNILi64EE17availableForStoreEv
                0x00005ac2       0x1c C:\Users\CoxDa\AppData\Local\Temp\VMBuilds\IMU_Razor\SparkFun_sparkfun_samd_samd21_9dof\Release/core.a(Uart.cpp.o)
                0x00005ac2                RingBufferN<64>::availableForStore()
 .text._ZN4Uart17availableForWriteEv
                0x00005ade        0xa C:\Users\CoxDa\AppData\Local\Temp\VMBuilds\IMU_Razor\SparkFun_sparkfun_samd_samd21_9dof\Release/core.a(Uart.cpp.o)
                0x00005ade                Uart::availableForWrite()
 .text._ZN4Uart10IrqHandlerEv
                0x00005ae8       0xb2 C:\Users\CoxDa\AppData\Local\Temp\VMBuilds\IMU_Razor\SparkFun_sparkfun_samd_samd21_9dof\Release/core.a(Uart.cpp.o)
                0x00005ae8                Uart::IrqHandler()
 *fill*         0x00005b9a        0x2 
 .text._ZN4Uart5writeEh
                0x00005b9c       0xb8 C:\Users\CoxDa\AppData\Local\Temp\VMBuilds\IMU_Razor\SparkFun_sparkfun_samd_samd21_9dof\Release/core.a(Uart.cpp.o)
                0x00005b9c                Uart::write(unsigned char)
 .text._ZN4Uart4readEv
                0x00005c54       0x48 C:\Users\CoxDa\AppData\Local\Temp\VMBuilds\IMU_Razor\SparkFun_sparkfun_samd_samd21_9dof\Release/core.a(Uart.cpp.o)
                0x00005c54                Uart::read()
 .text._ZN7Serial_17availableForWriteEv
                0x00005c9c        0x4 C:\Users\CoxDa\AppData\Local\Temp\VMBuilds\IMU_Razor\SparkFun_sparkfun_samd_samd21_9dof\Release/core.a(CDC.cpp.o)
                0x00005c9c                Serial_::availableForWrite()
 .text._ZN7Serial_5writeEh
                0x00005ca0       0x14 C:\Users\CoxDa\AppData\Local\Temp\VMBuilds\IMU_Razor\SparkFun_sparkfun_samd_samd21_9dof\Release/core.a(CDC.cpp.o)
                0x00005ca0                Serial_::write(unsigned char)
 .text._ZN7Serial_9availableEv
                0x00005cb4        0xc C:\Users\CoxDa\AppData\Local\Temp\VMBuilds\IMU_Razor\SparkFun_sparkfun_samd_samd21_9dof\Release/core.a(CDC.cpp.o)
                0x00005cb4                Serial_::available()
 .text._ZN7Serial_5flushEv
                0x00005cc0        0xc C:\Users\CoxDa\AppData\Local\Temp\VMBuilds\IMU_Razor\SparkFun_sparkfun_samd_samd21_9dof\Release/core.a(CDC.cpp.o)
                0x00005cc0                Serial_::flush()
 .text._ZN7Serial_5writeEPKhj
                0x00005ccc       0x1c C:\Users\CoxDa\AppData\Local\Temp\VMBuilds\IMU_Razor\SparkFun_sparkfun_samd_samd21_9dof\Release/core.a(CDC.cpp.o)
                0x00005ccc                Serial_::write(unsigned char const*, unsigned int)
 .text._ZN7Serial_4peekEv
                0x00005ce8       0x1c C:\Users\CoxDa\AppData\Local\Temp\VMBuilds\IMU_Razor\SparkFun_sparkfun_samd_samd21_9dof\Release/core.a(CDC.cpp.o)
                0x00005ce8                Serial_::peek()
 .text._ZN7Serial_4readEv
                0x00005d04       0x24 C:\Users\CoxDa\AppData\Local\Temp\VMBuilds\IMU_Razor\SparkFun_sparkfun_samd_samd21_9dof\Release/core.a(CDC.cpp.o)
                0x00005d04                Serial_::read()
 .text._Z16CDC_GetInterfacePh
                0x00005d28       0x1c C:\Users\CoxDa\AppData\Local\Temp\VMBuilds\IMU_Razor\SparkFun_sparkfun_samd_samd21_9dof\Release/core.a(CDC.cpp.o)
                0x00005d28                CDC_GetInterface(unsigned char*)
 .text._Z9CDC_SetupR8USBSetup
                0x00005d44       0x80 C:\Users\CoxDa\AppData\Local\Temp\VMBuilds\IMU_Razor\SparkFun_sparkfun_samd_samd21_9dof\Release/core.a(CDC.cpp.o)
                0x00005d44                CDC_Setup(USBSetup&)
 .text._ZN7Serial_5beginEm
                0x00005dc4        0x2 C:\Users\CoxDa\AppData\Local\Temp\VMBuilds\IMU_Razor\SparkFun_sparkfun_samd_samd21_9dof\Release/core.a(CDC.cpp.o)
                0x00005dc4                Serial_::begin(unsigned long)
 *fill*         0x00005dc6        0x2 
 .text.startup._GLOBAL__sub_I__Z17_CDC_GetInterfacev
                0x00005dc8       0x28 C:\Users\CoxDa\AppData\Local\Temp\VMBuilds\IMU_Razor\SparkFun_sparkfun_samd_samd21_9dof\Release/core.a(CDC.cpp.o)
 .text._ZL5utox8mPc
                0x00005df0       0x1c C:\Users\CoxDa\AppData\Local\Temp\VMBuilds\IMU_Razor\SparkFun_sparkfun_samd_samd21_9dof\Release/core.a(USBCore.cpp.o)
 .text._ZN14USBDeviceClass6initEPEmm.part.4
                0x00005e0c       0xc8 C:\Users\CoxDa\AppData\Local\Temp\VMBuilds\IMU_Razor\SparkFun_sparkfun_samd_samd21_9dof\Release/core.a(USBCore.cpp.o)
 .text._ZN20USBDevice_SAMD21G18x5resetEv
                0x00005ed4       0x28 C:\Users\CoxDa\AppData\Local\Temp\VMBuilds\IMU_Razor\SparkFun_sparkfun_samd_samd21_9dof\Release/core.a(USBCore.cpp.o)
                0x00005ed4                USBDevice_SAMD21G18x::reset()
 .text._ZN20USBDevice_SAMD21G18x9calibrateEv
                0x00005efc       0x5c C:\Users\CoxDa\AppData\Local\Temp\VMBuilds\IMU_Razor\SparkFun_sparkfun_samd_samd21_9dof\Release/core.a(USBCore.cpp.o)
                0x00005efc                USBDevice_SAMD21G18x::calibrate()
 .text._ZN7__GuardC2Ev
                0x00005f58        0xe C:\Users\CoxDa\AppData\Local\Temp\VMBuilds\IMU_Razor\SparkFun_sparkfun_samd_samd21_9dof\Release/core.a(USBCore.cpp.o)
                0x00005f58                __Guard::__Guard()
                0x00005f58                __Guard::__Guard()
 .text._ZN7__GuardD2Ev
                0x00005f66        0xe C:\Users\CoxDa\AppData\Local\Temp\VMBuilds\IMU_Razor\SparkFun_sparkfun_samd_samd21_9dof\Release/core.a(USBCore.cpp.o)
                0x00005f66                __Guard::~__Guard()
                0x00005f66                __Guard::~__Guard()
 .text._ZNK26DoubleBufferedEPOutHandler9availableEv
                0x00005f74       0x5e C:\Users\CoxDa\AppData\Local\Temp\VMBuilds\IMU_Razor\SparkFun_sparkfun_samd_samd21_9dof\Release/core.a(USBCore.cpp.o)
                0x00005f74                DoubleBufferedEPOutHandler::available() const
 *fill*         0x00005fd2        0x2 
 .text._ZN26DoubleBufferedEPOutHandler7releaseEv
                0x00005fd4       0x58 C:\Users\CoxDa\AppData\Local\Temp\VMBuilds\IMU_Razor\SparkFun_sparkfun_samd_samd21_9dof\Release/core.a(USBCore.cpp.o)
                0x00005fd4                DoubleBufferedEPOutHandler::release()
 .text._ZN26DoubleBufferedEPOutHandler4recvEPvm
                0x0000602c      0x11c C:\Users\CoxDa\AppData\Local\Temp\VMBuilds\IMU_Razor\SparkFun_sparkfun_samd_samd21_9dof\Release/core.a(USBCore.cpp.o)
                0x0000602c                DoubleBufferedEPOutHandler::recv(void*, unsigned long)
 .text._ZN26DoubleBufferedEPOutHandler14handleEndpointEv
                0x00006148       0xc8 C:\Users\CoxDa\AppData\Local\Temp\VMBuilds\IMU_Razor\SparkFun_sparkfun_samd_samd21_9dof\Release/core.a(USBCore.cpp.o)
                0x00006148                DoubleBufferedEPOutHandler::handleEndpoint()
 .text._ZN14USBDeviceClass14SendInterfacesEPm
                0x00006210       0x2c C:\Users\CoxDa\AppData\Local\Temp\VMBuilds\IMU_Razor\SparkFun_sparkfun_samd_samd21_9dof\Release/core.a(USBCore.cpp.o)
                0x00006210                USBDeviceClass::SendInterfaces(unsigned long*)
 .text._ZN14USBDeviceClass14handleEndpointEh
                0x0000623c       0x40 C:\Users\CoxDa\AppData\Local\Temp\VMBuilds\IMU_Razor\SparkFun_sparkfun_samd_samd21_9dof\Release/core.a(USBCore.cpp.o)
                0x0000623c                USBDeviceClass::handleEndpoint(unsigned char)
 .text._ZN14USBDeviceClass4initEv
                0x0000627c       0xf0 C:\Users\CoxDa\AppData\Local\Temp\VMBuilds\IMU_Razor\SparkFun_sparkfun_samd_samd21_9dof\Release/core.a(USBCore.cpp.o)
                0x0000627c                USBDeviceClass::init()
 .text._ZN14USBDeviceClass6attachEv
                0x0000636c       0x34 C:\Users\CoxDa\AppData\Local\Temp\VMBuilds\IMU_Razor\SparkFun_sparkfun_samd_samd21_9dof\Release/core.a(USBCore.cpp.o)
                0x0000636c                USBDeviceClass::attach()
 .text._ZN14USBDeviceClass10setAddressEm
                0x000063a0       0x48 C:\Users\CoxDa\AppData\Local\Temp\VMBuilds\IMU_Razor\SparkFun_sparkfun_samd_samd21_9dof\Release/core.a(USBCore.cpp.o)
                0x000063a0                USBDeviceClass::setAddress(unsigned long)
 .text._ZN14USBDeviceClass25handleClassInterfaceSetupER8USBSetup
                0x000063e8       0x40 C:\Users\CoxDa\AppData\Local\Temp\VMBuilds\IMU_Razor\SparkFun_sparkfun_samd_samd21_9dof\Release/core.a(USBCore.cpp.o)
                0x000063e8                USBDeviceClass::handleClassInterfaceSetup(USBSetup&)
 .text._ZN14USBDeviceClass6initEPEmm
                0x00006428       0xf4 C:\Users\CoxDa\AppData\Local\Temp\VMBuilds\IMU_Razor\SparkFun_sparkfun_samd_samd21_9dof\Release/core.a(USBCore.cpp.o)
                0x00006428                USBDeviceClass::initEP(unsigned long, unsigned long)
 .text._ZN14USBDeviceClass13initEndpointsEv
                0x0000651c       0x24 C:\Users\CoxDa\AppData\Local\Temp\VMBuilds\IMU_Razor\SparkFun_sparkfun_samd_samd21_9dof\Release/core.a(USBCore.cpp.o)
                0x0000651c                USBDeviceClass::initEndpoints()
 .text._ZN14USBDeviceClass9availableEm
                0x00006540       0x2c C:\Users\CoxDa\AppData\Local\Temp\VMBuilds\IMU_Razor\SparkFun_sparkfun_samd_samd21_9dof\Release/core.a(USBCore.cpp.o)
                0x00006540                USBDeviceClass::available(unsigned long)
 .text._ZN14USBDeviceClass5flushEm
                0x0000656c       0x2c C:\Users\CoxDa\AppData\Local\Temp\VMBuilds\IMU_Razor\SparkFun_sparkfun_samd_samd21_9dof\Release/core.a(USBCore.cpp.o)
                0x0000656c                USBDeviceClass::flush(unsigned long)
 .text._ZN14USBDeviceClass14armRecvCtrlOUTEm
                0x00006598       0x60 C:\Users\CoxDa\AppData\Local\Temp\VMBuilds\IMU_Razor\SparkFun_sparkfun_samd_samd21_9dof\Release/core.a(USBCore.cpp.o)
                0x00006598                USBDeviceClass::armRecvCtrlOUT(unsigned long)
 .text._ZN14USBDeviceClass11recvControlEPvm
                0x000065f8       0x3c C:\Users\CoxDa\AppData\Local\Temp\VMBuilds\IMU_Razor\SparkFun_sparkfun_samd_samd21_9dof\Release/core.a(USBCore.cpp.o)
                0x000065f8                USBDeviceClass::recvControl(void*, unsigned long)
 .text._ZN14USBDeviceClass7armRecvEm
                0x00006634       0x3c C:\Users\CoxDa\AppData\Local\Temp\VMBuilds\IMU_Razor\SparkFun_sparkfun_samd_samd21_9dof\Release/core.a(USBCore.cpp.o)
                0x00006634                USBDeviceClass::armRecv(unsigned long)
 .text._ZN14USBDeviceClass4recvEmPvm
                0x00006670       0xd8 C:\Users\CoxDa\AppData\Local\Temp\VMBuilds\IMU_Razor\SparkFun_sparkfun_samd_samd21_9dof\Release/core.a(USBCore.cpp.o)
                0x00006670                USBDeviceClass::recv(unsigned long, void*, unsigned long)
 .text._ZN14USBDeviceClass4recvEm
                0x00006748       0x1c C:\Users\CoxDa\AppData\Local\Temp\VMBuilds\IMU_Razor\SparkFun_sparkfun_samd_samd21_9dof\Release/core.a(USBCore.cpp.o)
                0x00006748                USBDeviceClass::recv(unsigned long)
 .text._ZN14USBDeviceClass4sendEmPKvm
                0x00006764      0x124 C:\Users\CoxDa\AppData\Local\Temp\VMBuilds\IMU_Razor\SparkFun_sparkfun_samd_samd21_9dof\Release/core.a(USBCore.cpp.o)
                0x00006764                USBDeviceClass::send(unsigned long, void const*, unsigned long)
 .text._ZN14USBDeviceClass7armSendEmPKvm
                0x00006888       0x48 C:\Users\CoxDa\AppData\Local\Temp\VMBuilds\IMU_Razor\SparkFun_sparkfun_samd_samd21_9dof\Release/core.a(USBCore.cpp.o)
                0x00006888                USBDeviceClass::armSend(unsigned long, void const*, unsigned long)
 .text._ZN14USBDeviceClass11sendControlEPKvm
                0x000068d0       0x58 C:\Users\CoxDa\AppData\Local\Temp\VMBuilds\IMU_Razor\SparkFun_sparkfun_samd_samd21_9dof\Release/core.a(USBCore.cpp.o)
                0x000068d0                USBDeviceClass::sendControl(void const*, unsigned long)
 .text._ZN14USBDeviceClass20sendStringDescriptorEPKhh
                0x00006928       0x68 C:\Users\CoxDa\AppData\Local\Temp\VMBuilds\IMU_Razor\SparkFun_sparkfun_samd_samd21_9dof\Release/core.a(USBCore.cpp.o)
                0x00006928                USBDeviceClass::sendStringDescriptor(unsigned char const*, unsigned char)
 .text._ZN14USBDeviceClass12packMessagesEb.part.6
                0x00006990       0x20 C:\Users\CoxDa\AppData\Local\Temp\VMBuilds\IMU_Razor\SparkFun_sparkfun_samd_samd21_9dof\Release/core.a(USBCore.cpp.o)
 .text._ZN14USBDeviceClass17sendConfigurationEm
                0x000069b0       0x90 C:\Users\CoxDa\AppData\Local\Temp\VMBuilds\IMU_Razor\SparkFun_sparkfun_samd_samd21_9dof\Release/core.a(USBCore.cpp.o)
                0x000069b0                USBDeviceClass::sendConfiguration(unsigned long)
 .text._ZN14USBDeviceClass14sendDescriptorER8USBSetup
                0x00006a40       0xec C:\Users\CoxDa\AppData\Local\Temp\VMBuilds\IMU_Razor\SparkFun_sparkfun_samd_samd21_9dof\Release/core.a(USBCore.cpp.o)
                0x00006a40                USBDeviceClass::sendDescriptor(USBSetup&)
 .text._ZN14USBDeviceClass19handleStandardSetupER8USBSetup
                0x00006b2c      0x118 C:\Users\CoxDa\AppData\Local\Temp\VMBuilds\IMU_Razor\SparkFun_sparkfun_samd_samd21_9dof\Release/core.a(USBCore.cpp.o)
                0x00006b2c                USBDeviceClass::handleStandardSetup(USBSetup&)
 .text._ZN14USBDeviceClass10ISRHandlerEv
                0x00006c44      0x150 C:\Users\CoxDa\AppData\Local\Temp\VMBuilds\IMU_Razor\SparkFun_sparkfun_samd_samd21_9dof\Release/core.a(USBCore.cpp.o)
                0x00006c44                USBDeviceClass::ISRHandler()
 .text.UDD_Handler
                0x00006d94       0x10 C:\Users\CoxDa\AppData\Local\Temp\VMBuilds\IMU_Razor\SparkFun_sparkfun_samd_samd21_9dof\Release/core.a(USBCore.cpp.o)
                0x00006d94                UDD_Handler
 .text.startup._GLOBAL__sub_I__ZN20USBDevice_SAMD21G18x5resetEv
                0x00006da4       0x10 C:\Users\CoxDa\AppData\Local\Temp\VMBuilds\IMU_Razor\SparkFun_sparkfun_samd_samd21_9dof\Release/core.a(USBCore.cpp.o)
 .text._Znwj    0x00006db4        0x8 C:\Users\CoxDa\AppData\Local\Temp\VMBuilds\IMU_Razor\SparkFun_sparkfun_samd_samd21_9dof\Release/core.a(new.cpp.o)
                0x00006db4                operator new(unsigned int)
 .text._ZN13PluggableUSB_12getInterfaceEPh
                0x00006dbc       0x2a C:\Users\CoxDa\AppData\Local\Temp\VMBuilds\IMU_Razor\SparkFun_sparkfun_samd_samd21_9dof\Release/core.a(PluggableUSB.cpp.o)
                0x00006dbc                PluggableUSB_::getInterface(unsigned char*)
 .text._ZN13PluggableUSB_13getDescriptorER8USBSetup
                0x00006de6       0x20 C:\Users\CoxDa\AppData\Local\Temp\VMBuilds\IMU_Razor\SparkFun_sparkfun_samd_samd21_9dof\Release/core.a(PluggableUSB.cpp.o)
                0x00006de6                PluggableUSB_::getDescriptor(USBSetup&)
 .text._ZN13PluggableUSB_12getShortNameEPc
                0x00006e06       0x1e C:\Users\CoxDa\AppData\Local\Temp\VMBuilds\IMU_Razor\SparkFun_sparkfun_samd_samd21_9dof\Release/core.a(PluggableUSB.cpp.o)
                0x00006e06                PluggableUSB_::getShortName(char*)
 .text._ZN13PluggableUSB_5setupER8USBSetup
                0x00006e24       0x24 C:\Users\CoxDa\AppData\Local\Temp\VMBuilds\IMU_Razor\SparkFun_sparkfun_samd_samd21_9dof\Release/core.a(PluggableUSB.cpp.o)
                0x00006e24                PluggableUSB_::setup(USBSetup&)
 .text._Z12PluggableUSBv
                0x00006e48       0x24 C:\Users\CoxDa\AppData\Local\Temp\VMBuilds\IMU_Razor\SparkFun_sparkfun_samd_samd21_9dof\Release/core.a(PluggableUSB.cpp.o)
                0x00006e48                PluggableUSB()
 .text          0x00006e6c       0x14 c:/users/coxda/appdata/local/arduino15/packages/sparkfun/tools/arm-none-eabi-gcc/4.8.3-2014q1/bin/../lib/gcc/arm-none-eabi/4.8.3/armv6-m\libgcc.a(_thumb1_case_uqi.o)
                0x00006e6c                __gnu_thumb1_case_uqi
 .text          0x00006e80       0x9c c:/users/coxda/appdata/local/arduino15/packages/sparkfun/tools/arm-none-eabi-gcc/4.8.3-2014q1/bin/../lib/gcc/arm-none-eabi/4.8.3/armv6-m\libgcc.a(_udivsi3.o)
                0x00006e80                __aeabi_uidiv
                0x00006e80                __udivsi3
                0x00006f08                __aeabi_uidivmod
 .text          0x00006f1c       0xc0 c:/users/coxda/appdata/local/arduino15/packages/sparkfun/tools/arm-none-eabi-gcc/4.8.3-2014q1/bin/../lib/gcc/arm-none-eabi/4.8.3/armv6-m\libgcc.a(_divsi3.o)
                0x00006f1c                __divsi3
                0x00006f1c                __aeabi_idiv
                0x00006fc8                __aeabi_idivmod
 .text          0x00006fdc        0x4 c:/users/coxda/appdata/local/arduino15/packages/sparkfun/tools/arm-none-eabi-gcc/4.8.3-2014q1/bin/../lib/gcc/arm-none-eabi/4.8.3/armv6-m\libgcc.a(_dvmd_tls.o)
                0x00006fdc                __aeabi_idiv0
                0x00006fdc                __aeabi_ldiv0
 .text          0x00006fe0       0x7c c:/users/coxda/appdata/local/arduino15/packages/sparkfun/tools/arm-none-eabi-gcc/4.8.3-2014q1/bin/../lib/gcc/arm-none-eabi/4.8.3/armv6-m\libgcc.a(_arm_cmpdf2.o)
                0x00006fe0                __aeabi_cdrcmple
                0x00006ff0                __aeabi_cdcmple
                0x00006ff0                __aeabi_cdcmpeq
                0x00007000                __aeabi_dcmpeq
                0x0000700c                __aeabi_dcmplt
                0x00007020                __aeabi_dcmple
                0x00007034                __aeabi_dcmpgt
                0x00007048                __aeabi_dcmpge
 .text          0x0000705c       0x74 c:/users/coxda/appdata/local/arduino15/packages/sparkfun/tools/arm-none-eabi-gcc/4.8.3-2014q1/bin/../lib/gcc/arm-none-eabi/4.8.3/armv6-m\libgcc.a(_arm_cmpsf2.o)
                0x0000705c                __aeabi_cfrcmple
                0x00007064                __aeabi_cfcmpeq
                0x00007064                __aeabi_cfcmple
                0x00007074                __aeabi_fcmpeq
                0x00007080                __aeabi_fcmplt
                0x00007094                __aeabi_fcmple
                0x000070a8                __aeabi_fcmpgt
                0x000070bc                __aeabi_fcmpge
 .text          0x000070d0       0x30 c:/users/coxda/appdata/local/arduino15/packages/sparkfun/tools/arm-none-eabi-gcc/4.8.3-2014q1/bin/../lib/gcc/arm-none-eabi/4.8.3/armv6-m\libgcc.a(_fixunssfsi.o)
                0x000070d0                __fixunssfsi
                0x000070d0                __aeabi_f2uiz
 .text          0x00007100      0x2c8 c:/users/coxda/appdata/local/arduino15/packages/sparkfun/tools/arm-none-eabi-gcc/4.8.3-2014q1/bin/../lib/gcc/arm-none-eabi/4.8.3/armv6-m\libgcc.a(addsf3.o)
                0x00007100                __aeabi_fadd
 .text          0x000073c8      0x24c c:/users/coxda/appdata/local/arduino15/packages/sparkfun/tools/arm-none-eabi-gcc/4.8.3-2014q1/bin/../lib/gcc/arm-none-eabi/4.8.3/armv6-m\libgcc.a(divsf3.o)
                0x000073c8                __aeabi_fdiv
 .text          0x00007614       0x54 c:/users/coxda/appdata/local/arduino15/packages/sparkfun/tools/arm-none-eabi-gcc/4.8.3-2014q1/bin/../lib/gcc/arm-none-eabi/4.8.3/armv6-m\libgcc.a(eqsf2.o)
                0x00007614                __eqsf2
                0x00007614                __nesf2
 .text          0x00007668       0x90 c:/users/coxda/appdata/local/arduino15/packages/sparkfun/tools/arm-none-eabi-gcc/4.8.3-2014q1/bin/../lib/gcc/arm-none-eabi/4.8.3/armv6-m\libgcc.a(gesf2.o)
                0x00007668                __gesf2
                0x00007668                __gtsf2
 .text          0x000076f8       0x98 c:/users/coxda/appdata/local/arduino15/packages/sparkfun/tools/arm-none-eabi-gcc/4.8.3-2014q1/bin/../lib/gcc/arm-none-eabi/4.8.3/armv6-m\libgcc.a(lesf2.o)
                0x000076f8                __ltsf2
                0x000076f8                __lesf2
 .text          0x00007790      0x254 c:/users/coxda/appdata/local/arduino15/packages/sparkfun/tools/arm-none-eabi-gcc/4.8.3-2014q1/bin/../lib/gcc/arm-none-eabi/4.8.3/armv6-m\libgcc.a(mulsf3.o)
                0x00007790                __aeabi_fmul
 .text          0x000079e4      0x2e0 c:/users/coxda/appdata/local/arduino15/packages/sparkfun/tools/arm-none-eabi-gcc/4.8.3-2014q1/bin/../lib/gcc/arm-none-eabi/4.8.3/armv6-m\libgcc.a(subsf3.o)
                0x000079e4                __aeabi_fsub
 .text          0x00007cc4       0x40 c:/users/coxda/appdata/local/arduino15/packages/sparkfun/tools/arm-none-eabi-gcc/4.8.3-2014q1/bin/../lib/gcc/arm-none-eabi/4.8.3/armv6-m\libgcc.a(fixsfsi.o)
                0x00007cc4                __aeabi_f2iz
 .text          0x00007d04       0xb8 c:/users/coxda/appdata/local/arduino15/packages/sparkfun/tools/arm-none-eabi-gcc/4.8.3-2014q1/bin/../lib/gcc/arm-none-eabi/4.8.3/armv6-m\libgcc.a(floatsisf.o)
                0x00007d04                __aeabi_i2f
 .text          0x00007dbc       0xa0 c:/users/coxda/appdata/local/arduino15/packages/sparkfun/tools/arm-none-eabi-gcc/4.8.3-2014q1/bin/../lib/gcc/arm-none-eabi/4.8.3/armv6-m\libgcc.a(floatunsisf.o)
                0x00007dbc                __aeabi_ui2f
 .text          0x00007e5c      0x638 c:/users/coxda/appdata/local/arduino15/packages/sparkfun/tools/arm-none-eabi-gcc/4.8.3-2014q1/bin/../lib/gcc/arm-none-eabi/4.8.3/armv6-m\libgcc.a(adddf3.o)
                0x00007e5c                __aeabi_dadd
 .text          0x00008494      0x648 c:/users/coxda/appdata/local/arduino15/packages/sparkfun/tools/arm-none-eabi-gcc/4.8.3-2014q1/bin/../lib/gcc/arm-none-eabi/4.8.3/armv6-m\libgcc.a(divdf3.o)
                0x00008494                __aeabi_ddiv
 .text          0x00008adc       0x94 c:/users/coxda/appdata/local/arduino15/packages/sparkfun/tools/arm-none-eabi-gcc/4.8.3-2014q1/bin/../lib/gcc/arm-none-eabi/4.8.3/armv6-m\libgcc.a(eqdf2.o)
                0x00008adc                __nedf2
                0x00008adc                __eqdf2
 .text          0x00008b70       0xfc c:/users/coxda/appdata/local/arduino15/packages/sparkfun/tools/arm-none-eabi-gcc/4.8.3-2014q1/bin/../lib/gcc/arm-none-eabi/4.8.3/armv6-m\libgcc.a(gedf2.o)
                0x00008b70                __gedf2
                0x00008b70                __gtdf2
 .text          0x00008c6c       0xfc c:/users/coxda/appdata/local/arduino15/packages/sparkfun/tools/arm-none-eabi-gcc/4.8.3-2014q1/bin/../lib/gcc/arm-none-eabi/4.8.3/armv6-m\libgcc.a(ledf2.o)
                0x00008c6c                __ledf2
                0x00008c6c                __ltdf2
 .text          0x00008d68      0x520 c:/users/coxda/appdata/local/arduino15/packages/sparkfun/tools/arm-none-eabi-gcc/4.8.3-2014q1/bin/../lib/gcc/arm-none-eabi/4.8.3/armv6-m\libgcc.a(muldf3.o)
                0x00008d68                __aeabi_dmul
 .text          0x00009288      0x654 c:/users/coxda/appdata/local/arduino15/packages/sparkfun/tools/arm-none-eabi-gcc/4.8.3-2014q1/bin/../lib/gcc/arm-none-eabi/4.8.3/armv6-m\libgcc.a(subdf3.o)
                0x00009288                __aeabi_dsub
 .text          0x000098dc       0xa4 c:/users/coxda/appdata/local/arduino15/packages/sparkfun/tools/arm-none-eabi-gcc/4.8.3-2014q1/bin/../lib/gcc/arm-none-eabi/4.8.3/armv6-m\libgcc.a(extendsfdf2.o)
                0x000098dc                __aeabi_f2d
 .text          0x00009980      0x118 c:/users/coxda/appdata/local/arduino15/packages/sparkfun/tools/arm-none-eabi-gcc/4.8.3-2014q1/bin/../lib/gcc/arm-none-eabi/4.8.3/armv6-m\libgcc.a(truncdfsf2.o)
                0x00009980                __aeabi_d2f
 .text          0x00009a98       0x3c c:/users/coxda/appdata/local/arduino15/packages/sparkfun/tools/arm-none-eabi-gcc/4.8.3-2014q1/bin/../lib/gcc/arm-none-eabi/4.8.3/armv6-m\libgcc.a(_clzsi2.o)
                0x00009a98                __clzsi2
 .text.__errno  0x00009ad4        0xc c:/users/coxda/appdata/local/arduino15/packages/sparkfun/tools/arm-none-eabi-gcc/4.8.3-2014q1/bin/../lib/gcc/arm-none-eabi/4.8.3/../../../../arm-none-eabi/lib/armv6-m\libc_s.a(lib_a-errno.o)
                0x00009ad4                __errno
 .text.__libc_init_array
                0x00009ae0       0x4c c:/users/coxda/appdata/local/arduino15/packages/sparkfun/tools/arm-none-eabi-gcc/4.8.3-2014q1/bin/../lib/gcc/arm-none-eabi/4.8.3/../../../../arm-none-eabi/lib/armv6-m\libc_s.a(lib_a-init.o)
                0x00009ae0                __libc_init_array
 .text.malloc   0x00009b2c       0x14 c:/users/coxda/appdata/local/arduino15/packages/sparkfun/tools/arm-none-eabi-gcc/4.8.3-2014q1/bin/../lib/gcc/arm-none-eabi/4.8.3/../../../../arm-none-eabi/lib/armv6-m\libc_s.a(lib_a-malloc.o)
                0x00009b2c                malloc
 .text.memcmp   0x00009b40       0x1e c:/users/coxda/appdata/local/arduino15/packages/sparkfun/tools/arm-none-eabi-gcc/4.8.3-2014q1/bin/../lib/gcc/arm-none-eabi/4.8.3/../../../../arm-none-eabi/lib/armv6-m\libc_s.a(lib_a-memcmp.o)
                0x00009b40                memcmp
 .text.memcpy   0x00009b5e       0x12 c:/users/coxda/appdata/local/arduino15/packages/sparkfun/tools/arm-none-eabi-gcc/4.8.3-2014q1/bin/../lib/gcc/arm-none-eabi/4.8.3/../../../../arm-none-eabi/lib/armv6-m\libc_s.a(lib_a-memcpy-stub.o)
                0x00009b5e                memcpy
 .text.memset   0x00009b70       0x10 c:/users/coxda/appdata/local/arduino15/packages/sparkfun/tools/arm-none-eabi-gcc/4.8.3-2014q1/bin/../lib/gcc/arm-none-eabi/4.8.3/../../../../arm-none-eabi/lib/armv6-m\libc_s.a(lib_a-memset.o)
                0x00009b70                memset
 .text._malloc_r
                0x00009b80       0xa8 c:/users/coxda/appdata/local/arduino15/packages/sparkfun/tools/arm-none-eabi-gcc/4.8.3-2014q1/bin/../lib/gcc/arm-none-eabi/4.8.3/../../../../arm-none-eabi/lib/armv6-m\libc_s.a(lib_a-nano-mallocr.o)
                0x00009b80                _malloc_r
 .text._sbrk_r  0x00009c28       0x24 c:/users/coxda/appdata/local/arduino15/packages/sparkfun/tools/arm-none-eabi-gcc/4.8.3-2014q1/bin/../lib/gcc/arm-none-eabi/4.8.3/../../../../arm-none-eabi/lib/armv6-m\libc_s.a(lib_a-sbrkr.o)
                0x00009c28                _sbrk_r
 .text.strlen   0x00009c4c        0xe c:/users/coxda/appdata/local/arduino15/packages/sparkfun/tools/arm-none-eabi-gcc/4.8.3-2014q1/bin/../lib/gcc/arm-none-eabi/4.8.3/../../../../arm-none-eabi/lib/armv6-m\libc_s.a(lib_a-strlen.o)
                0x00009c4c                strlen
 *fill*         0x00009c5a        0x2 
 .text._sbrk    0x00009c5c       0x34 c:/users/coxda/appdata/local/arduino15/packages/sparkfun/tools/arm-none-eabi-gcc/4.8.3-2014q1/bin/../lib/gcc/arm-none-eabi/4.8.3/../../../../arm-none-eabi/lib/armv6-m\libnosys.a(sbrk.o)
                0x00009c5c                _sbrk
 *(.init)
 .init          0x00009c90        0x4 c:/users/coxda/appdata/local/arduino15/packages/sparkfun/tools/arm-none-eabi-gcc/4.8.3-2014q1/bin/../lib/gcc/arm-none-eabi/4.8.3/armv6-m/crti.o
                0x00009c90                _init
 .init          0x00009c94        0x8 c:/users/coxda/appdata/local/arduino15/packages/sparkfun/tools/arm-none-eabi-gcc/4.8.3-2014q1/bin/../lib/gcc/arm-none-eabi/4.8.3/armv6-m/crtn.o
 *(.fini)
 .fini          0x00009c9c        0x4 c:/users/coxda/appdata/local/arduino15/packages/sparkfun/tools/arm-none-eabi-gcc/4.8.3-2014q1/bin/../lib/gcc/arm-none-eabi/4.8.3/armv6-m/crti.o
                0x00009c9c                _fini
 .fini          0x00009ca0        0x8 c:/users/coxda/appdata/local/arduino15/packages/sparkfun/tools/arm-none-eabi-gcc/4.8.3-2014q1/bin/../lib/gcc/arm-none-eabi/4.8.3/armv6-m/crtn.o
 *crtbegin.o(.ctors)
 *crtbegin?.o(.ctors)
 *(EXCLUDE_FILE(*crtend.o *crtend?.o) .ctors)
 *(SORT(.ctors.*))
 *(.ctors)
 *crtbegin.o(.dtors)
 *crtbegin?.o(.dtors)
 *(EXCLUDE_FILE(*crtend.o *crtend?.o) .dtors)
 *(SORT(.dtors.*))
 *(.dtors)
 *(.rodata*)
 .rodata.str1.1
                0x00009ca8       0x6e IMU_Razor.cpp.o
                                 0x70 (size before relaxing)
 *fill*         0x00009d16        0x2 
 .rodata.test   0x00009d18       0x30 SparkFun_MPU-9250-DMP_Arduino_Library-master\util\inv_mpu.c.o
                0x00009d18                test
 .rodata.str1.1
                0x00009d48      0x416 SparkFun_MPU-9250-DMP_Arduino_Library-master\util\inv_mpu.c.o
 .rodata.hw     0x0000a15e        0xe SparkFun_MPU-9250-DMP_Arduino_Library-master\util\inv_mpu.c.o
                0x0000a15e                hw
 .rodata.reg    0x0000a16c       0x2a SparkFun_MPU-9250-DMP_Arduino_Library-master\util\inv_mpu.c.o
                0x0000a16c                reg
 .rodata        0x0000a196       0x40 SparkFun_MPU-9250-DMP_Arduino_Library-master\util\inv_mpu_dmp_motion_driver.c.o
 .rodata.dmp_memory
                0x0000a1d6      0xbf6 SparkFun_MPU-9250-DMP_Arduino_Library-master\util\inv_mpu_dmp_motion_driver.c.o
 *fill*         0x0000adcc        0x4 
 .rodata._ZTV7TwoWire
                0x0000add0       0x28 Wire\Wire.cpp.o
                0x0000add0                vtable for TwoWire
 .rodata.g_APinDescription
                0x0000adf8      0x420 C:\Users\CoxDa\AppData\Local\Temp\VMBCore\arduino16x\cc0fa066ff63ba17a92060839fd2b1fe\variant\variant.cpp.o
                0x0000adf8                g_APinDescription
 .rodata.str1.4
                0x0000b218        0x8 c:/users/coxda/appdata/local/arduino15/packages/sparkfun/tools/arm-none-eabi-gcc/4.8.3-2014q1/bin/../lib/gcc/arm-none-eabi/4.8.3/../../../../arm-none-eabi/lib/armv6-m\libm.a(lib_a-w_asin.o)
                                  0xc (size before relaxing)
 .rodata.atanlo
                0x0000b220       0x20 c:/users/coxda/appdata/local/arduino15/packages/sparkfun/tools/arm-none-eabi-gcc/4.8.3-2014q1/bin/../lib/gcc/arm-none-eabi/4.8.3/../../../../arm-none-eabi/lib/armv6-m\libm.a(lib_a-s_atan.o)
 .rodata.atanhi
                0x0000b240       0x20 c:/users/coxda/appdata/local/arduino15/packages/sparkfun/tools/arm-none-eabi-gcc/4.8.3-2014q1/bin/../lib/gcc/arm-none-eabi/4.8.3/../../../../arm-none-eabi/lib/armv6-m\libm.a(lib_a-s_atan.o)
 .rodata.str1.1
                0x0000b260        0xc C:\Users\CoxDa\AppData\Local\Temp\VMBuilds\IMU_Razor\SparkFun_sparkfun_samd_samd21_9dof\Release/core.a(Print.cpp.o)
                                  0xf (size before relaxing)
 *fill*         0x0000b26c        0x4 
 .rodata._ZTV4Uart
                0x0000b270       0x38 C:\Users\CoxDa\AppData\Local\Temp\VMBuilds\IMU_Razor\SparkFun_sparkfun_samd_samd21_9dof\Release/core.a(Uart.cpp.o)
                0x0000b270                vtable for Uart
 .rodata._ZTV7Serial_
                0x0000b2a8       0x28 C:\Users\CoxDa\AppData\Local\Temp\VMBuilds\IMU_Razor\SparkFun_sparkfun_samd_samd21_9dof\Release/core.a(CDC.cpp.o)
                0x0000b2a8                vtable for Serial_
 .rodata._ZTV26DoubleBufferedEPOutHandler
                0x0000b2d0       0x18 C:\Users\CoxDa\AppData\Local\Temp\VMBuilds\IMU_Razor\SparkFun_sparkfun_samd_samd21_9dof\Release/core.a(USBCore.cpp.o)
                0x0000b2d0                vtable for DoubleBufferedEPOutHandler
 .rodata._ZL19STRING_MANUFACTURER
                0x0000b2e8        0x9 C:\Users\CoxDa\AppData\Local\Temp\VMBuilds\IMU_Razor\SparkFun_sparkfun_samd_samd21_9dof\Release/core.a(USBCore.cpp.o)
 *fill*         0x0000b2f1        0x1 
 .rodata._ZL15STRING_LANGUAGE
                0x0000b2f2        0x4 C:\Users\CoxDa\AppData\Local\Temp\VMBuilds\IMU_Razor\SparkFun_sparkfun_samd_samd21_9dof\Release/core.a(USBCore.cpp.o)
 .rodata._ZL21USB_DeviceDescriptorB
                0x0000b2f6       0x12 C:\Users\CoxDa\AppData\Local\Temp\VMBuilds\IMU_Razor\SparkFun_sparkfun_samd_samd21_9dof\Release/core.a(USBCore.cpp.o)
 .rodata._ZL14STRING_PRODUCT
                0x0000b308        0xd C:\Users\CoxDa\AppData\Local\Temp\VMBuilds\IMU_Razor\SparkFun_sparkfun_samd_samd21_9dof\Release/core.a(USBCore.cpp.o)
 *fill*         0x0000b315        0x3 
 .rodata        0x0000b318       0x40 c:/users/coxda/appdata/local/arduino15/packages/sparkfun/tools/arm-none-eabi-gcc/4.8.3-2014q1/bin/../lib/gcc/arm-none-eabi/4.8.3/armv6-m\libgcc.a(divsf3.o)
 .rodata        0x0000b358       0x40 c:/users/coxda/appdata/local/arduino15/packages/sparkfun/tools/arm-none-eabi-gcc/4.8.3-2014q1/bin/../lib/gcc/arm-none-eabi/4.8.3/armv6-m\libgcc.a(mulsf3.o)
 .rodata        0x0000b398       0x40 c:/users/coxda/appdata/local/arduino15/packages/sparkfun/tools/arm-none-eabi-gcc/4.8.3-2014q1/bin/../lib/gcc/arm-none-eabi/4.8.3/armv6-m\libgcc.a(divdf3.o)
 .rodata        0x0000b3d8       0x40 c:/users/coxda/appdata/local/arduino15/packages/sparkfun/tools/arm-none-eabi-gcc/4.8.3-2014q1/bin/../lib/gcc/arm-none-eabi/4.8.3/armv6-m\libgcc.a(muldf3.o)
 .rodata.str1.1
                0x0000b418        0x2 c:/users/coxda/appdata/local/arduino15/packages/sparkfun/tools/arm-none-eabi-gcc/4.8.3-2014q1/bin/../lib/gcc/arm-none-eabi/4.8.3/../../../../arm-none-eabi/lib/armv6-m\libc_s.a(lib_a-impure.o)
 *(.eh_frame*)
 *fill*         0x0000b41a        0x2 
 .eh_frame      0x0000b41c        0x0 c:/users/coxda/appdata/local/arduino15/packages/sparkfun/tools/arm-none-eabi-gcc/4.8.3-2014q1/bin/../lib/gcc/arm-none-eabi/4.8.3/armv6-m/crtbegin.o
 .eh_frame      0x0000b41c        0x4 c:/users/coxda/appdata/local/arduino15/packages/sparkfun/tools/arm-none-eabi-gcc/4.8.3-2014q1/bin/../lib/gcc/arm-none-eabi/4.8.3/armv6-m/crtend.o

.glue_7         0x0000b420        0x0
 .glue_7        0x00000000        0x0 linker stubs

.glue_7t        0x0000b420        0x0
 .glue_7t       0x00000000        0x0 linker stubs

.vfp11_veneer   0x0000b420        0x0
 .vfp11_veneer  0x00000000        0x0 linker stubs

.v4_bx          0x0000b420        0x0
 .v4_bx         0x00000000        0x0 linker stubs

.iplt           0x0000b420        0x0
 .iplt          0x00000000        0x0 c:/users/coxda/appdata/local/arduino15/packages/sparkfun/tools/arm-none-eabi-gcc/4.8.3-2014q1/bin/../lib/gcc/arm-none-eabi/4.8.3/armv6-m/crtbegin.o

.rel.dyn        0x0000b420        0x0
 .rel.iplt      0x00000000        0x0 c:/users/coxda/appdata/local/arduino15/packages/sparkfun/tools/arm-none-eabi-gcc/4.8.3-2014q1/bin/../lib/gcc/arm-none-eabi/4.8.3/armv6-m/crtbegin.o

.ARM.extab
 *(.ARM.extab* .gnu.linkonce.armextab.*)
                0x0000b420                __exidx_start = .

.ARM.exidx
 *(.ARM.exidx* .gnu.linkonce.armexidx.*)
                0x0000b420                __exidx_end = .
                0x0000b420                __etext = .

.data           0x20000000      0x148 load address 0x0000b420
                0x20000000                __data_start__ = .
 *(vtable)
 *(.data*)
 .data.SendHz   0x20000000        0x4 IMU_Razor.cpp.o
                0x20000000                SendHz
 .data.st       0x20000004       0x38 SparkFun_MPU-9250-DMP_Arduino_Library-master\util\inv_mpu.c.o
 .data.__fdlib_version
                0x2000003c        0x1 c:/users/coxda/appdata/local/arduino15/packages/sparkfun/tools/arm-none-eabi-gcc/4.8.3-2014q1/bin/../lib/gcc/arm-none-eabi/4.8.3/../../../../arm-none-eabi/lib/armv6-m\libm.a(lib_a-s_lib_ver.o)
                0x2000003c                __fdlib_version
 *fill*         0x2000003d        0x3 
 .data.SystemCoreClock
                0x20000040        0x4 C:\Users\CoxDa\AppData\Local\Temp\VMBuilds\IMU_Razor\SparkFun_sparkfun_samd_samd21_9dof\Release/core.a(wiring.c.o)
                0x20000040                SystemCoreClock
 .data._ZL5ticks
                0x20000044        0x4 C:\Users\CoxDa\AppData\Local\Temp\VMBuilds\IMU_Razor\SparkFun_sparkfun_samd_samd21_9dof\Release/core.a(Reset.cpp.o)
 .data._ZL12_usbLineInfo
                0x20000048        0x8 C:\Users\CoxDa\AppData\Local\Temp\VMBuilds\IMU_Razor\SparkFun_sparkfun_samd_samd21_9dof\Release/core.a(CDC.cpp.o)
 .data._ZL10breakValue
                0x20000050        0x4 C:\Users\CoxDa\AppData\Local\Temp\VMBuilds\IMU_Razor\SparkFun_sparkfun_samd_samd21_9dof\Release/core.a(CDC.cpp.o)
 .data._ZL13_cdcInterface
                0x20000054       0x42 C:\Users\CoxDa\AppData\Local\Temp\VMBuilds\IMU_Razor\SparkFun_sparkfun_samd_samd21_9dof\Release/core.a(CDC.cpp.o)
 *fill*         0x20000096        0x2 
 .data._serialPeek
                0x20000098        0x4 C:\Users\CoxDa\AppData\Local\Temp\VMBuilds\IMU_Razor\SparkFun_sparkfun_samd_samd21_9dof\Release/core.a(CDC.cpp.o)
                0x20000098                _serialPeek
 .data.EndPoints
                0x2000009c       0x28 C:\Users\CoxDa\AppData\Local\Temp\VMBuilds\IMU_Razor\SparkFun_sparkfun_samd_samd21_9dof\Release/core.a(USBCore.cpp.o)
                0x2000009c                EndPoints
 .data.impure_data
                0x200000c4       0x60 c:/users/coxda/appdata/local/arduino15/packages/sparkfun/tools/arm-none-eabi-gcc/4.8.3-2014q1/bin/../lib/gcc/arm-none-eabi/4.8.3/../../../../arm-none-eabi/lib/armv6-m\libc_s.a(lib_a-impure.o)
 .data._impure_ptr
                0x20000124        0x4 c:/users/coxda/appdata/local/arduino15/packages/sparkfun/tools/arm-none-eabi-gcc/4.8.3-2014q1/bin/../lib/gcc/arm-none-eabi/4.8.3/../../../../arm-none-eabi/lib/armv6-m\libc_s.a(lib_a-impure.o)
                0x20000124                _impure_ptr
                0x20000128                . = ALIGN (0x4)
                0x20000128                PROVIDE (__preinit_array_start, .)
 *(.preinit_array)
                0x20000128                PROVIDE (__preinit_array_end, .)
                0x20000128                . = ALIGN (0x4)
                0x20000128                PROVIDE (__init_array_start, .)
 *(SORT(.init_array.*))
 *(.init_array)
 .init_array    0x20000128        0x4 c:/users/coxda/appdata/local/arduino15/packages/sparkfun/tools/arm-none-eabi-gcc/4.8.3-2014q1/bin/../lib/gcc/arm-none-eabi/4.8.3/armv6-m/crtbegin.o
 .init_array    0x2000012c        0x4 IMU_Razor.cpp.o
 .init_array    0x20000130        0x4 Wire\Wire.cpp.o
 .init_array    0x20000134        0x4 C:\Users\CoxDa\AppData\Local\Temp\VMBCore\arduino16x\cc0fa066ff63ba17a92060839fd2b1fe\variant\variant.cpp.o
 .init_array    0x20000138        0x4 C:\Users\CoxDa\AppData\Local\Temp\VMBuilds\IMU_Razor\SparkFun_sparkfun_samd_samd21_9dof\Release/core.a(CDC.cpp.o)
 .init_array    0x2000013c        0x4 C:\Users\CoxDa\AppData\Local\Temp\VMBuilds\IMU_Razor\SparkFun_sparkfun_samd_samd21_9dof\Release/core.a(USBCore.cpp.o)
                0x20000140                PROVIDE (__init_array_end, .)
                0x20000140                . = ALIGN (0x4)
                0x20000140                PROVIDE (__fini_array_start, .)
 *(SORT(.fini_array.*))
 *(.fini_array)
 .fini_array    0x20000140        0x4 c:/users/coxda/appdata/local/arduino15/packages/sparkfun/tools/arm-none-eabi-gcc/4.8.3-2014q1/bin/../lib/gcc/arm-none-eabi/4.8.3/armv6-m/crtbegin.o
                0x20000144                PROVIDE (__fini_array_end, .)
 *(.jcr*)
 .jcr           0x20000144        0x0 c:/users/coxda/appdata/local/arduino15/packages/sparkfun/tools/arm-none-eabi-gcc/4.8.3-2014q1/bin/../lib/gcc/arm-none-eabi/4.8.3/armv6-m/crtbegin.o
 .jcr           0x20000144        0x4 c:/users/coxda/appdata/local/arduino15/packages/sparkfun/tools/arm-none-eabi-gcc/4.8.3-2014q1/bin/../lib/gcc/arm-none-eabi/4.8.3/armv6-m/crtend.o
                0x20000148                . = ALIGN (0x4)
                0x20000148                __data_end__ = .

.igot.plt       0x20000148        0x0 load address 0x0000b568
 .igot.plt      0x00000000        0x0 c:/users/coxda/appdata/local/arduino15/packages/sparkfun/tools/arm-none-eabi-gcc/4.8.3-2014q1/bin/../lib/gcc/arm-none-eabi/4.8.3/armv6-m/crtbegin.o

.bss            0x20000148      0xa58 load address 0x0000b568
                0x20000148                . = ALIGN (0x4)
                0x20000148                __bss_start__ = .
 *(.bss*)
 .bss           0x20000148       0x1c c:/users/coxda/appdata/local/arduino15/packages/sparkfun/tools/arm-none-eabi-gcc/4.8.3-2014q1/bin/../lib/gcc/arm-none-eabi/4.8.3/armv6-m/crtbegin.o
 .bss.LastTime  0x20000164        0x4 IMU_Razor.cpp.o
                0x20000164                LastTime
 .bss.Pitch     0x20000168        0x4 IMU_Razor.cpp.o
                0x20000168                Pitch
 .bss.Roll      0x2000016c        0x4 IMU_Razor.cpp.o
                0x2000016c                Roll
 .bss.imu       0x20000170       0x58 IMU_Razor.cpp.o
                0x20000170                imu
 .bss.temp      0x200001c8        0x4 IMU_Razor.cpp.o
                0x200001c8                temp
 .bss.dmp       0x200001cc       0x10 SparkFun_MPU-9250-DMP_Arduino_Library-master\util\inv_mpu_dmp_motion_driver.c.o
 .bss.Wire      0x200001dc      0x234 Wire\Wire.cpp.o
                0x200001dc                Wire
 .bss.Serial    0x20000410       0xbc C:\Users\CoxDa\AppData\Local\Temp\VMBCore\arduino16x\cc0fa066ff63ba17a92060839fd2b1fe\variant\variant.cpp.o
                0x20000410                Serial
 .bss.Serial1   0x200004cc       0xbc C:\Users\CoxDa\AppData\Local\Temp\VMBCore\arduino16x\cc0fa066ff63ba17a92060839fd2b1fe\variant\variant.cpp.o
                0x200004cc                Serial1
 .bss.sercom3   0x20000588        0x4 C:\Users\CoxDa\AppData\Local\Temp\VMBCore\arduino16x\cc0fa066ff63ba17a92060839fd2b1fe\variant\variant.cpp.o
                0x20000588                sercom3
 .bss.sercom0   0x2000058c        0x4 C:\Users\CoxDa\AppData\Local\Temp\VMBCore\arduino16x\cc0fa066ff63ba17a92060839fd2b1fe\variant\variant.cpp.o
                0x2000058c                sercom0
 .bss.sercom1   0x20000590        0x4 C:\Users\CoxDa\AppData\Local\Temp\VMBCore\arduino16x\cc0fa066ff63ba17a92060839fd2b1fe\variant\variant.cpp.o
                0x20000590                sercom1
 .bss.sercom2   0x20000594        0x4 C:\Users\CoxDa\AppData\Local\Temp\VMBCore\arduino16x\cc0fa066ff63ba17a92060839fd2b1fe\variant\variant.cpp.o
                0x20000594                sercom2
 .bss.sercom4   0x20000598        0x4 C:\Users\CoxDa\AppData\Local\Temp\VMBCore\arduino16x\cc0fa066ff63ba17a92060839fd2b1fe\variant\variant.cpp.o
                0x20000598                sercom4
 .bss.sercom5   0x2000059c        0x4 C:\Users\CoxDa\AppData\Local\Temp\VMBCore\arduino16x\cc0fa066ff63ba17a92060839fd2b1fe\variant\variant.cpp.o
                0x2000059c                sercom5
 .bss.usb_isr   0x200005a0        0x4 C:\Users\CoxDa\AppData\Local\Temp\VMBuilds\IMU_Razor\SparkFun_sparkfun_samd_samd21_9dof\Release/core.a(cortex_handlers.c.o)
 .bss._ulTickCount
                0x200005a4        0x4 C:\Users\CoxDa\AppData\Local\Temp\VMBuilds\IMU_Razor\SparkFun_sparkfun_samd_samd21_9dof\Release/core.a(delay.c.o)
 .bss.SerialUSB
                0x200005a8       0x1c C:\Users\CoxDa\AppData\Local\Temp\VMBuilds\IMU_Razor\SparkFun_sparkfun_samd_samd21_9dof\Release/core.a(CDC.cpp.o)
                0x200005a8                SerialUSB
 .bss._ZL14isEndpointHalt
                0x200005c4        0x1 C:\Users\CoxDa\AppData\Local\Temp\VMBuilds\IMU_Razor\SparkFun_sparkfun_samd_samd21_9dof\Release/core.a(USBCore.cpp.o)
 .bss._pack_buffer
                0x200005c5      0x100 C:\Users\CoxDa\AppData\Local\Temp\VMBuilds\IMU_Razor\SparkFun_sparkfun_samd_samd21_9dof\Release/core.a(USBCore.cpp.o)
                0x200005c5                _pack_buffer
 *fill*         0x200006c5        0x1 
 .bss._pack_size
                0x200006c6        0x2 C:\Users\CoxDa\AppData\Local\Temp\VMBuilds\IMU_Razor\SparkFun_sparkfun_samd_samd21_9dof\Release/core.a(USBCore.cpp.o)
                0x200006c6                _pack_size
 .bss._ZL20LastTransmitTimedOut
                0x200006c8        0x7 C:\Users\CoxDa\AppData\Local\Temp\VMBuilds\IMU_Razor\SparkFun_sparkfun_samd_samd21_9dof\Release/core.a(USBCore.cpp.o)
 *fill*         0x200006cf        0x1 
 .bss._ZL22udd_ep_in_cache_buffer
                0x200006d0      0x1c0 C:\Users\CoxDa\AppData\Local\Temp\VMBuilds\IMU_Razor\SparkFun_sparkfun_samd_samd21_9dof\Release/core.a(USBCore.cpp.o)
 .bss._ZL10txLEDPulse
                0x20000890        0x1 C:\Users\CoxDa\AppData\Local\Temp\VMBuilds\IMU_Razor\SparkFun_sparkfun_samd_samd21_9dof\Release/core.a(USBCore.cpp.o)
 *fill*         0x20000891        0x3 
 .bss._ZL23udd_ep_out_cache_buffer
                0x20000894      0x1c0 C:\Users\CoxDa\AppData\Local\Temp\VMBuilds\IMU_Razor\SparkFun_sparkfun_samd_samd21_9dof\Release/core.a(USBCore.cpp.o)
 .bss._ZL10epHandlers
                0x20000a54       0x1c C:\Users\CoxDa\AppData\Local\Temp\VMBuilds\IMU_Razor\SparkFun_sparkfun_samd_samd21_9dof\Release/core.a(USBCore.cpp.o)
 .bss._pack_message
                0x20000a70        0x1 C:\Users\CoxDa\AppData\Local\Temp\VMBuilds\IMU_Razor\SparkFun_sparkfun_samd_samd21_9dof\Release/core.a(USBCore.cpp.o)
                0x20000a70                _pack_message
 .bss._ZL21isRemoteWakeUpEnabled
                0x20000a71        0x1 C:\Users\CoxDa\AppData\Local\Temp\VMBuilds\IMU_Razor\SparkFun_sparkfun_samd_samd21_9dof\Release/core.a(USBCore.cpp.o)
 .bss._dry_run  0x20000a72        0x1 C:\Users\CoxDa\AppData\Local\Temp\VMBuilds\IMU_Razor\SparkFun_sparkfun_samd_samd21_9dof\Release/core.a(USBCore.cpp.o)
                0x20000a72                _dry_run
 .bss.USBDevice
                0x20000a73        0x1 C:\Users\CoxDa\AppData\Local\Temp\VMBuilds\IMU_Razor\SparkFun_sparkfun_samd_samd21_9dof\Release/core.a(USBCore.cpp.o)
                0x20000a73                USBDevice
 .bss._usbSetInterface
                0x20000a74        0x4 C:\Users\CoxDa\AppData\Local\Temp\VMBuilds\IMU_Razor\SparkFun_sparkfun_samd_samd21_9dof\Release/core.a(USBCore.cpp.o)
                0x20000a74                _usbSetInterface
 .bss._ZL10rxLEDPulse
                0x20000a78        0x1 C:\Users\CoxDa\AppData\Local\Temp\VMBuilds\IMU_Razor\SparkFun_sparkfun_samd_samd21_9dof\Release/core.a(USBCore.cpp.o)
 *fill*         0x20000a79        0x3 
 .bss.usbd      0x20000a7c      0x104 C:\Users\CoxDa\AppData\Local\Temp\VMBuilds\IMU_Razor\SparkFun_sparkfun_samd_samd21_9dof\Release/core.a(USBCore.cpp.o)
                0x20000a7c                usbd
 .bss._usbConfiguration
                0x20000b80        0x4 C:\Users\CoxDa\AppData\Local\Temp\VMBuilds\IMU_Razor\SparkFun_sparkfun_samd_samd21_9dof\Release/core.a(USBCore.cpp.o)
                0x20000b80                _usbConfiguration
 .bss._ZZ12PluggableUSBvE3obj
                0x20000b84        0x8 C:\Users\CoxDa\AppData\Local\Temp\VMBuilds\IMU_Razor\SparkFun_sparkfun_samd_samd21_9dof\Release/core.a(PluggableUSB.cpp.o)
 .bss._ZGVZ12PluggableUSBvE3obj
                0x20000b8c        0x4 C:\Users\CoxDa\AppData\Local\Temp\VMBuilds\IMU_Razor\SparkFun_sparkfun_samd_samd21_9dof\Release/core.a(PluggableUSB.cpp.o)
 .bss.__malloc_sbrk_start
                0x20000b90        0x4 c:/users/coxda/appdata/local/arduino15/packages/sparkfun/tools/arm-none-eabi-gcc/4.8.3-2014q1/bin/../lib/gcc/arm-none-eabi/4.8.3/../../../../arm-none-eabi/lib/armv6-m\libc_s.a(lib_a-nano-mallocr.o)
                0x20000b90                __malloc_sbrk_start
 .bss.__malloc_free_list
                0x20000b94        0x4 c:/users/coxda/appdata/local/arduino15/packages/sparkfun/tools/arm-none-eabi-gcc/4.8.3-2014q1/bin/../lib/gcc/arm-none-eabi/4.8.3/../../../../arm-none-eabi/lib/armv6-m\libc_s.a(lib_a-nano-mallocr.o)
                0x20000b94                __malloc_free_list
 .bss.heap_end.4243
                0x20000b98        0x4 c:/users/coxda/appdata/local/arduino15/packages/sparkfun/tools/arm-none-eabi-gcc/4.8.3-2014q1/bin/../lib/gcc/arm-none-eabi/4.8.3/../../../../arm-none-eabi/lib/armv6-m\libnosys.a(sbrk.o)
 *(COMMON)
 COMMON         0x20000b9c        0x4 c:/users/coxda/appdata/local/arduino15/packages/sparkfun/tools/arm-none-eabi-gcc/4.8.3-2014q1/bin/../lib/gcc/arm-none-eabi/4.8.3/../../../../arm-none-eabi/lib/armv6-m\libc_s.a(lib_a-reent.o)
                0x20000b9c                errno
                0x20000ba0                . = ALIGN (0x4)
                0x20000ba0                __bss_end__ = .

.heap           0x20000ba0        0x0
                0x20000ba0                __end__ = .
                0x20000ba0                PROVIDE (end, .)
 *(.heap*)
                0x20000ba0                __HeapLimit = .

.stack_dummy    0x20000ba0        0x0
 *(.stack*)
                0x20008000                __StackTop = (ORIGIN (RAM) + 0x8000)
                0x20008000                __StackLimit = (__StackTop - SIZEOF (.stack_dummy))
                0x20008000                PROVIDE (__stack, __StackTop)
                0x20007fff                __ram_end__ = ((ORIGIN (RAM) + 0x8000) - 0x1)
                0x00000001                ASSERT ((__StackLimit >= __HeapLimit), region RAM overflowed with stack)
OUTPUT(C:\Users\CoxDa\AppData\Local\Temp\VMBuilds\IMU_Razor\SparkFun_sparkfun_samd_samd21_9dof\Release/IMU_Razor.ino.elf elf32-littlearm)

.ARM.attributes
                0x00000000       0x28
 .ARM.attributes
                0x00000000       0x1e c:/users/coxda/appdata/local/arduino15/packages/sparkfun/tools/arm-none-eabi-gcc/4.8.3-2014q1/bin/../lib/gcc/arm-none-eabi/4.8.3/armv6-m/crti.o
 .ARM.attributes
                0x0000001e       0x2c c:/users/coxda/appdata/local/arduino15/packages/sparkfun/tools/arm-none-eabi-gcc/4.8.3-2014q1/bin/../lib/gcc/arm-none-eabi/4.8.3/armv6-m/crtbegin.o
 .ARM.attributes
                0x0000004a       0x32 IMU_Razor.cpp.o
 .ARM.attributes
                0x0000007c       0x32 SparkFun_MPU-9250-DMP_Arduino_Library-master\SparkFunMPU9250-DMP.cpp.o
 .ARM.attributes
                0x000000ae       0x32 SparkFun_MPU-9250-DMP_Arduino_Library-master\util\arduino_mpu9250_clk.c.o
 .ARM.attributes
                0x000000e0       0x32 SparkFun_MPU-9250-DMP_Arduino_Library-master\util\inv_mpu.c.o
 .ARM.attributes
                0x00000112       0x32 SparkFun_MPU-9250-DMP_Arduino_Library-master\util\inv_mpu_dmp_motion_driver.c.o
 .ARM.attributes
                0x00000144       0x32 SparkFun_MPU-9250-DMP_Arduino_Library-master\util\arduino_mpu9250_i2c.cpp.o
 .ARM.attributes
                0x00000176       0x32 SparkFun_MPU-9250-DMP_Arduino_Library-master\util\arduino_mpu9250_log.cpp.o
 .ARM.attributes
                0x000001a8       0x32 Wire\Wire.cpp.o
 .ARM.attributes
                0x000001da       0x32 C:\Users\CoxDa\AppData\Local\Temp\VMBCore\arduino16x\cc0fa066ff63ba17a92060839fd2b1fe\variant\variant.cpp.o
 .ARM.attributes
                0x0000020c       0x2c c:/users/coxda/appdata/local/arduino15/packages/sparkfun/tools/arm-none-eabi-gcc/4.8.3-2014q1/bin/../lib/gcc/arm-none-eabi/4.8.3/../../../../arm-none-eabi/lib/armv6-m\libm.a(lib_a-w_asin.o)
 .ARM.attributes
                0x00000238       0x2c c:/users/coxda/appdata/local/arduino15/packages/sparkfun/tools/arm-none-eabi-gcc/4.8.3-2014q1/bin/../lib/gcc/arm-none-eabi/4.8.3/../../../../arm-none-eabi/lib/armv6-m\libm.a(lib_a-w_atan2.o)
 .ARM.attributes
                0x00000264       0x2c c:/users/coxda/appdata/local/arduino15/packages/sparkfun/tools/arm-none-eabi-gcc/4.8.3-2014q1/bin/../lib/gcc/arm-none-eabi/4.8.3/../../../../arm-none-eabi/lib/armv6-m\libm.a(lib_a-e_asin.o)
 .ARM.attributes
                0x00000290       0x2c c:/users/coxda/appdata/local/arduino15/packages/sparkfun/tools/arm-none-eabi-gcc/4.8.3-2014q1/bin/../lib/gcc/arm-none-eabi/4.8.3/../../../../arm-none-eabi/lib/armv6-m\libm.a(lib_a-e_atan2.o)
 .ARM.attributes
                0x000002bc       0x2c c:/users/coxda/appdata/local/arduino15/packages/sparkfun/tools/arm-none-eabi-gcc/4.8.3-2014q1/bin/../lib/gcc/arm-none-eabi/4.8.3/../../../../arm-none-eabi/lib/armv6-m\libm.a(lib_a-e_sqrt.o)
 .ARM.attributes