Archive member included because of file (symbol)

c:/users/david/appdata/local/arduino15/packages/sparkfun/tools/arm-none-eabi-gcc/4.8.3-2014q1/bin/../lib/gcc/arm-none-eabi/4.8.3/../../../../arm-none-eabi/lib/armv6-m\libm.a(lib_a-w_asin.o)
                              SparkFun_MPU-9250-DMP_v2\SparkFunMPU9250-DMP_2.cpp.o (asin)
c:/users/david/appdata/local/arduino15/packages/sparkfun/tools/arm-none-eabi-gcc/4.8.3-2014q1/bin/../lib/gcc/arm-none-eabi/4.8.3/../../../../arm-none-eabi/lib/armv6-m\libm.a(lib_a-w_atan2.o)
                              SparkFun_MPU-9250-DMP_v2\SparkFunMPU9250-DMP_2.cpp.o (atan2)
c:/users/david/appdata/local/arduino15/packages/sparkfun/tools/arm-none-eabi-gcc/4.8.3-2014q1/bin/../lib/gcc/arm-none-eabi/4.8.3/../../../../arm-none-eabi/lib/armv6-m\libm.a(lib_a-e_asin.o)
                              c:/users/david/appdata/local/arduino15/packages/sparkfun/tools/arm-none-eabi-gcc/4.8.3-2014q1/bin/../lib/gcc/arm-none-eabi/4.8.3/../../../../arm-none-eabi/lib/armv6-m\libm.a(lib_a-w_asin.o) (__ieee754_asin)
c:/users/david/appdata/local/arduino15/packages/sparkfun/tools/arm-none-eabi-gcc/4.8.3-2014q1/bin/../lib/gcc/arm-none-eabi/4.8.3/../../../../arm-none-eabi/lib/armv6-m\libm.a(lib_a-e_atan2.o)
                              c:/users/david/appdata/local/arduino15/packages/sparkfun/tools/arm-none-eabi-gcc/4.8.3-2014q1/bin/../lib/gcc/arm-none-eabi/4.8.3/../../../../arm-none-eabi/lib/armv6-m\libm.a(lib_a-w_atan2.o) (__ieee754_atan2)
c:/users/david/appdata/local/arduino15/packages/sparkfun/tools/arm-none-eabi-gcc/4.8.3-2014q1/bin/../lib/gcc/arm-none-eabi/4.8.3/../../../../arm-none-eabi/lib/armv6-m\libm.a(lib_a-e_sqrt.o)
                              c:/users/david/appdata/local/arduino15/packages/sparkfun/tools/arm-none-eabi-gcc/4.8.3-2014q1/bin/../lib/gcc/arm-none-eabi/4.8.3/../../../../arm-none-eabi/lib/armv6-m\libm.a(lib_a-e_asin.o) (__ieee754_sqrt)
c:/users/david/appdata/local/arduino15/packages/sparkfun/tools/arm-none-eabi-gcc/4.8.3-2014q1/bin/../lib/gcc/arm-none-eabi/4.8.3/../../../../arm-none-eabi/lib/armv6-m\libm.a(lib_a-s_atan.o)
                              c:/users/david/appdata/local/arduino15/packages/sparkfun/tools/arm-none-eabi-gcc/4.8.3-2014q1/bin/../lib/gcc/arm-none-eabi/4.8.3/../../../../arm-none-eabi/lib/armv6-m\libm.a(lib_a-e_atan2.o) (atan)
c:/users/david/appdata/local/arduino15/packages/sparkfun/tools/arm-none-eabi-gcc/4.8.3-2014q1/bin/../lib/gcc/arm-none-eabi/4.8.3/../../../../arm-none-eabi/lib/armv6-m\libm.a(lib_a-s_fabs.o)
                              c:/users/david/appdata/local/arduino15/packages/sparkfun/tools/arm-none-eabi-gcc/4.8.3-2014q1/bin/../lib/gcc/arm-none-eabi/4.8.3/../../../../arm-none-eabi/lib/armv6-m\libm.a(lib_a-w_asin.o) (fabs)
c:/users/david/appdata/local/arduino15/packages/sparkfun/tools/arm-none-eabi-gcc/4.8.3-2014q1/bin/../lib/gcc/arm-none-eabi/4.8.3/../../../../arm-none-eabi/lib/armv6-m\libm.a(lib_a-s_fpclassify.o)
                              c:/users/david/appdata/local/arduino15/packages/sparkfun/tools/arm-none-eabi-gcc/4.8.3-2014q1/bin/../lib/gcc/arm-none-eabi/4.8.3/../../../../arm-none-eabi/lib/armv6-m\libm.a(lib_a-w_asin.o) (__fpclassifyd)
c:/users/david/appdata/local/arduino15/packages/sparkfun/tools/arm-none-eabi-gcc/4.8.3-2014q1/bin/../lib/gcc/arm-none-eabi/4.8.3/../../../../arm-none-eabi/lib/armv6-m\libm.a(lib_a-s_lib_ver.o)
                              c:/users/david/appdata/local/arduino15/packages/sparkfun/tools/arm-none-eabi-gcc/4.8.3-2014q1/bin/../lib/gcc/arm-none-eabi/4.8.3/../../../../arm-none-eabi/lib/armv6-m\libm.a(lib_a-w_asin.o) (__fdlib_version)
c:/users/david/appdata/local/arduino15/packages/sparkfun/tools/arm-none-eabi-gcc/4.8.3-2014q1/bin/../lib/gcc/arm-none-eabi/4.8.3/../../../../arm-none-eabi/lib/armv6-m\libm.a(lib_a-s_matherr.o)
                              c:/users/david/appdata/local/arduino15/packages/sparkfun/tools/arm-none-eabi-gcc/4.8.3-2014q1/bin/../lib/gcc/arm-none-eabi/4.8.3/../../../../arm-none-eabi/lib/armv6-m\libm.a(lib_a-w_asin.o) (matherr)
c:/users/david/appdata/local/arduino15/packages/sparkfun/tools/arm-none-eabi-gcc/4.8.3-2014q1/bin/../lib/gcc/arm-none-eabi/4.8.3/../../../../arm-none-eabi/lib/armv6-m\libm.a(lib_a-s_nan.o)
                              c:/users/david/appdata/local/arduino15/packages/sparkfun/tools/arm-none-eabi-gcc/4.8.3-2014q1/bin/../lib/gcc/arm-none-eabi/4.8.3/../../../../arm-none-eabi/lib/armv6-m\libm.a(lib_a-w_asin.o) (nan)
C:\Users\David\AppData\Local\Temp\VMBuilds\IMU_Razor\SparkFun_sparkfun_samd_samd21_9dof\Release/core.a(cortex_handlers.c.o)
                              (Reset_Handler)
C:\Users\David\AppData\Local\Temp\VMBuilds\IMU_Razor\SparkFun_sparkfun_samd_samd21_9dof\Release/core.a(delay.c.o)
                              SparkFun_MPU-9250-DMP_v2\util\arduino_mpu9250_clk.c.o (millis)
C:\Users\David\AppData\Local\Temp\VMBuilds\IMU_Razor\SparkFun_sparkfun_samd_samd21_9dof\Release/core.a(hooks.c.o)
[...]
Memory Configuration

Name             Origin             Length             Attributes
FLASH            0x00002000         0x0003e000         xr
RAM              0x20000000         0x00008000         xrw
*default*        0x00000000         0xffffffff

Linker script and memory map

LOAD c:/users/david/appdata/local/arduino15/packages/sparkfun/tools/arm-none-eabi-gcc/4.8.3-2014q1/bin/../lib/gcc/arm-none-eabi/4.8.3/armv6-m/crti.o
LOAD c:/users/david/appdata/local/arduino15/packages/sparkfun/tools/arm-none-eabi-gcc/4.8.3-2014q1/bin/../lib/gcc/arm-none-eabi/4.8.3/armv6-m/crtbegin.o
LOAD c:/users/david/appdata/local/arduino15/packages/sparkfun/tools/arm-none-eabi-gcc/4.8.3-2014q1/bin/../lib/gcc/arm-none-eabi/4.8.3/../../../../arm-none-eabi/lib/armv6-m/crt0.o
LOAD IMU_Razor.cpp.o
LOAD SparkFun_MPU-9250-DMP_v2\SparkFunMPU9250-DMP_2.cpp.o
LOAD SparkFun_MPU-9250-DMP_v2\util\arduino_mpu9250_clk.c.o
LOAD SparkFun_MPU-9250-DMP_v2\util\inv_mpu.c.o
LOAD SparkFun_MPU-9250-DMP_v2\util\inv_mpu_dmp_motion_driver.c.o
LOAD SparkFun_MPU-9250-DMP_v2\util\arduino_mpu9250_i2c.cpp.o
LOAD SparkFun_MPU-9250-DMP_v2\util\arduino_mpu9250_log.cpp.o
LOAD Wire\Wire.cpp.o
LOAD C:\Users\David\AppData\Local\Temp\VMBCore\arduino16x\73a724ad7aa31d4094c3317bc736596a\variant\variant.cpp.o
START GROUP
LOAD C:\Users\David\AppData\Local\arduino15\packages\arduino\tools\CMSIS\4.5.0/CMSIS/Lib/GCC/\libarm_cortexM0l_math.a
LOAD c:/users/david/appdata/local/arduino15/packages/sparkfun/tools/arm-none-eabi-gcc/4.8.3-2014q1/bin/../lib/gcc/arm-none-eabi/4.8.3/../../../../arm-none-eabi/lib/armv6-m\libm.a
LOAD C:\Users\David\AppData\Local\Temp\VMBuilds\IMU_Razor\SparkFun_sparkfun_samd_samd21_9dof\Release/core.a
END GROUP
START GROUP
LOAD c:/users/david/appdata/local/arduino15/packages/sparkfun/tools/arm-none-eabi-gcc/4.8.3-2014q1/bin/../lib/gcc/arm-none-eabi/4.8.3/armv6-m\libgcc.a
LOAD c:/users/david/appdata/local/arduino15/packages/sparkfun/tools/arm-none-eabi-gcc/4.8.3-2014q1/bin/../lib/gcc/arm-none-eabi/4.8.3/../../../../arm-none-eabi/lib/armv6-m\libc_s.a
END GROUP
START GROUP
LOAD c:/users/david/appdata/local/arduino15/packages/sparkfun/tools/arm-none-eabi-gcc/4.8.3-2014q1/bin/../lib/gcc/arm-none-eabi/4.8.3/armv6-m\libgcc.a
LOAD c:/users/david/appdata/local/arduino15/packages/sparkfun/tools/arm-none-eabi-gcc/4.8.3-2014q1/bin/../lib/gcc/arm-none-eabi/4.8.3/../../../../arm-none-eabi/lib/armv6-m\libc_s.a
LOAD c:/users/david/appdata/local/arduino15/packages/sparkfun/tools/arm-none-eabi-gcc/4.8.3-2014q1/bin/../lib/gcc/arm-none-eabi/4.8.3/../../../../arm-none-eabi/lib/armv6-m\libnosys.a
END GROUP
START GROUP
LOAD c:/users/david/appdata/local/arduino15/packages/sparkfun/tools/arm-none-eabi-gcc/4.8.3-2014q1/bin/../lib/gcc/arm-none-eabi/4.8.3/armv6-m\libgcc.a
LOAD c:/users/david/appdata/local/arduino15/packages/sparkfun/tools/arm-none-eabi-gcc/4.8.3-2014q1/bin/../lib/gcc/arm-none-eabi/4.8.3/../../../../arm-none-eabi/lib/armv6-m\libc_s.a
LOAD c:/users/david/appdata/local/arduino15/packages/sparkfun/tools/arm-none-eabi-gcc/4.8.3-2014q1/bin/../lib/gcc/arm-none-eabi/4.8.3/../../../../arm-none-eabi/lib/armv6-m\libnosys.a
END GROUP
LOAD c:/users/david/appdata/local/arduino15/packages/sparkfun/tools/arm-none-eabi-gcc/4.8.3-2014q1/bin/../lib/gcc/arm-none-eabi/4.8.3/armv6-m/crtend.o
LOAD c:/users/david/appdata/local/arduino15/packages/sparkfun/tools/arm-none-eabi-gcc/4.8.3-2014q1/bin/../lib/gcc/arm-none-eabi/4.8.3/armv6-m/crtn.o

.text           0x00002000     0x9220
 *(.isr_vector)
 .isr_vector    0x00002000       0xb4 C:\Users\David\AppData\Local\Temp\VMBuilds\IMU_Razor\SparkFun_sparkfun_samd_samd21_9dof\Release/core.a(cortex_handlers.c.o)
                0x00002000                exception_table
 *(.text*)
 .text          0x000020b4       0x60 c:/users/david/appdata/local/arduino15/packages/sparkfun/tools/arm-none-eabi-gcc/4.8.3-2014q1/bin/../lib/gcc/arm-none-eabi/4.8.3/armv6-m/crtbegin.o
 .text.startup._GLOBAL__sub_I_imu
                0x00002114       0x10 IMU_Razor.cpp.o
 .text.setup    0x00002124       0x9c IMU_Razor.cpp.o
                0x00002124                setup
 .text._Z15CommToAutoSteerv
                0x000021c0       0x64 IMU_Razor.cpp.o
                0x000021c0                CommToAutoSteer()
 .text.loop     0x00002224       0x2c IMU_Razor.cpp.o
                0x00002224                loop
 .text._ZN11MPU9250_DMPC2Ev
                0x00002250       0x18 SparkFun_MPU-9250-DMP_v2\SparkFunMPU9250-DMP_2.cpp.o
                0x00002250                MPU9250_DMP::MPU9250_DMP()
                0x00002250                MPU9250_DMP::MPU9250_DMP()
 .text._ZN11MPU9250_DMP11getGyroSensEv
                0x00002268       0x14 SparkFun_MPU-9250-DMP_v2\SparkFunMPU9250-DMP_2.cpp.o
                0x00002268                MPU9250_DMP::getGyroSens()
 .text._ZN11MPU9250_DMP12getAccelSensEv
                0x0000227c       0x18 SparkFun_MPU-9250-DMP_v2\SparkFunMPU9250-DMP_2.cpp.o
                0x0000227c                MPU9250_DMP::getAccelSens()
 .text._ZN11MPU9250_DMP5beginEv
                0x00002294       0x3c SparkFun_MPU-9250-DMP_v2\SparkFunMPU9250-DMP_2.cpp.o
                0x00002294                MPU9250_DMP::begin()
 .text._ZN11MPU9250_DMP13fifoAvailableEv
                0x000022d0       0x30 SparkFun_MPU-9250-DMP_v2\SparkFunMPU9250-DMP_2.cpp.o
                0x000022d0                MPU9250_DMP::fifoAvailable()
 .text._ZN11MPU9250_DMP14dmpSetFifoRateEt
                0x00002300       0x12 SparkFun_MPU-9250-DMP_v2\SparkFunMPU9250-DMP_2.cpp.o
                0x00002300                MPU9250_DMP::dmpSetFifoRate(unsigned short)
 .text._ZN11MPU9250_DMP8dmpBeginEtt
                0x00002312       0x68 SparkFun_MPU-9250-DMP_v2\SparkFunMPU9250-DMP_2.cpp.o
                0x00002312                MPU9250_DMP::dmpBegin(unsigned short, unsigned short)
 .text._ZN11MPU9250_DMP13dmpUpdateFifoEv
                0x0000237a       0x7c SparkFun_MPU-9250-DMP_v2\SparkFunMPU9250-DMP_2.cpp.o
                0x0000237a                MPU9250_DMP::dmpUpdateFifo()
 .text._ZN11MPU9250_DMP8qToFloatElh
                0x000023f6       0x46 SparkFun_MPU-9250-DMP_v2\SparkFunMPU9250-DMP_2.cpp.o
                0x000023f6                MPU9250_DMP::qToFloat(long, unsigned char)
 *fill*         0x0000243c        0x4 
 .text._ZN11MPU9250_DMP18computeEulerAnglesEb
                0x00002440      0x208 SparkFun_MPU-9250-DMP_v2\SparkFunMPU9250-DMP_2.cpp.o
                0x00002440                MPU9250_DMP::computeEulerAngles(bool)
 .text.arduino_get_clock_ms
                0x00002648        0xe SparkFun_MPU-9250-DMP_v2\util\arduino_mpu9250_clk.c.o
                0x00002648                arduino_get_clock_ms
 .text.arduino_delay_ms
                0x00002656        0xa SparkFun_MPU-9250-DMP_v2\util\arduino_mpu9250_clk.c.o
                0x00002656                arduino_delay_ms
 .text.set_int_enable
                0x00002660       0x6c SparkFun_MPU-9250-DMP_v2\util\inv_mpu.c.o
                0x00002660                set_int_enable
 .text.mpu_read_reg
                0x000026cc       0x34 SparkFun_MPU-9250-DMP_v2\util\inv_mpu.c.o
                0x000026cc                mpu_read_reg
 .text.mpu_reset_fifo
                0x00002700      0x14c SparkFun_MPU-9250-DMP_v2\util\inv_mpu.c.o
                0x00002700                mpu_reset_fifo
 .text.mpu_set_gyro_fsr
                0x0000284c       0x70 SparkFun_MPU-9250-DMP_v2\util\inv_mpu.c.o
                0x0000284c                mpu_set_gyro_fsr
 .text.mpu_get_accel_fsr
                0x000028bc       0x40 SparkFun_MPU-9250-DMP_v2\util\inv_mpu.c.o
                0x000028bc                mpu_get_accel_fsr
 .text.mpu_set_accel_fsr
                0x000028fc       0x64 SparkFun_MPU-9250-DMP_v2\util\inv_mpu.c.o
                0x000028fc                mpu_set_accel_fsr
 .text.mpu_set_lpf
                0x00002960       0x60 SparkFun_MPU-9250-DMP_v2\util\inv_mpu.c.o
                0x00002960                mpu_set_lpf
 .text.mpu_set_compass_sample_rate
                0x000029c0       0x50 SparkFun_MPU-9250-DMP_v2\util\inv_mpu.c.o
                0x000029c0                mpu_set_compass_sample_rate
 .text.mpu_get_gyro_sens
                0x00002a10       0x44 SparkFun_MPU-9250-DMP_v2\util\inv_mpu.c.o
                0x00002a10                mpu_get_gyro_sens
 .text.mpu_get_accel_sens
                0x00002a54       0x40 SparkFun_MPU-9250-DMP_v2\util\inv_mpu.c.o
                0x00002a54                mpu_get_accel_sens
 .text.mpu_configure_fifo
                0x00002a94       0x5c SparkFun_MPU-9250-DMP_v2\util\inv_mpu.c.o
                0x00002a94                mpu_configure_fifo
 .text.mpu_read_fifo_stream
                0x00002af0       0xa4 SparkFun_MPU-9250-DMP_v2\util\inv_mpu.c.o
                0x00002af0                mpu_read_fifo_stream
 .text.mpu_set_bypass
                0x00002b94       0xd0 SparkFun_MPU-9250-DMP_v2\util\inv_mpu.c.o
                0x00002b94                mpu_set_bypass
 .text.mpu_set_int_latched
                0x00002c64       0x64 SparkFun_MPU-9250-DMP_v2\util\inv_mpu.c.o
                0x00002c64                mpu_set_int_latched
 .text.mpu_lp_accel_mode
                0x00002cc8       0xa4 SparkFun_MPU-9250-DMP_v2\util\inv_mpu.c.o
                0x00002cc8                mpu_lp_accel_mode
 .text.mpu_set_sample_rate
                0x00002d6c       0x9c SparkFun_MPU-9250-DMP_v2\util\inv_mpu.c.o
                0x00002d6c                mpu_set_sample_rate
 .text.mpu_set_sensors
                0x00002e08      0x124 SparkFun_MPU-9250-DMP_v2\util\inv_mpu.c.o
                0x00002e08                mpu_set_sensors
 .text.mpu_init
                0x00002f2c      0x288 SparkFun_MPU-9250-DMP_v2\util\inv_mpu.c.o
                0x00002f2c                mpu_init
 .text.mpu_write_mem
                0x000031b4       0x58 SparkFun_MPU-9250-DMP_v2\util\inv_mpu.c.o
                0x000031b4                mpu_write_mem
 .text.mpu_read_mem
                0x0000320c       0x58 SparkFun_MPU-9250-DMP_v2\util\inv_mpu.c.o
                0x0000320c                mpu_read_mem
 .text.mpu_load_firmware
                0x00003264       0x9c SparkFun_MPU-9250-DMP_v2\util\inv_mpu.c.o
                0x00003264                mpu_load_firmware
 .text.mpu_set_dmp_state
                0x00003300       0x78 SparkFun_MPU-9250-DMP_v2\util\inv_mpu.c.o
                0x00003300                mpu_set_dmp_state
 .text.dmp_enable_gyro_cal.part.0
                0x00003378       0x24 SparkFun_MPU-9250-DMP_v2\util\inv_mpu_dmp_motion_driver.c.o
 .text.dmp_load_motion_driver_firmware
                0x0000339c       0x1c SparkFun_MPU-9250-DMP_v2\util\inv_mpu_dmp_motion_driver.c.o
                0x0000339c                dmp_load_motion_driver_firmware
 .text.dmp_set_fifo_rate
                0x000033b8       0x64 SparkFun_MPU-9250-DMP_v2\util\inv_mpu_dmp_motion_driver.c.o
                0x000033b8                dmp_set_fifo_rate
 .text.dmp_set_tap_thresh
                0x0000341c      0x148 SparkFun_MPU-9250-DMP_v2\util\inv_mpu_dmp_motion_driver.c.o
                0x0000341c                dmp_set_tap_thresh
 .text.dmp_set_tap_axes
                0x00003564       0x36 SparkFun_MPU-9250-DMP_v2\util\inv_mpu_dmp_motion_driver.c.o
                0x00003564                dmp_set_tap_axes
 .text.dmp_set_tap_count
                0x0000359a       0x26 SparkFun_MPU-9250-DMP_v2\util\inv_mpu_dmp_motion_driver.c.o
                0x0000359a                dmp_set_tap_count
 .text.dmp_set_tap_time
                0x000035c0       0x1e SparkFun_MPU-9250-DMP_v2\util\inv_mpu_dmp_motion_driver.c.o
                0x000035c0                dmp_set_tap_time
 .text.dmp_set_tap_time_multi
                0x000035de       0x1e SparkFun_MPU-9250-DMP_v2\util\inv_mpu_dmp_motion_driver.c.o
                0x000035de                dmp_set_tap_time_multi
 .text.dmp_set_shake_reject_thresh
                0x000035fc       0x2c SparkFun_MPU-9250-DMP_v2\util\inv_mpu_dmp_motion_driver.c.o
                0x000035fc                dmp_set_shake_reject_thresh
 .text.dmp_set_shake_reject_time
                0x00003628       0x1e SparkFun_MPU-9250-DMP_v2\util\inv_mpu_dmp_motion_driver.c.o
                0x00003628                dmp_set_shake_reject_time
 .text.dmp_set_shake_reject_timeout
                0x00003646       0x1e SparkFun_MPU-9250-DMP_v2\util\inv_mpu_dmp_motion_driver.c.o
                0x00003646                dmp_set_shake_reject_timeout
 .text.dmp_enable_gyro_cal
                0x00003664       0x2c SparkFun_MPU-9250-DMP_v2\util\inv_mpu_dmp_motion_driver.c.o
                0x00003664                dmp_enable_gyro_cal
 .text.dmp_enable_lp_quat
                0x00003690       0x34 SparkFun_MPU-9250-DMP_v2\util\inv_mpu_dmp_motion_driver.c.o
                0x00003690                dmp_enable_lp_quat
 .text.dmp_enable_6x_lp_quat
                0x000036c4       0x34 SparkFun_MPU-9250-DMP_v2\util\inv_mpu_dmp_motion_driver.c.o
                0x000036c4                dmp_enable_6x_lp_quat
 .text.dmp_enable_feature
                0x000036f8      0x1b4 SparkFun_MPU-9250-DMP_v2\util\inv_mpu_dmp_motion_driver.c.o
                0x000036f8                dmp_enable_feature
 .text.dmp_read_fifo
                0x000038ac      0x198 SparkFun_MPU-9250-DMP_v2\util\inv_mpu_dmp_motion_driver.c.o
                0x000038ac                dmp_read_fifo
 .text.arduino_i2c_write
                0x00003a44       0x44 SparkFun_MPU-9250-DMP_v2\util\arduino_mpu9250_i2c.cpp.o
                0x00003a44                arduino_i2c_write
 .text.arduino_i2c_read
                0x00003a88       0x4c SparkFun_MPU-9250-DMP_v2\util\arduino_mpu9250_i2c.cpp.o
                0x00003a88                arduino_i2c_read
 .text._MLPrintLog
                0x00003ad4        0x6 SparkFun_MPU-9250-DMP_v2\util\arduino_mpu9250_log.cpp.o
                0x00003ad4                _MLPrintLog
 .text._ZN5Print17availableForWriteEv
                0x00003ada        0x4 Wire\Wire.cpp.o
                0x00003ada                Print::availableForWrite()
 .text._ZN7TwoWire5writeEPKhj
                0x00003ade       0x24 Wire\Wire.cpp.o
                0x00003ade                TwoWire::write(unsigned char const*, unsigned int)
 .text._ZN7TwoWire5flushEv
                0x00003b02        0x2 Wire\Wire.cpp.o
                0x00003b02                TwoWire::flush()
 .text._ZN7TwoWire4peekEv
                0x00003b04       0x1a Wire\Wire.cpp.o
                0x00003b04                TwoWire::peek()
 .text._ZN7TwoWire9availableEv
                0x00003b1e       0x12 Wire\Wire.cpp.o
                0x00003b1e                TwoWire::available()
 .text._ZN7TwoWireC2EP6SERCOMhh
                0x00003b30       0x5c Wire\Wire.cpp.o
                0x00003b30                TwoWire::TwoWire(SERCOM*, unsigned char, unsigned char)
                0x00003b30                TwoWire::TwoWire(SERCOM*, unsigned char, unsigned char)
 .text._ZN7TwoWire5beginEv
                0x00003b8c       0x40 Wire\Wire.cpp.o
                0x00003b8c                TwoWire::begin()
 .text._ZN7TwoWire17beginTransmissionEh
                0x00003bcc       0x18 Wire\Wire.cpp.o
                0x00003bcc                TwoWire::beginTransmission(unsigned char)
 .text._ZN11RingBufferNILi256EE10store_charEh
                0x00003be4       0x1a Wire\Wire.cpp.o
                0x00003be4                RingBufferN<256>::store_char(unsigned char)
 .text._ZN7TwoWire11requestFromEhjb
                0x00003bfe       0x76 Wire\Wire.cpp.o
                0x00003bfe                TwoWire::requestFrom(unsigned char, unsigned int, bool)
 .text._ZN7TwoWire11requestFromEhj
                0x00003c74        0xa Wire\Wire.cpp.o
                0x00003c74                TwoWire::requestFrom(unsigned char, unsigned int)
 .text._ZN7TwoWire5writeEh
                0x00003c7e       0x2a Wire\Wire.cpp.o
                0x00003c7e                TwoWire::write(unsigned char)
 .text._ZN11RingBufferNILi256EE9read_charEv
                0x00003ca8       0x20 Wire\Wire.cpp.o
                0x00003ca8                RingBufferN<256>::read_char()
 .text._ZN7TwoWire15endTransmissionEb
                0x00003cc8       0x72 Wire\Wire.cpp.o
                0x00003cc8                TwoWire::endTransmission(bool)
 .text._ZN7TwoWire4readEv
                0x00003d3a        0xa Wire\Wire.cpp.o
                0x00003d3a                TwoWire::read()
 .text._ZN7TwoWire9onServiceEv
                0x00003d44      0x11c Wire\Wire.cpp.o
                0x00003d44                TwoWire::onService()
 .text.SERCOM3_Handler
                0x00003e60       0x10 Wire\Wire.cpp.o
                0x00003e60                SERCOM3_Handler
 .text.startup._GLOBAL__sub_I__ZN7TwoWireC2EP6SERCOMhh
                0x00003e70       0x18 Wire\Wire.cpp.o
 .text.SERCOM0_Handler
                0x00003e88       0x10 C:\Users\David\AppData\Local\Temp\VMBCore\arduino16x\73a724ad7aa31d4094c3317bc736596a\variant\variant.cpp.o
                0x00003e88                SERCOM0_Handler
 .text.SERCOM5_Handler
                0x00003e98       0x10 C:\Users\David\AppData\Local\Temp\VMBCore\arduino16x\73a724ad7aa31d4094c3317bc736596a\variant\variant.cpp.o
                0x00003e98                SERCOM5_Handler
 .text.startup._GLOBAL__sub_I_g_APinDescription
                0x00003ea8       0x94 C:\Users\David\AppData\Local\Temp\VMBCore\arduino16x\73a724ad7aa31d4094c3317bc736596a\variant\variant.cpp.o
 *fill*         0x00003f3c        0x4 
 .text.asin     0x00003f40       0xb8 c:/users/david/appdata/local/arduino15/packages/sparkfun/tools/arm-none-eabi-gcc/4.8.3-2014q1/bin/../lib/gcc/arm-none-eabi/4.8.3/../../../../arm-none-eabi/lib/armv6-m\libm.a(lib_a-w_asin.o)
                0x00003f40                asin
 .text.atan2    0x00003ff8        0x8 c:/users/david/appdata/local/arduino15/packages/sparkfun/tools/arm-none-eabi-gcc/4.8.3-2014q1/bin/../lib/gcc/arm-none-eabi/4.8.3/../../../../arm-none-eabi/lib/armv6-m\libm.a(lib_a-w_atan2.o)
                0x00003ff8                atan2
 .text.__ieee754_asin
                0x00004000      0x448 c:/users/david/appdata/local/arduino15/packages/sparkfun/tools/arm-none-eabi-gcc/4.8.3-2014q1/bin/../lib/gcc/arm-none-eabi/4.8.3/../../../../arm-none-eabi/lib/armv6-m\libm.a(lib_a-e_asin.o)
                0x00004000                __ieee754_asin
 .text.__ieee754_atan2
                0x00004448      0x208 c:/users/david/appdata/local/arduino15/packages/sparkfun/tools/arm-none-eabi-gcc/4.8.3-2014q1/bin/../lib/gcc/arm-none-eabi/4.8.3/../../../../arm-none-eabi/lib/armv6-m\libm.a(lib_a-e_atan2.o)
                0x00004448                __ieee754_atan2
 .text.__ieee754_sqrt
                0x00004650      0x1cc c:/users/david/appdata/local/arduino15/packages/sparkfun/tools/arm-none-eabi-gcc/4.8.3-2014q1/bin/../lib/gcc/arm-none-eabi/4.8.3/../../../../arm-none-eabi/lib/armv6-m\libm.a(lib_a-e_sqrt.o)
                0x00004650                __ieee754_sqrt
 *fill*         0x0000481c        0x4 
 .text.atan     0x00004820      0x350 c:/users/david/appdata/local/arduino15/packages/sparkfun/tools/arm-none-eabi-gcc/4.8.3-2014q1/bin/../lib/gcc/arm-none-eabi/4.8.3/../../../../arm-none-eabi/lib/armv6-m\libm.a(lib_a-s_atan.o)
                0x00004820                atan
 .text.fabs     0x00004b70        0x8 c:/users/david/appdata/local/arduino15/packages/sparkfun/tools/arm-none-eabi-gcc/4.8.3-2014q1/bin/../lib/gcc/arm-none-eabi/4.8.3/../../../../arm-none-eabi/lib/armv6-m\libm.a(lib_a-s_fabs.o)
                0x00004b70                fabs
 .text.__fpclassifyd
                0x00004b78       0x60 c:/users/david/appdata/local/arduino15/packages/sparkfun/tools/arm-none-eabi-gcc/4.8.3-2014q1/bin/../lib/gcc/arm-none-eabi/4.8.3/../../../../arm-none-eabi/lib/armv6-m\libm.a(lib_a-s_fpclassify.o)
                0x00004b78                __fpclassifyd
 .text.matherr  0x00004bd8        0x4 c:/users/david/appdata/local/arduino15/packages/sparkfun/tools/arm-none-eabi-gcc/4.8.3-2014q1/bin/../lib/gcc/arm-none-eabi/4.8.3/../../../../arm-none-eabi/lib/armv6-m\libm.a(lib_a-s_matherr.o)
                0x00004bd8                matherr
 *fill*         0x00004bdc        0x4 
 .text.nan      0x00004be0       0x10 c:/users/david/appdata/local/arduino15/packages/sparkfun/tools/arm-none-eabi-gcc/4.8.3-2014q1/bin/../lib/gcc/arm-none-eabi/4.8.3/../../../../arm-none-eabi/lib/armv6-m\libm.a(lib_a-s_nan.o)
                0x00004be0                nan
 .text.Dummy_Handler
                0x00004bf0        0x2 C:\Users\David\AppData\Local\Temp\VMBuilds\IMU_Razor\SparkFun_sparkfun_samd_samd21_9dof\Release/core.a(cortex_handlers.c.o)
                0x00004bf0                DMAC_Handler
                0x00004bf0                HardFault_Handler
                0x00004bf0                AC_Handler
                0x00004bf0                PendSV_Handler
                0x00004bf0                NMI_Handler
                0x00004bf0                TC7_Handler
                0x00004bf0                SERCOM1_Handler
                0x00004bf0                ADC_Handler
                0x00004bf0                TCC1_Handler
                0x00004bf0                SERCOM2_Handler
                0x00004bf0                TCC0_Handler
                0x00004bf0                RTC_Handler
                0x00004bf0                EIC_Handler
                0x00004bf0                TC6_Handler
                0x00004bf0                WDT_Handler
                0x00004bf0                TC4_Handler
                0x00004bf0                TC3_Handler
                0x00004bf0                Dummy_Handler
                0x00004bf0                PM_Handler
                0x00004bf0                SVC_Handler
                0x00004bf0                TCC2_Handler
                0x00004bf0                EVSYS_Handler
                0x00004bf0                SERCOM4_Handler
                0x00004bf0                I2S_Handler
                0x00004bf0                NVMCTRL_Handler
                0x00004bf0                DAC_Handler
                0x00004bf0                PTC_Handler
                0x00004bf0                SYSCTRL_Handler
 *fill*         0x00004bf2        0x2 
 .text.USB_Handler
                0x00004bf4       0x14 C:\Users\David\AppData\Local\Temp\VMBuilds\IMU_Razor\SparkFun_sparkfun_samd_samd21_9dof\Release/core.a(cortex_handlers.c.o)
                0x00004bf4                USB_Handler
 .text.Reset_Handler
                0x00004c08       0x54 C:\Users\David\AppData\Local\Temp\VMBuilds\IMU_Razor\SparkFun_sparkfun_samd_samd21_9dof\Release/core.a(cortex_handlers.c.o)
                0x00004c08                Reset_Handler
 .text.SysTick_Handler
                0x00004c5c       0x10 C:\Users\David\AppData\Local\Temp\VMBuilds\IMU_Razor\SparkFun_sparkfun_samd_samd21_9dof\Release/core.a(cortex_handlers.c.o)
                0x00004c5c                SysTick_Handler
 .text.USB_SetHandler
                0x00004c6c        0xc C:\Users\David\AppData\Local\Temp\VMBuilds\IMU_Razor\SparkFun_sparkfun_samd_samd21_9dof\Release/core.a(cortex_handlers.c.o)
                0x00004c6c                USB_SetHandler
 .text.millis   0x00004c78        0xc C:\Users\David\AppData\Local\Temp\VMBuilds\IMU_Razor\SparkFun_sparkfun_samd_samd21_9dof\Release/core.a(delay.c.o)
                0x00004c78                millis
 .text.delay    0x00004c84       0x20 C:\Users\David\AppData\Local\Temp\VMBuilds\IMU_Razor\SparkFun_sparkfun_samd_samd21_9dof\Release/core.a(delay.c.o)
                0x00004c84                delay
 .text.SysTick_DefaultHandler
                0x00004ca4       0x14 C:\Users\David\AppData\Local\Temp\VMBuilds\IMU_Razor\SparkFun_sparkfun_samd_samd21_9dof\Release/core.a(delay.c.o)
                0x00004ca4                SysTick_DefaultHandler
 .text.__empty  0x00004cb8        0x2 C:\Users\David\AppData\Local\Temp\VMBuilds\IMU_Razor\SparkFun_sparkfun_samd_samd21_9dof\Release/core.a(hooks.c.o)
                0x00004cb8                yield
 .text.__false  0x00004cba        0x4 C:\Users\David\AppData\Local\Temp\VMBuilds\IMU_Razor\SparkFun_sparkfun_samd_samd21_9dof\Release/core.a(hooks.c.o)
                0x00004cba                sysTickHook
 *fill*         0x00004cbe        0x2 
 .text.SystemInit
                0x00004cc0      0x168 C:\Users\David\AppData\Local\Temp\VMBuilds\IMU_Razor\SparkFun_sparkfun_samd_samd21_9dof\Release/core.a(startup.c.o)
                0x00004cc0                SystemInit
 .text.init     0x00004e28       0xf0 C:\Users\David\AppData\Local\Temp\VMBuilds\IMU_Razor\SparkFun_sparkfun_samd_samd21_9dof\Release/core.a(wiring.c.o)
                0x00004e28                init
 .text.analogReference
                0x00004f18       0x5c C:\Users\David\AppData\Local\Temp\VMBuilds\IMU_Razor\SparkFun_sparkfun_samd_samd21_9dof\Release/core.a(wiring_analog.c.o)
                0x00004f18                analogReference
 .text.pinMode  0x00004f74       0xb4 C:\Users\David\AppData\Local\Temp\VMBuilds\IMU_Razor\SparkFun_sparkfun_samd_samd21_9dof\Release/core.a(wiring_digital.c.o)
                0x00004f74                pinMode
 .text.digitalWrite
                0x00005028       0x60 C:\Users\David\AppData\Local\Temp\VMBuilds\IMU_Razor\SparkFun_sparkfun_samd_samd21_9dof\Release/core.a(wiring_digital.c.o)
                0x00005028                digitalWrite
 .text.pinPeripheral
                0x00005088       0xc4 C:\Users\David\AppData\Local\Temp\VMBuilds\IMU_Razor\SparkFun_sparkfun_samd_samd21_9dof\Release/core.a(wiring_private.c.o)
                0x00005088                pinPeripheral
 .text._Z11initVariantv
                0x0000514c        0x2 C:\Users\David\AppData\Local\Temp\VMBuilds\IMU_Razor\SparkFun_sparkfun_samd_samd21_9dof\Release/core.a(main.cpp.o)
                0x0000514c                initVariant()
 *fill*         0x0000514e        0x2 
 .text.startup.main
                0x00005150       0x40 C:\Users\David\AppData\Local\Temp\VMBuilds\IMU_Razor\SparkFun_sparkfun_samd_samd21_9dof\Release/core.a(main.cpp.o)
                0x00005150                main
 .text._ZN5Print5writeEPKhj
                0x00005190       0x28 C:\Users\David\AppData\Local\Temp\VMBuilds\IMU_Razor\SparkFun_sparkfun_samd_samd21_9dof\Release/core.a(Print.cpp.o)
                0x00005190                Print::write(unsigned char const*, unsigned int)
 .text._ZN5Print5writeEPKc
                0x000051b8       0x1c C:\Users\David\AppData\Local\Temp\VMBuilds\IMU_Razor\SparkFun_sparkfun_samd_samd21_9dof\Release/core.a(Print.cpp.o)
                0x000051b8                Print::write(char const*)
 .text._ZN5Print7printlnEv
                0x000051d4       0x10 C:\Users\David\AppData\Local\Temp\VMBuilds\IMU_Razor\SparkFun_sparkfun_samd_samd21_9dof\Release/core.a(Print.cpp.o)
                0x000051d4                Print::println()
 .text._ZN5Print7printlnEPKc
                0x000051e4       0x14 C:\Users\David\AppData\Local\Temp\VMBuilds\IMU_Razor\SparkFun_sparkfun_samd_samd21_9dof\Release/core.a(Print.cpp.o)
                0x000051e4                Print::println(char const*)
 .text.initiateReset
                0x000051f8        0xc C:\Users\David\AppData\Local\Temp\VMBuilds\IMU_Razor\SparkFun_sparkfun_samd_samd21_9dof\Release/core.a(Reset.cpp.o)
                0x000051f8                initiateReset
 .text.cancelReset
                0x00005204       0x10 C:\Users\David\AppData\Local\Temp\VMBuilds\IMU_Razor\SparkFun_sparkfun_samd_samd21_9dof\Release/core.a(Reset.cpp.o)
                0x00005204                cancelReset
 .text.tickReset
                0x00005214       0x60 C:\Users\David\AppData\Local\Temp\VMBuilds\IMU_Razor\SparkFun_sparkfun_samd_samd21_9dof\Release/core.a(Reset.cpp.o)
                0x00005214                tickReset
 .text._ZN6SERCOMC2EP6Sercom
                0x00005274        0x4 C:\Users\David\AppData\Local\Temp\VMBuilds\IMU_Razor\SparkFun_sparkfun_samd_samd21_9dof\Release/core.a(SERCOM.cpp.o)
                0x00005274                SERCOM::SERCOM(Sercom*)
                0x00005274                SERCOM::SERCOM(Sercom*)
 .text._ZN6SERCOM9initFrameE18SercomUartCharSize15SercomDataOrder16SercomParityMode19SercomNumberStopBit
                0x00005278       0x38 C:\Users\David\AppData\Local\Temp\VMBuilds\IMU_Razor\SparkFun_sparkfun_samd_samd21_9dof\Release/core.a(SERCOM.cpp.o)
                0x00005278                SERCOM::initFrame(SercomUartCharSize, SercomDataOrder, SercomParityMode, SercomNumberStopBit)
 .text._ZN6SERCOM8initPadsE15SercomUartTXPad11SercomRXPad
                0x000052b0       0x26 C:\Users\David\AppData\Local\Temp\VMBuilds\IMU_Razor\SparkFun_sparkfun_samd_samd21_9dof\Release/core.a(SERCOM.cpp.o)
                0x000052b0                SERCOM::initPads(SercomUartTXPad, SercomRXPad)
 .text._ZN6SERCOM9resetUARTEv
                0x000052d6       0x1c C:\Users\David\AppData\Local\Temp\VMBuilds\IMU_Razor\SparkFun_sparkfun_samd_samd21_9dof\Release/core.a(SERCOM.cpp.o)
                0x000052d6                SERCOM::resetUART()
 .text._ZN6SERCOM10enableUARTEv
                0x000052f2       0x14 C:\Users\David\AppData\Local\Temp\VMBuilds\IMU_Razor\SparkFun_sparkfun_samd_samd21_9dof\Release/core.a(SERCOM.cpp.o)
                0x000052f2                SERCOM::enableUART()
 .text._ZN6SERCOM9flushUARTEv
                0x00005306       0x10 C:\Users\David\AppData\Local\Temp\VMBuilds\IMU_Razor\SparkFun_sparkfun_samd_samd21_9dof\Release/core.a(SERCOM.cpp.o)
                0x00005306                SERCOM::flushUART()
 .text._ZN6SERCOM15clearStatusUARTEv
                0x00005316        0x8 C:\Users\David\AppData\Local\Temp\VMBuilds\IMU_Razor\SparkFun_sparkfun_samd_samd21_9dof\Release/core.a(SERCOM.cpp.o)
                0x00005316                SERCOM::clearStatusUART()
 .text._ZN6SERCOM17availableDataUARTEv
                0x0000531e        0xa C:\Users\David\AppData\Local\Temp\VMBuilds\IMU_Razor\SparkFun_sparkfun_samd_samd21_9dof\Release/core.a(SERCOM.cpp.o)
                0x0000531e                SERCOM::availableDataUART()
 .text._ZN6SERCOM11isUARTErrorEv
                0x00005328        0x8 C:\Users\David\AppData\Local\Temp\VMBuilds\IMU_Razor\SparkFun_sparkfun_samd_samd21_9dof\Release/core.a(SERCOM.cpp.o)
                0x00005328                SERCOM::isUARTError()
 .text._ZN6SERCOM20acknowledgeUARTErrorEv
                0x00005330        0xe C:\Users\David\AppData\Local\Temp\VMBuilds\IMU_Razor\SparkFun_sparkfun_samd_samd21_9dof\Release/core.a(SERCOM.cpp.o)
                0x00005330                SERCOM::acknowledgeUARTError()
 .text._ZN6SERCOM23isDataRegisterEmptyUARTEv
                0x0000533e        0xa C:\Users\David\AppData\Local\Temp\VMBuilds\IMU_Razor\SparkFun_sparkfun_samd_samd21_9dof\Release/core.a(SERCOM.cpp.o)
                0x0000533e                SERCOM::isDataRegisterEmptyUART()
 .text._ZN6SERCOM12readDataUARTEv
                0x00005348        0x8 C:\Users\David\AppData\Local\Temp\VMBuilds\IMU_Razor\SparkFun_sparkfun_samd_samd21_9dof\Release/core.a(SERCOM.cpp.o)
                0x00005348                SERCOM::readDataUART()
 .text._ZN6SERCOM13writeDataUARTEh
                0x00005350        0xe C:\Users\David\AppData\Local\Temp\VMBuilds\IMU_Razor\SparkFun_sparkfun_samd_samd21_9dof\Release/core.a(SERCOM.cpp.o)
                0x00005350                SERCOM::writeDataUART(unsigned char)
 .text._ZN6SERCOM36enableDataRegisterEmptyInterruptUARTEv
                0x0000535e        0x8 C:\Users\David\AppData\Local\Temp\VMBuilds\IMU_Razor\SparkFun_sparkfun_samd_samd21_9dof\Release/core.a(SERCOM.cpp.o)
                0x0000535e                SERCOM::enableDataRegisterEmptyInterruptUART()
 .text._ZN6SERCOM37disableDataRegisterEmptyInterruptUARTEv
                0x00005366        0x8 C:\Users\David\AppData\Local\Temp\VMBuilds\IMU_Razor\SparkFun_sparkfun_samd_samd21_9dof\Release/core.a(SERCOM.cpp.o)
                0x00005366                SERCOM::disableDataRegisterEmptyInterruptUART()
 .text._ZN6SERCOM9resetWIREEv
                0x0000536e       0x1c C:\Users\David\AppData\Local\Temp\VMBuilds\IMU_Razor\SparkFun_sparkfun_samd_samd21_9dof\Release/core.a(SERCOM.cpp.o)
                0x0000536e                SERCOM::resetWIRE()
 .text._ZN6SERCOM10enableWIREEv
                0x0000538a       0x28 C:\Users\David\AppData\Local\Temp\VMBuilds\IMU_Razor\SparkFun_sparkfun_samd_samd21_9dof\Release/core.a(SERCOM.cpp.o)
                0x0000538a                SERCOM::enableWIRE()
 .text._ZN6SERCOM18prepareNackBitWIREEv
                0x000053b2       0x10 C:\Users\David\AppData\Local\Temp\VMBuilds\IMU_Razor\SparkFun_sparkfun_samd_samd21_9dof\Release/core.a(SERCOM.cpp.o)
                0x000053b2                SERCOM::prepareNackBitWIRE()
 *fill*         0x000053c2        0x2 
 .text._ZN6SERCOM17prepareAckBitWIREEv
                0x000053c4       0x14 C:\Users\David\AppData\Local\Temp\VMBuilds\IMU_Razor\SparkFun_sparkfun_samd_samd21_9dof\Release/core.a(SERCOM.cpp.o)
                0x000053c4                SERCOM::prepareAckBitWIRE()
 .text._ZN6SERCOM22prepareCommandBitsWireEh
                0x000053d8       0x2c C:\Users\David\AppData\Local\Temp\VMBuilds\IMU_Razor\SparkFun_sparkfun_samd_samd21_9dof\Release/core.a(SERCOM.cpp.o)
                0x000053d8                SERCOM::prepareCommandBitsWire(unsigned char)
 .text._ZN6SERCOM21startTransmissionWIREEh23SercomWireReadWriteFlag
                0x00005404       0x5e C:\Users\David\AppData\Local\Temp\VMBuilds\IMU_Razor\SparkFun_sparkfun_samd_samd21_9dof\Release/core.a(SERCOM.cpp.o)
                0x00005404                SERCOM::startTransmissionWIRE(unsigned char, SercomWireReadWriteFlag)
 .text._ZN6SERCOM18sendDataMasterWIREEh
                0x00005462       0x22 C:\Users\David\AppData\Local\Temp\VMBuilds\IMU_Razor\SparkFun_sparkfun_samd_samd21_9dof\Release/core.a(SERCOM.cpp.o)
                0x00005462                SERCOM::sendDataMasterWIRE(unsigned char)
 .text._ZN6SERCOM17sendDataSlaveWIREEh
                0x00005484       0x1a C:\Users\David\AppData\Local\Temp\VMBuilds\IMU_Razor\SparkFun_sparkfun_samd_samd21_9dof\Release/core.a(SERCOM.cpp.o)
                0x00005484                SERCOM::sendDataSlaveWIRE(unsigned char)
 .text._ZN6SERCOM11isSlaveWIREEv
                0x0000549e       0x12 C:\Users\David\AppData\Local\Temp\VMBuilds\IMU_Razor\SparkFun_sparkfun_samd_samd21_9dof\Release/core.a(SERCOM.cpp.o)
                0x0000549e                SERCOM::isSlaveWIRE()
 .text._ZN6SERCOM15isDataReadyWIREEv
                0x000054b0        0xa C:\Users\David\AppData\Local\Temp\VMBuilds\IMU_Razor\SparkFun_sparkfun_samd_samd21_9dof\Release/core.a(SERCOM.cpp.o)
                0x000054b0                SERCOM::isDataReadyWIRE()
 .text._ZN6SERCOM18isStopDetectedWIREEv
                0x000054ba        0xa C:\Users\David\AppData\Local\Temp\VMBuilds\IMU_Razor\SparkFun_sparkfun_samd_samd21_9dof\Release/core.a(SERCOM.cpp.o)
                0x000054ba                SERCOM::isStopDetectedWIRE()
 .text._ZN6SERCOM21isRestartDetectedWIREEv
                0x000054c4        0xa C:\Users\David\AppData\Local\Temp\VMBuilds\IMU_Razor\SparkFun_sparkfun_samd_samd21_9dof\Release/core.a(SERCOM.cpp.o)
                0x000054c4                SERCOM::isRestartDetectedWIRE()
 .text._ZN6SERCOM14isAddressMatchEv
                0x000054ce        0xa C:\Users\David\AppData\Local\Temp\VMBuilds\IMU_Razor\SparkFun_sparkfun_samd_samd21_9dof\Release/core.a(SERCOM.cpp.o)
                0x000054ce                SERCOM::isAddressMatch()
 .text._ZN6SERCOM25isMasterReadOperationWIREEv
                0x000054d8        0xa C:\Users\David\AppData\Local\Temp\VMBuilds\IMU_Razor\SparkFun_sparkfun_samd_samd21_9dof\Release/core.a(SERCOM.cpp.o)
                0x000054d8                SERCOM::isMasterReadOperationWIRE()
 .text._ZN6SERCOM12readDataWIREEv
                0x000054e2       0x1a C:\Users\David\AppData\Local\Temp\VMBuilds\IMU_Razor\SparkFun_sparkfun_samd_samd21_9dof\Release/core.a(SERCOM.cpp.o)
                0x000054e2                SERCOM::readDataWIRE()
 .text._ZN6SERCOM13initClockNVICEv
                0x000054fc       0xac C:\Users\David\AppData\Local\Temp\VMBuilds\IMU_Razor\SparkFun_sparkfun_samd_samd21_9dof\Release/core.a(SERCOM.cpp.o)
                0x000054fc                SERCOM::initClockNVIC()
 .text._ZN6SERCOM8initUARTE14SercomUartMode20SercomUartSampleRatem
                0x000055a8       0x6c C:\Users\David\AppData\Local\Temp\VMBuilds\IMU_Razor\SparkFun_sparkfun_samd_samd21_9dof\Release/core.a(SERCOM.cpp.o)
                0x000055a8                SERCOM::initUART(SercomUartMode, SercomUartSampleRate, unsigned long)
 .text._ZN6SERCOM14initMasterWIREEm
                0x00005614       0x54 C:\Users\David\AppData\Local\Temp\VMBuilds\IMU_Razor\SparkFun_sparkfun_samd_samd21_9dof\Release/core.a(SERCOM.cpp.o)
                0x00005614                SERCOM::initMasterWIRE(unsigned long)
 .text._ZN4UartcvbEv
                0x00005668        0x4 C:\Users\David\AppData\Local\Temp\VMBuilds\IMU_Razor\SparkFun_sparkfun_samd_samd21_9dof\Release/core.a(Uart.cpp.o)
                0x00005668                Uart::operator bool()
 .text._ZN4Uart5beginEm
                0x0000566c       0x10 C:\Users\David\AppData\Local\Temp\VMBuilds\IMU_Razor\SparkFun_sparkfun_samd_samd21_9dof\Release/core.a(Uart.cpp.o)
                0x0000566c                Uart::begin(unsigned long)
 .text._ZN4Uart4peekEv
                0x0000567c       0x16 C:\Users\David\AppData\Local\Temp\VMBuilds\IMU_Razor\SparkFun_sparkfun_samd_samd21_9dof\Release/core.a(Uart.cpp.o)
                0x0000567c                Uart::peek()
 .text._ZN4Uart3endEv
                0x00005692       0x1c C:\Users\David\AppData\Local\Temp\VMBuilds\IMU_Razor\SparkFun_sparkfun_samd_samd21_9dof\Release/core.a(Uart.cpp.o)
                0x00005692                Uart::end()
 *fill*         0x000056ae        0x2 
 .text._ZN4UartC2EP6SERCOMhh11SercomRXPad15SercomUartTXPadhh
                0x000056b0       0x7c C:\Users\David\AppData\Local\Temp\VMBuilds\IMU_Razor\SparkFun_sparkfun_samd_samd21_9dof\Release/core.a(Uart.cpp.o)
                0x000056b0                Uart::Uart(SERCOM*, unsigned char, unsigned char, SercomRXPad, SercomUartTXPad, unsigned char, unsigned char)
                0x000056b0                Uart::Uart(SERCOM*, unsigned char, unsigned char, SercomRXPad, SercomUartTXPad, unsigned char, unsigned char)
 .text._ZN4UartC2EP6SERCOMhh11SercomRXPad15SercomUartTXPad
                0x0000572c       0x24 C:\Users\David\AppData\Local\Temp\VMBuilds\IMU_Razor\SparkFun_sparkfun_samd_samd21_9dof\Release/core.a(Uart.cpp.o)
                0x0000572c                Uart::Uart(SERCOM*, unsigned char, unsigned char, SercomRXPad, SercomUartTXPad)
                0x0000572c                Uart::Uart(SERCOM*, unsigned char, unsigned char, SercomRXPad, SercomUartTXPad)
 .text._ZN4Uart16extractNbStopBitEt
                0x00005750        0xe C:\Users\David\AppData\Local\Temp\VMBuilds\IMU_Razor\SparkFun_sparkfun_samd_samd21_9dof\Release/core.a(Uart.cpp.o)
                0x00005750                Uart::extractNbStopBit(unsigned short)
 .text._ZN4Uart15extractCharSizeEt
                0x0000575e       0x2c C:\Users\David\AppData\Local\Temp\VMBuilds\IMU_Razor\SparkFun_sparkfun_samd_samd21_9dof\Release/core.a(Uart.cpp.o)
                0x0000575e                Uart::extractCharSize(unsigned short)
 .text._ZN4Uart13extractParityEt
                0x0000578a       0x18 C:\Users\David\AppData\Local\Temp\VMBuilds\IMU_Razor\SparkFun_sparkfun_samd_samd21_9dof\Release/core.a(Uart.cpp.o)
                0x0000578a                Uart::extractParity(unsigned short)
 *fill*         0x000057a2        0x2 
 .text._ZN4Uart5beginEmt
                0x000057a4       0xf4 C:\Users\David\AppData\Local\Temp\VMBuilds\IMU_Razor\SparkFun_sparkfun_samd_samd21_9dof\Release/core.a(Uart.cpp.o)
                0x000057a4                Uart::begin(unsigned long, unsigned short)
 .text._ZN11RingBufferNILi64EE9availableEv
                0x00005898        0xc C:\Users\David\AppData\Local\Temp\VMBuilds\IMU_Razor\SparkFun_sparkfun_samd_samd21_9dof\Release/core.a(Uart.cpp.o)
                0x00005898                RingBufferN<64>::available()
 .text._ZN4Uart5flushEv
                0x000058a4       0x18 C:\Users\David\AppData\Local\Temp\VMBuilds\IMU_Razor\SparkFun_sparkfun_samd_samd21_9dof\Release/core.a(Uart.cpp.o)
                0x000058a4                Uart::flush()
 .text._ZN4Uart9availableEv
                0x000058bc        0xa C:\Users\David\AppData\Local\Temp\VMBuilds\IMU_Razor\SparkFun_sparkfun_samd_samd21_9dof\Release/core.a(Uart.cpp.o)
                0x000058bc                Uart::available()
 .text._ZN11RingBufferNILi64EE17availableForStoreEv
                0x000058c6       0x1c C:\Users\David\AppData\Local\Temp\VMBuilds\IMU_Razor\SparkFun_sparkfun_samd_samd21_9dof\Release/core.a(Uart.cpp.o)
                0x000058c6                RingBufferN<64>::availableForStore()
 .text._ZN4Uart17availableForWriteEv
                0x000058e2        0xa C:\Users\David\AppData\Local\Temp\VMBuilds\IMU_Razor\SparkFun_sparkfun_samd_samd21_9dof\Release/core.a(Uart.cpp.o)
                0x000058e2                Uart::availableForWrite()
 .text._ZN4Uart10IrqHandlerEv
                0x000058ec       0xb2 C:\Users\David\AppData\Local\Temp\VMBuilds\IMU_Razor\SparkFun_sparkfun_samd_samd21_9dof\Release/core.a(Uart.cpp.o)
                0x000058ec                Uart::IrqHandler()
 *fill*         0x0000599e        0x2 
 .text._ZN4Uart5writeEh
                0x000059a0       0xb8 C:\Users\David\AppData\Local\Temp\VMBuilds\IMU_Razor\SparkFun_sparkfun_samd_samd21_9dof\Release/core.a(Uart.cpp.o)
                0x000059a0                Uart::write(unsigned char)
 .text._ZN4Uart4readEv
                0x00005a58       0x48 C:\Users\David\AppData\Local\Temp\VMBuilds\IMU_Razor\SparkFun_sparkfun_samd_samd21_9dof\Release/core.a(Uart.cpp.o)
                0x00005a58                Uart::read()
 .text._ZN7Serial_17availableForWriteEv
                0x00005aa0        0x4 C:\Users\David\AppData\Local\Temp\VMBuilds\IMU_Razor\SparkFun_sparkfun_samd_samd21_9dof\Release/core.a(CDC.cpp.o)
                0x00005aa0                Serial_::availableForWrite()
 .text._ZN7Serial_5writeEh
                0x00005aa4       0x14 C:\Users\David\AppData\Local\Temp\VMBuilds\IMU_Razor\SparkFun_sparkfun_samd_samd21_9dof\Release/core.a(CDC.cpp.o)
                0x00005aa4                Serial_::write(unsigned char)
 .text._ZN7Serial_9availableEv
                0x00005ab8        0xc C:\Users\David\AppData\Local\Temp\VMBuilds\IMU_Razor\SparkFun_sparkfun_samd_samd21_9dof\Release/core.a(CDC.cpp.o)
                0x00005ab8                Serial_::available()
 .text._ZN7Serial_5flushEv
                0x00005ac4        0xc C:\Users\David\AppData\Local\Temp\VMBuilds\IMU_Razor\SparkFun_sparkfun_samd_samd21_9dof\Release/core.a(CDC.cpp.o)
                0x00005ac4                Serial_::flush()
 .text._ZN7Serial_5writeEPKhj
                0x00005ad0       0x1c C:\Users\David\AppData\Local\Temp\VMBuilds\IMU_Razor\SparkFun_sparkfun_samd_samd21_9dof\Release/core.a(CDC.cpp.o)
                0x00005ad0                Serial_::write(unsigned char const*, unsigned int)
 .text._ZN7Serial_4peekEv
                0x00005aec       0x1c C:\Users\David\AppData\Local\Temp\VMBuilds\IMU_Razor\SparkFun_sparkfun_samd_samd21_9dof\Release/core.a(CDC.cpp.o)
                0x00005aec                Serial_::peek()
 .text._ZN7Serial_4readEv
                0x00005b08       0x24 C:\Users\David\AppData\Local\Temp\VMBuilds\IMU_Razor\SparkFun_sparkfun_samd_samd21_9dof\Release/core.a(CDC.cpp.o)
                0x00005b08                Serial_::read()
 .text._Z16CDC_GetInterfacePh
                0x00005b2c       0x1c C:\Users\David\AppData\Local\Temp\VMBuilds\IMU_Razor\SparkFun_sparkfun_samd_samd21_9dof\Release/core.a(CDC.cpp.o)
                0x00005b2c                CDC_GetInterface(unsigned char*)
 .text._Z9CDC_SetupR8USBSetup
                0x00005b48       0x80 C:\Users\David\AppData\Local\Temp\VMBuilds\IMU_Razor\SparkFun_sparkfun_samd_samd21_9dof\Release/core.a(CDC.cpp.o)
                0x00005b48                CDC_Setup(USBSetup&)
 .text._ZN7Serial_5beginEm
                0x00005bc8        0x2 C:\Users\David\AppData\Local\Temp\VMBuilds\IMU_Razor\SparkFun_sparkfun_samd_samd21_9dof\Release/core.a(CDC.cpp.o)
                0x00005bc8                Serial_::begin(unsigned long)
 *fill*         0x00005bca        0x2 
 .text.startup._GLOBAL__sub_I__Z17_CDC_GetInterfacev
                0x00005bcc       0x28 C:\Users\David\AppData\Local\Temp\VMBuilds\IMU_Razor\SparkFun_sparkfun_samd_samd21_9dof\Release/core.a(CDC.cpp.o)
 .text._ZL5utox8mPc
                0x00005bf4       0x1c C:\Users\David\AppData\Local\Temp\VMBuilds\IMU_Razor\SparkFun_sparkfun_samd_samd21_9dof\Release/core.a(USBCore.cpp.o)
 .text._ZN14USBDeviceClass6initEPEmm.part.4
                0x00005c10       0xc8 C:\Users\David\AppData\Local\Temp\VMBuilds\IMU_Razor\SparkFun_sparkfun_samd_samd21_9dof\Release/core.a(USBCore.cpp.o)
 .text._ZN20USBDevice_SAMD21G18x5resetEv
                0x00005cd8       0x28 C:\Users\David\AppData\Local\Temp\VMBuilds\IMU_Razor\SparkFun_sparkfun_samd_samd21_9dof\Release/core.a(USBCore.cpp.o)
                0x00005cd8                USBDevice_SAMD21G18x::reset()
 .text._ZN20USBDevice_SAMD21G18x9calibrateEv
                0x00005d00       0x5c C:\Users\David\AppData\Local\Temp\VMBuilds\IMU_Razor\SparkFun_sparkfun_samd_samd21_9dof\Release/core.a(USBCore.cpp.o)
                0x00005d00                USBDevice_SAMD21G18x::calibrate()
 .text._ZN7__GuardC2Ev
                0x00005d5c        0xe C:\Users\David\AppData\Local\Temp\VMBuilds\IMU_Razor\SparkFun_sparkfun_samd_samd21_9dof\Release/core.a(USBCore.cpp.o)
                0x00005d5c                __Guard::__Guard()
                0x00005d5c                __Guard::__Guard()
 .text._ZN7__GuardD2Ev
                0x00005d6a        0xe C:\Users\David\AppData\Local\Temp\VMBuilds\IMU_Razor\SparkFun_sparkfun_samd_samd21_9dof\Release/core.a(USBCore.cpp.o)
                0x00005d6a                __Guard::~__Guard()
                0x00005d6a                __Guard::~__Guard()
 .text._ZNK26DoubleBufferedEPOutHandler9availableEv
                0x00005d78       0x5e C:\Users\David\AppData\Local\Temp\VMBuilds\IMU_Razor\SparkFun_sparkfun_samd_samd21_9dof\Release/core.a(USBCore.cpp.o)
                0x00005d78                DoubleBufferedEPOutHandler::available() const
 *fill*         0x00005dd6        0x2 
 .text._ZN26DoubleBufferedEPOutHandler7releaseEv
                0x00005dd8       0x58 C:\Users\David\AppData\Local\Temp\VMBuilds\IMU_Razor\SparkFun_sparkfun_samd_samd21_9dof\Release/core.a(USBCore.cpp.o)
                0x00005dd8                DoubleBufferedEPOutHandler::release()
 .text._ZN26DoubleBufferedEPOutHandler4recvEPvm
                0x00005e30      0x11c C:\Users\David\AppData\Local\Temp\VMBuilds\IMU_Razor\SparkFun_sparkfun_samd_samd21_9dof\Release/core.a(USBCore.cpp.o)
                0x00005e30                DoubleBufferedEPOutHandler::recv(void*, unsigned long)
 .text._ZN26DoubleBufferedEPOutHandler14handleEndpointEv
                0x00005f4c       0xc8 C:\Users\David\AppData\Local\Temp\VMBuilds\IMU_Razor\SparkFun_sparkfun_samd_samd21_9dof\Release/core.a(USBCore.cpp.o)
                0x00005f4c                DoubleBufferedEPOutHandler::handleEndpoint()
 .text._ZN14USBDeviceClass14SendInterfacesEPm
                0x00006014       0x2c C:\Users\David\AppData\Local\Temp\VMBuilds\IMU_Razor\SparkFun_sparkfun_samd_samd21_9dof\Release/core.a(USBCore.cpp.o)
                0x00006014                USBDeviceClass::SendInterfaces(unsigned long*)
 .text._ZN14USBDeviceClass14handleEndpointEh
                0x00006040       0x40 C:\Users\David\AppData\Local\Temp\VMBuilds\IMU_Razor\SparkFun_sparkfun_samd_samd21_9dof\Release/core.a(USBCore.cpp.o)
                0x00006040                USBDeviceClass::handleEndpoint(unsigned char)
 .text._ZN14USBDeviceClass4initEv
                0x00006080       0xf0 C:\Users\David\AppData\Local\Temp\VMBuilds\IMU_Razor\SparkFun_sparkfun_samd_samd21_9dof\Release/core.a(USBCore.cpp.o)
                0x00006080                USBDeviceClass::init()
 .text._ZN14USBDeviceClass6attachEv
                0x00006170       0x34 C:\Users\David\AppData\Local\Temp\VMBuilds\IMU_Razor\SparkFun_sparkfun_samd_samd21_9dof\Release/core.a(USBCore.cpp.o)
                0x00006170                USBDeviceClass::attach()
 .text._ZN14USBDeviceClass10setAddressEm
                0x000061a4       0x48 C:\Users\David\AppData\Local\Temp\VMBuilds\IMU_Razor\SparkFun_sparkfun_samd_samd21_9dof\Release/core.a(USBCore.cpp.o)
                0x000061a4                USBDeviceClass::setAddress(unsigned long)
 .text._ZN14USBDeviceClass25handleClassInterfaceSetupER8USBSetup
                0x000061ec       0x40 C:\Users\David\AppData\Local\Temp\VMBuilds\IMU_Razor\SparkFun_sparkfun_samd_samd21_9dof\Release/core.a(USBCore.cpp.o)
                0x000061ec                USBDeviceClass::handleClassInterfaceSetup(USBSetup&)
 .text._ZN14USBDeviceClass6initEPEmm
                0x0000622c       0xf4 C:\Users\David\AppData\Local\Temp\VMBuilds\IMU_Razor\SparkFun_sparkfun_samd_samd21_9dof\Release/core.a(USBCore.cpp.o)
                0x0000622c                USBDeviceClass::initEP(unsigned long, unsigned long)
 .text._ZN14USBDeviceClass13initEndpointsEv
                0x00006320       0x24 C:\Users\David\AppData\Local\Temp\VMBuilds\IMU_Razor\SparkFun_sparkfun_samd_samd21_9dof\Release/core.a(USBCore.cpp.o)
                0x00006320                USBDeviceClass::initEndpoints()
 .text._ZN14USBDeviceClass9availableEm
                0x00006344       0x2c C:\Users\David\AppData\Local\Temp\VMBuilds\IMU_Razor\SparkFun_sparkfun_samd_samd21_9dof\Release/core.a(USBCore.cpp.o)
                0x00006344                USBDeviceClass::available(unsigned long)
 .text._ZN14USBDeviceClass5flushEm
                0x00006370       0x2c C:\Users\David\AppData\Local\Temp\VMBuilds\IMU_Razor\SparkFun_sparkfun_samd_samd21_9dof\Release/core.a(USBCore.cpp.o)
                0x00006370                USBDeviceClass::flush(unsigned long)
 .text._ZN14USBDeviceClass14armRecvCtrlOUTEm
                0x0000639c       0x60 C:\Users\David\AppData\Local\Temp\VMBuilds\IMU_Razor\SparkFun_sparkfun_samd_samd21_9dof\Release/core.a(USBCore.cpp.o)
                0x0000639c                USBDeviceClass::armRecvCtrlOUT(unsigned long)
 .text._ZN14USBDeviceClass11recvControlEPvm
                0x000063fc       0x3c C:\Users\David\AppData\Local\Temp\VMBuilds\IMU_Razor\SparkFun_sparkfun_samd_samd21_9dof\Release/core.a(USBCore.cpp.o)
                0x000063fc                USBDeviceClass::recvControl(void*, unsigned long)
 .text._ZN14USBDeviceClass7armRecvEm
                0x00006438       0x3c C:\Users\David\AppData\Local\Temp\VMBuilds\IMU_Razor\SparkFun_sparkfun_samd_samd21_9dof\Release/core.a(USBCore.cpp.o)
                0x00006438                USBDeviceClass::armRecv(unsigned long)
 .text._ZN14USBDeviceClass4recvEmPvm
                0x00006474       0xd8 C:\Users\David\AppData\Local\Temp\VMBuilds\IMU_Razor\SparkFun_sparkfun_samd_samd21_9dof\Release/core.a(USBCore.cpp.o)
                0x00006474                USBDeviceClass::recv(unsigned long, void*, unsigned long)
 .text._ZN14USBDeviceClass4recvEm
                0x0000654c       0x1c C:\Users\David\AppData\Local\Temp\VMBuilds\IMU_Razor\SparkFun_sparkfun_samd_samd21_9dof\Release/core.a(USBCore.cpp.o)
                0x0000654c                USBDeviceClass::recv(unsigned long)
 .text._ZN14USBDeviceClass4sendEmPKvm
                0x00006568      0x124 C:\Users\David\AppData\Local\Temp\VMBuilds\IMU_Razor\SparkFun_sparkfun_samd_samd21_9dof\Release/core.a(USBCore.cpp.o)
                0x00006568                USBDeviceClass::send(unsigned long, void const*, unsigned long)
 .text._ZN14USBDeviceClass7armSendEmPKvm
                0x0000668c       0x48 C:\Users\David\AppData\Local\Temp\VMBuilds\IMU_Razor\SparkFun_sparkfun_samd_samd21_9dof\Release/core.a(USBCore.cpp.o)
                0x0000668c                USBDeviceClass::armSend(unsigned long, void const*, unsigned long)
 .text._ZN14USBDeviceClass11sendControlEPKvm
                0x000066d4       0x58 C:\Users\David\AppData\Local\Temp\VMBuilds\IMU_Razor\SparkFun_sparkfun_samd_samd21_9dof\Release/core.a(USBCore.cpp.o)
                0x000066d4                USBDeviceClass::sendControl(void const*, unsigned long)
 .text._ZN14USBDeviceClass20sendStringDescriptorEPKhh
                0x0000672c       0x68 C:\Users\David\AppData\Local\Temp\VMBuilds\IMU_Razor\SparkFun_sparkfun_samd_samd21_9dof\Release/core.a(USBCore.cpp.o)
                0x0000672c                USBDeviceClass::sendStringDescriptor(unsigned char const*, unsigned char)
 .text._ZN14USBDeviceClass12packMessagesEb.part.6
                0x00006794       0x20 C:\Users\David\AppData\Local\Temp\VMBuilds\IMU_Razor\SparkFun_sparkfun_samd_samd21_9dof\Release/core.a(USBCore.cpp.o)
 .text._ZN14USBDeviceClass17sendConfigurationEm
                0x000067b4       0x90 C:\Users\David\AppData\Local\Temp\VMBuilds\IMU_Razor\SparkFun_sparkfun_samd_samd21_9dof\Release/core.a(USBCore.cpp.o)
                0x000067b4                USBDeviceClass::sendConfiguration(unsigned long)
 .text._ZN14USBDeviceClass14sendDescriptorER8USBSetup
                0x00006844       0xec C:\Users\David\AppData\Local\Temp\VMBuilds\IMU_Razor\SparkFun_sparkfun_samd_samd21_9dof\Release/core.a(USBCore.cpp.o)
                0x00006844                USBDeviceClass::sendDescriptor(USBSetup&)
 .text._ZN14USBDeviceClass19handleStandardSetupER8USBSetup
                0x00006930      0x118 C:\Users\David\AppData\Local\Temp\VMBuilds\IMU_Razor\SparkFun_sparkfun_samd_samd21_9dof\Release/core.a(USBCore.cpp.o)
                0x00006930                USBDeviceClass::handleStandardSetup(USBSetup&)
 .text._ZN14USBDeviceClass10ISRHandlerEv
                0x00006a48      0x150 C:\Users\David\AppData\Local\Temp\VMBuilds\IMU_Razor\SparkFun_sparkfun_samd_samd21_9dof\Release/core.a(USBCore.cpp.o)
                0x00006a48                USBDeviceClass::ISRHandler()
 .text.UDD_Handler
                0x00006b98       0x10 C:\Users\David\AppData\Local\Temp\VMBuilds\IMU_Razor\SparkFun_sparkfun_samd_samd21_9dof\Release/core.a(USBCore.cpp.o)
                0x00006b98                UDD_Handler
 .text.startup._GLOBAL__sub_I__ZN20USBDevice_SAMD21G18x5resetEv
                0x00006ba8       0x10 C:\Users\David\AppData\Local\Temp\VMBuilds\IMU_Razor\SparkFun_sparkfun_samd_samd21_9dof\Release/core.a(USBCore.cpp.o)
 .text._Znwj    0x00006bb8        0x8 C:\Users\David\AppData\Local\Temp\VMBuilds\IMU_Razor\SparkFun_sparkfun_samd_samd21_9dof\Release/core.a(new.cpp.o)
                0x00006bb8                operator new(unsigned int)
 .text._ZN13PluggableUSB_12getInterfaceEPh
                0x00006bc0       0x2a C:\Users\David\AppData\Local\Temp\VMBuilds\IMU_Razor\SparkFun_sparkfun_samd_samd21_9dof\Release/core.a(PluggableUSB.cpp.o)
                0x00006bc0                PluggableUSB_::getInterface(unsigned char*)
 .text._ZN13PluggableUSB_13getDescriptorER8USBSetup
                0x00006bea       0x20 C:\Users\David\AppData\Local\Temp\VMBuilds\IMU_Razor\SparkFun_sparkfun_samd_samd21_9dof\Release/core.a(PluggableUSB.cpp.o)
                0x00006bea                PluggableUSB_::getDescriptor(USBSetup&)
 .text._ZN13PluggableUSB_12getShortNameEPc
                0x00006c0a       0x1e C:\Users\David\AppData\Local\Temp\VMBuilds\IMU_Razor\SparkFun_sparkfun_samd_samd21_9dof\Release/core.a(PluggableUSB.cpp.o)
                0x00006c0a                PluggableUSB_::getShortName(char*)
 .text._ZN13PluggableUSB_5setupER8USBSetup
                0x00006c28       0x24 C:\Users\David\AppData\Local\Temp\VMBuilds\IMU_Razor\SparkFun_sparkfun_samd_samd21_9dof\Release/core.a(PluggableUSB.cpp.o)
                0x00006c28                PluggableUSB_::setup(USBSetup&)
 .text._Z12PluggableUSBv
                0x00006c4c       0x24 C:\Users\David\AppData\Local\Temp\VMBuilds\IMU_Razor\SparkFun_sparkfun_samd_samd21_9dof\Release/core.a(PluggableUSB.cpp.o)
                0x00006c4c                PluggableUSB()
 .text          0x00006c70       0x14 c:/users/david/appdata/local/arduino15/packages/sparkfun/tools/arm-none-eabi-gcc/4.8.3-2014q1/bin/../lib/gcc/arm-none-eabi/4.8.3/armv6-m\libgcc.a(_thumb1_case_uqi.o)
                0x00006c70                __gnu_thumb1_case_uqi
 .text          0x00006c84       0x9c c:/users/david/appdata/local/arduino15/packages/sparkfun/tools/arm-none-eabi-gcc/4.8.3-2014q1/bin/../lib/gcc/arm-none-eabi/4.8.3/armv6-m\libgcc.a(_udivsi3.o)
                0x00006c84                __aeabi_uidiv
                0x00006c84                __udivsi3
                0x00006d0c                __aeabi_uidivmod
 .text          0x00006d20       0xc0 c:/users/david/appdata/local/arduino15/packages/sparkfun/tools/arm-none-eabi-gcc/4.8.3-2014q1/bin/../lib/gcc/arm-none-eabi/4.8.3/armv6-m\libgcc.a(_divsi3.o)
                0x00006d20                __divsi3
                0x00006d20                __aeabi_idiv
                0x00006dcc                __aeabi_idivmod
 .text          0x00006de0        0x4 c:/users/david/appdata/local/arduino15/packages/sparkfun/tools/arm-none-eabi-gcc/4.8.3-2014q1/bin/../lib/gcc/arm-none-eabi/4.8.3/armv6-m\libgcc.a(_dvmd_tls.o)
                0x00006de0                __aeabi_idiv0
                0x00006de0                __aeabi_ldiv0
 .text          0x00006de4       0x7c c:/users/david/appdata/local/arduino15/packages/sparkfun/tools/arm-none-eabi-gcc/4.8.3-2014q1/bin/../lib/gcc/arm-none-eabi/4.8.3/armv6-m\libgcc.a(_arm_cmpdf2.o)
                0x00006de4                __aeabi_cdrcmple
                0x00006df4                __aeabi_cdcmple
                0x00006df4                __aeabi_cdcmpeq
                0x00006e04                __aeabi_dcmpeq
                0x00006e10                __aeabi_dcmplt
                0x00006e24                __aeabi_dcmple
                0x00006e38                __aeabi_dcmpgt
                0x00006e4c                __aeabi_dcmpge
 .text          0x00006e60       0x74 c:/users/david/appdata/local/arduino15/packages/sparkfun/tools/arm-none-eabi-gcc/4.8.3-2014q1/bin/../lib/gcc/arm-none-eabi/4.8.3/armv6-m\libgcc.a(_arm_cmpsf2.o)
                0x00006e60                __aeabi_cfrcmple
                0x00006e68                __aeabi_cfcmpeq
                0x00006e68                __aeabi_cfcmple
                0x00006e78                __aeabi_fcmpeq
                0x00006e84                __aeabi_fcmplt
                0x00006e98                __aeabi_fcmple
                0x00006eac                __aeabi_fcmpgt
                0x00006ec0                __aeabi_fcmpge
 .text          0x00006ed4       0x30 c:/users/david/appdata/local/arduino15/packages/sparkfun/tools/arm-none-eabi-gcc/4.8.3-2014q1/bin/../lib/gcc/arm-none-eabi/4.8.3/armv6-m\libgcc.a(_fixunssfsi.o)
                0x00006ed4                __fixunssfsi
                0x00006ed4                __aeabi_f2uiz
 .text          0x00006f04      0x2c8 c:/users/david/appdata/local/arduino15/packages/sparkfun/tools/arm-none-eabi-gcc/4.8.3-2014q1/bin/../lib/gcc/arm-none-eabi/4.8.3/armv6-m\libgcc.a(addsf3.o)
                0x00006f04                __aeabi_fadd
 .text          0x000071cc      0x24c c:/users/david/appdata/local/arduino15/packages/sparkfun/tools/arm-none-eabi-gcc/4.8.3-2014q1/bin/../lib/gcc/arm-none-eabi/4.8.3/armv6-m\libgcc.a(divsf3.o)
                0x000071cc                __aeabi_fdiv
 .text          0x00007418       0x54 c:/users/david/appdata/local/arduino15/packages/sparkfun/tools/arm-none-eabi-gcc/4.8.3-2014q1/bin/../lib/gcc/arm-none-eabi/4.8.3/armv6-m\libgcc.a(eqsf2.o)
                0x00007418                __eqsf2
                0x00007418                __nesf2
 .text          0x0000746c       0x90 c:/users/david/appdata/local/arduino15/packages/sparkfun/tools/arm-none-eabi-gcc/4.8.3-2014q1/bin/../lib/gcc/arm-none-eabi/4.8.3/armv6-m\libgcc.a(gesf2.o)
                0x0000746c                __gesf2
                0x0000746c                __gtsf2
 .text          0x000074fc       0x98 c:/users/david/appdata/local/arduino15/packages/sparkfun/tools/arm-none-eabi-gcc/4.8.3-2014q1/bin/../lib/gcc/arm-none-eabi/4.8.3/armv6-m\libgcc.a(lesf2.o)
                0x000074fc                __ltsf2
                0x000074fc                __lesf2
 .text          0x00007594      0x254 c:/users/david/appdata/local/arduino15/packages/sparkfun/tools/arm-none-eabi-gcc/4.8.3-2014q1/bin/../lib/gcc/arm-none-eabi/4.8.3/armv6-m\libgcc.a(mulsf3.o)
                0x00007594                __aeabi_fmul
 .text          0x000077e8      0x2e0 c:/users/david/appdata/local/arduino15/packages/sparkfun/tools/arm-none-eabi-gcc/4.8.3-2014q1/bin/../lib/gcc/arm-none-eabi/4.8.3/armv6-m\libgcc.a(subsf3.o)
                0x000077e8                __aeabi_fsub
 .text          0x00007ac8       0x40 c:/users/david/appdata/local/arduino15/packages/sparkfun/tools/arm-none-eabi-gcc/4.8.3-2014q1/bin/../lib/gcc/arm-none-eabi/4.8.3/armv6-m\libgcc.a(fixsfsi.o)
                0x00007ac8                __aeabi_f2iz
 .text          0x00007b08       0xb8 c:/users/david/appdata/local/arduino15/packages/sparkfun/tools/arm-none-eabi-gcc/4.8.3-2014q1/bin/../lib/gcc/arm-none-eabi/4.8.3/armv6-m\libgcc.a(floatsisf.o)
                0x00007b08                __aeabi_i2f
 .text          0x00007bc0       0xa0 c:/users/david/appdata/local/arduino15/packages/sparkfun/tools/arm-none-eabi-gcc/4.8.3-2014q1/bin/../lib/gcc/arm-none-eabi/4.8.3/armv6-m\libgcc.a(floatunsisf.o)
                0x00007bc0                __aeabi_ui2f
 .text          0x00007c60      0x638 c:/users/david/appdata/local/arduino15/packages/sparkfun/tools/arm-none-eabi-gcc/4.8.3-2014q1/bin/../lib/gcc/arm-none-eabi/4.8.3/armv6-m\libgcc.a(adddf3.o)
                0x00007c60                __aeabi_dadd
 .text          0x00008298      0x648 c:/users/david/appdata/local/arduino15/packages/sparkfun/tools/arm-none-eabi-gcc/4.8.3-2014q1/bin/../lib/gcc/arm-none-eabi/4.8.3/armv6-m\libgcc.a(divdf3.o)
                0x00008298                __aeabi_ddiv
 .text          0x000088e0       0x94 c:/users/david/appdata/local/arduino15/packages/sparkfun/tools/arm-none-eabi-gcc/4.8.3-2014q1/bin/../lib/gcc/arm-none-eabi/4.8.3/armv6-m\libgcc.a(eqdf2.o)
                0x000088e0                __nedf2
                0x000088e0                __eqdf2
 .text          0x00008974       0xfc c:/users/david/appdata/local/arduino15/packages/sparkfun/tools/arm-none-eabi-gcc/4.8.3-2014q1/bin/../lib/gcc/arm-none-eabi/4.8.3/armv6-m\libgcc.a(gedf2.o)
                0x00008974                __gedf2
                0x00008974                __gtdf2
 .text          0x00008a70       0xfc c:/users/david/appdata/local/arduino15/packages/sparkfun/tools/arm-none-eabi-gcc/4.8.3-2014q1/bin/../lib/gcc/arm-none-eabi/4.8.3/armv6-m\libgcc.a(ledf2.o)
                0x00008a70                __ledf2
                0x00008a70                __ltdf2
 .text          0x00008b6c      0x520 c:/users/david/appdata/local/arduino15/packages/sparkfun/tools/arm-none-eabi-gcc/4.8.3-2014q1/bin/../lib/gcc/arm-none-eabi/4.8.3/armv6-m\libgcc.a(muldf3.o)
                0x00008b6c                __aeabi_dmul
 .text          0x0000908c      0x654 c:/users/david/appdata/local/arduino15/packages/sparkfun/tools/arm-none-eabi-gcc/4.8.3-2014q1/bin/../lib/gcc/arm-none-eabi/4.8.3/armv6-m\libgcc.a(subdf3.o)
                0x0000908c                __aeabi_dsub
 .text          0x000096e0       0xa4 c:/users/david/appdata/local/arduino15/packages/sparkfun/tools/arm-none-eabi-gcc/4.8.3-2014q1/bin/../lib/gcc/arm-none-eabi/4.8.3/armv6-m\libgcc.a(extendsfdf2.o)
                0x000096e0                __aeabi_f2d
 .text          0x00009784      0x118 c:/users/david/appdata/local/arduino15/packages/sparkfun/tools/arm-none-eabi-gcc/4.8.3-2014q1/bin/../lib/gcc/arm-none-eabi/4.8.3/armv6-m\libgcc.a(truncdfsf2.o)
                0x00009784                __aeabi_d2f
 .text          0x0000989c       0x3c c:/users/david/appdata/local/arduino15/packages/sparkfun/tools/arm-none-eabi-gcc/4.8.3-2014q1/bin/../lib/gcc/arm-none-eabi/4.8.3/armv6-m\libgcc.a(_clzsi2.o)
                0x0000989c                __clzsi2
 .text.__errno  0x000098d8        0xc c:/users/david/appdata/local/arduino15/packages/sparkfun/tools/arm-none-eabi-gcc/4.8.3-2014q1/bin/../lib/gcc/arm-none-eabi/4.8.3/../../../../arm-none-eabi/lib/armv6-m\libc_s.a(lib_a-errno.o)
                0x000098d8                __errno
 .text.__libc_init_array
                0x000098e4       0x4c c:/users/david/appdata/local/arduino15/packages/sparkfun/tools/arm-none-eabi-gcc/4.8.3-2014q1/bin/../lib/gcc/arm-none-eabi/4.8.3/../../../../arm-none-eabi/lib/armv6-m\libc_s.a(lib_a-init.o)
                0x000098e4                __libc_init_array
 .text.malloc   0x00009930       0x14 c:/users/david/appdata/local/arduino15/packages/sparkfun/tools/arm-none-eabi-gcc/4.8.3-2014q1/bin/../lib/gcc/arm-none-eabi/4.8.3/../../../../arm-none-eabi/lib/armv6-m\libc_s.a(lib_a-malloc.o)
                0x00009930                malloc
 .text.memcmp   0x00009944       0x1e c:/users/david/appdata/local/arduino15/packages/sparkfun/tools/arm-none-eabi-gcc/4.8.3-2014q1/bin/../lib/gcc/arm-none-eabi/4.8.3/../../../../arm-none-eabi/lib/armv6-m\libc_s.a(lib_a-memcmp.o)
                0x00009944                memcmp
 .text.memcpy   0x00009962       0x12 c:/users/david/appdata/local/arduino15/packages/sparkfun/tools/arm-none-eabi-gcc/4.8.3-2014q1/bin/../lib/gcc/arm-none-eabi/4.8.3/../../../../arm-none-eabi/lib/armv6-m\libc_s.a(lib_a-memcpy-stub.o)
                0x00009962                memcpy
 .text.memset   0x00009974       0x10 c:/users/david/appdata/local/arduino15/packages/sparkfun/tools/arm-none-eabi-gcc/4.8.3-2014q1/bin/../lib/gcc/arm-none-eabi/4.8.3/../../../../arm-none-eabi/lib/armv6-m\libc_s.a(lib_a-memset.o)
                0x00009974                memset
 .text._malloc_r
                0x00009984       0xa8 c:/users/david/appdata/local/arduino15/packages/sparkfun/tools/arm-none-eabi-gcc/4.8.3-2014q1/bin/../lib/gcc/arm-none-eabi/4.8.3/../../../../arm-none-eabi/lib/armv6-m\libc_s.a(lib_a-nano-mallocr.o)
                0x00009984                _malloc_r
 .text._sbrk_r  0x00009a2c       0x24 c:/users/david/appdata/local/arduino15/packages/sparkfun/tools/arm-none-eabi-gcc/4.8.3-2014q1/bin/../lib/gcc/arm-none-eabi/4.8.3/../../../../arm-none-eabi/lib/armv6-m\libc_s.a(lib_a-sbrkr.o)
                0x00009a2c                _sbrk_r
 .text.strlen   0x00009a50        0xe c:/users/david/appdata/local/arduino15/packages/sparkfun/tools/arm-none-eabi-gcc/4.8.3-2014q1/bin/../lib/gcc/arm-none-eabi/4.8.3/../../../../arm-none-eabi/lib/armv6-m\libc_s.a(lib_a-strlen.o)
                0x00009a50                strlen
 *fill*         0x00009a5e        0x2 
 .text._sbrk    0x00009a60       0x34 c:/users/david/appdata/local/arduino15/packages/sparkfun/tools/arm-none-eabi-gcc/4.8.3-2014q1/bin/../lib/gcc/arm-none-eabi/4.8.3/../../../../arm-none-eabi/lib/armv6-m\libnosys.a(sbrk.o)
                0x00009a60                _sbrk
 *(.init)
 .init          0x00009a94        0x4 c:/users/david/appdata/local/arduino15/packages/sparkfun/tools/arm-none-eabi-gcc/4.8.3-2014q1/bin/../lib/gcc/arm-none-eabi/4.8.3/armv6-m/crti.o
                0x00009a94                _init
 .init          0x00009a98        0x8 c:/users/david/appdata/local/arduino15/packages/sparkfun/tools/arm-none-eabi-gcc/4.8.3-2014q1/bin/../lib/gcc/arm-none-eabi/4.8.3/armv6-m/crtn.o
 *(.fini)
 .fini          0x00009aa0        0x4 c:/users/david/appdata/local/arduino15/packages/sparkfun/tools/arm-none-eabi-gcc/4.8.3-2014q1/bin/../lib/gcc/arm-none-eabi/4.8.3/armv6-m/crti.o
                0x00009aa0                _fini
 .fini          0x00009aa4        0x8 c:/users/david/appdata/local/arduino15/packages/sparkfun/tools/arm-none-eabi-gcc/4.8.3-2014q1/bin/../lib/gcc/arm-none-eabi/4.8.3/armv6-m/crtn.o
 *crtbegin.o(.ctors)
 *crtbegin?.o(.ctors)
 *(EXCLUDE_FILE(*crtend.o *crtend?.o) .ctors)
 *(SORT(.ctors.*))
 *(.ctors)
 *crtbegin.o(.dtors)
 *crtbegin?.o(.dtors)
 *(EXCLUDE_FILE(*crtend.o *crtend?.o) .dtors)
 *(SORT(.dtors.*))
 *(.dtors)
 *(.rodata*)
 .rodata.str1.1
                0x00009aac       0x6e IMU_Razor.cpp.o
 *fill*         0x00009b1a        0x2 
 .rodata.test   0x00009b1c       0x30 SparkFun_MPU-9250-DMP_v2\util\inv_mpu.c.o
                0x00009b1c                test
 .rodata.str1.1
                0x00009b4c      0x416 SparkFun_MPU-9250-DMP_v2\util\inv_mpu.c.o
 .rodata.hw     0x00009f62        0xe SparkFun_MPU-9250-DMP_v2\util\inv_mpu.c.o
                0x00009f62                hw
 .rodata.reg    0x00009f70       0x2a SparkFun_MPU-9250-DMP_v2\util\inv_mpu.c.o
                0x00009f70                reg
 .rodata        0x00009f9a       0x40 SparkFun_MPU-9250-DMP_v2\util\inv_mpu_dmp_motion_driver.c.o
 .rodata.dmp_memory
                0x00009fda      0xbf6 SparkFun_MPU-9250-DMP_v2\util\inv_mpu_dmp_motion_driver.c.o
 .rodata._ZTV7TwoWire
                0x0000abd0       0x28 Wire\Wire.cpp.o
                0x0000abd0                vtable for TwoWire
 .rodata.g_APinDescription
                0x0000abf8      0x420 C:\Users\David\AppData\Local\Temp\VMBCore\arduino16x\73a724ad7aa31d4094c3317bc736596a\variant\variant.cpp.o
                0x0000abf8                g_APinDescription
 .rodata.str1.4
                0x0000b018        0x8 c:/users/david/appdata/local/arduino15/packages/sparkfun/tools/arm-none-eabi-gcc/4.8.3-2014q1/bin/../lib/gcc/arm-none-eabi/4.8.3/../../../../arm-none-eabi/lib/armv6-m\libm.a(lib_a-w_asin.o)
                                  0xc (size before relaxing)
 .rodata.atanlo
                0x0000b020       0x20 c:/users/david/appdata/local/arduino15/packages/sparkfun/tools/arm-none-eabi-gcc/4.8.3-2014q1/bin/../lib/gcc/arm-none-eabi/4.8.3/../../../../arm-none-eabi/lib/armv6-m\libm.a(lib_a-s_atan.o)
 .rodata.atanhi
                0x0000b040       0x20 c:/users/david/appdata/local/arduino15/packages/sparkfun/tools/arm-none-eabi-gcc/4.8.3-2014q1/bin/../lib/gcc/arm-none-eabi/4.8.3/../../../../arm-none-eabi/lib/armv6-m\libm.a(lib_a-s_atan.o)
 .rodata.str1.1
                0x0000b060        0xc C:\Users\David\AppData\Local\Temp\VMBuilds\IMU_Razor\SparkFun_sparkfun_samd_samd21_9dof\Release/core.a(Print.cpp.o)
                                  0xf (size before relaxing)
 *fill*         0x0000b06c        0x4 
 .rodata._ZTV4Uart
                0x0000b070       0x38 C:\Users\David\AppData\Local\Temp\VMBuilds\IMU_Razor\SparkFun_sparkfun_samd_samd21_9dof\Release/core.a(Uart.cpp.o)
                0x0000b070                vtable for Uart
 .rodata._ZTV7Serial_
                0x0000b0a8       0x28 C:\Users\David\AppData\Local\Temp\VMBuilds\IMU_Razor\SparkFun_sparkfun_samd_samd21_9dof\Release/core.a(CDC.cpp.o)
                0x0000b0a8                vtable for Serial_
 .rodata._ZTV26DoubleBufferedEPOutHandler
                0x0000b0d0       0x18 C:\Users\David\AppData\Local\Temp\VMBuilds\IMU_Razor\SparkFun_sparkfun_samd_samd21_9dof\Release/core.a(USBCore.cpp.o)
                0x0000b0d0                vtable for DoubleBufferedEPOutHandler
 .rodata._ZL19STRING_MANUFACTURER
                0x0000b0e8        0x9 C:\Users\David\AppData\Local\Temp\VMBuilds\IMU_Razor\SparkFun_sparkfun_samd_samd21_9dof\Release/core.a(USBCore.cpp.o)
 *fill*         0x0000b0f1        0x1 
 .rodata._ZL15STRING_LANGUAGE
                0x0000b0f2        0x4 C:\Users\David\AppData\Local\Temp\VMBuilds\IMU_Razor\SparkFun_sparkfun_samd_samd21_9dof\Release/core.a(USBCore.cpp.o)
 .rodata._ZL21USB_DeviceDescriptorB
                0x0000b0f6       0x12 C:\Users\David\AppData\Local\Temp\VMBuilds\IMU_Razor\SparkFun_sparkfun_samd_samd21_9dof\Release/core.a(USBCore.cpp.o)
 .rodata._ZL14STRING_PRODUCT
                0x0000b108        0xd C:\Users\David\AppData\Local\Temp\VMBuilds\IMU_Razor\SparkFun_sparkfun_samd_samd21_9dof\Release/core.a(USBCore.cpp.o)
 *fill*         0x0000b115        0x3 
 .rodata        0x0000b118       0x40 c:/users/david/appdata/local/arduino15/packages/sparkfun/tools/arm-none-eabi-gcc/4.8.3-2014q1/bin/../lib/gcc/arm-none-eabi/4.8.3/armv6-m\libgcc.a(divsf3.o)
 .rodata        0x0000b158       0x40 c:/users/david/appdata/local/arduino15/packages/sparkfun/tools/arm-none-eabi-gcc/4.8.3-2014q1/bin/../lib/gcc/arm-none-eabi/4.8.3/armv6-m\libgcc.a(mulsf3.o)
 .rodata        0x0000b198       0x40 c:/users/david/appdata/local/arduino15/packages/sparkfun/tools/arm-none-eabi-gcc/4.8.3-2014q1/bin/../lib/gcc/arm-none-eabi/4.8.3/armv6-m\libgcc.a(divdf3.o)
 .rodata        0x0000b1d8       0x40 c:/users/david/appdata/local/arduino15/packages/sparkfun/tools/arm-none-eabi-gcc/4.8.3-2014q1/bin/../lib/gcc/arm-none-eabi/4.8.3/armv6-m\libgcc.a(muldf3.o)
 .rodata.str1.1
                0x0000b218        0x2 c:/users/david/appdata/local/arduino15/packages/sparkfun/tools/arm-none-eabi-gcc/4.8.3-2014q1/bin/../lib/gcc/arm-none-eabi/4.8.3/../../../../arm-none-eabi/lib/armv6-m\libc_s.a(lib_a-impure.o)
 *(.eh_frame*)
 *fill*         0x0000b21a        0x2 
 .eh_frame      0x0000b21c        0x0 c:/users/david/appdata/local/arduino15/packages/sparkfun/tools/arm-none-eabi-gcc/4.8.3-2014q1/bin/../lib/gcc/arm-none-eabi/4.8.3/armv6-m/crtbegin.o
 .eh_frame      0x0000b21c        0x4 c:/users/david/appdata/local/arduino15/packages/sparkfun/tools/arm-none-eabi-gcc/4.8.3-2014q1/bin/../lib/gcc/arm-none-eabi/4.8.3/armv6-m/crtend.o

.glue_7         0x0000b220        0x0
 .glue_7        0x00000000        0x0 linker stubs

.glue_7t        0x0000b220        0x0
 .glue_7t       0x00000000        0x0 linker stubs

.vfp11_veneer   0x0000b220        0x0
 .vfp11_veneer  0x00000000        0x0 linker stubs

.v4_bx          0x0000b220        0x0
 .v4_bx         0x00000000        0x0 linker stubs

.iplt           0x0000b220        0x0
 .iplt          0x00000000        0x0 c:/users/david/appdata/local/arduino15/packages/sparkfun/tools/arm-none-eabi-gcc/4.8.3-2014q1/bin/../lib/gcc/arm-none-eabi/4.8.3/armv6-m/crtbegin.o

.rel.dyn        0x0000b220        0x0
 .rel.iplt      0x00000000        0x0 c:/users/david/appdata/local/arduino15/packages/sparkfun/tools/arm-none-eabi-gcc/4.8.3-2014q1/bin/../lib/gcc/arm-none-eabi/4.8.3/armv6-m/crtbegin.o

.ARM.extab
 *(.ARM.extab* .gnu.linkonce.armextab.*)
                0x0000b220                __exidx_start = .

.ARM.exidx
 *(.ARM.exidx* .gnu.linkonce.armexidx.*)
                0x0000b220                __exidx_end = .
                0x0000b220                __etext = .

.data           0x20000000      0x144 load address 0x0000b220
                0x20000000                __data_start__ = .
 *(vtable)
 *(.data*)
 .data.st       0x20000000       0x38 SparkFun_MPU-9250-DMP_v2\util\inv_mpu.c.o
 .data.__fdlib_version
                0x20000038        0x1 c:/users/david/appdata/local/arduino15/packages/sparkfun/tools/arm-none-eabi-gcc/4.8.3-2014q1/bin/../lib/gcc/arm-none-eabi/4.8.3/../../../../arm-none-eabi/lib/armv6-m\libm.a(lib_a-s_lib_ver.o)
                0x20000038                __fdlib_version
 *fill*         0x20000039        0x3 
 .data.SystemCoreClock
                0x2000003c        0x4 C:\Users\David\AppData\Local\Temp\VMBuilds\IMU_Razor\SparkFun_sparkfun_samd_samd21_9dof\Release/core.a(wiring.c.o)
                0x2000003c                SystemCoreClock
 .data._ZL5ticks
                0x20000040        0x4 C:\Users\David\AppData\Local\Temp\VMBuilds\IMU_Razor\SparkFun_sparkfun_samd_samd21_9dof\Release/core.a(Reset.cpp.o)
 .data._ZL12_usbLineInfo
                0x20000044        0x8 C:\Users\David\AppData\Local\Temp\VMBuilds\IMU_Razor\SparkFun_sparkfun_samd_samd21_9dof\Release/core.a(CDC.cpp.o)
 .data._ZL10breakValue
                0x2000004c        0x4 C:\Users\David\AppData\Local\Temp\VMBuilds\IMU_Razor\SparkFun_sparkfun_samd_samd21_9dof\Release/core.a(CDC.cpp.o)
 .data._ZL13_cdcInterface
                0x20000050       0x42 C:\Users\David\AppData\Local\Temp\VMBuilds\IMU_Razor\SparkFun_sparkfun_samd_samd21_9dof\Release/core.a(CDC.cpp.o)
 *fill*         0x20000092        0x2 
 .data._serialPeek
                0x20000094        0x4 C:\Users\David\AppData\Local\Temp\VMBuilds\IMU_Razor\SparkFun_sparkfun_samd_samd21_9dof\Release/core.a(CDC.cpp.o)
                0x20000094                _serialPeek
 .data.EndPoints
                0x20000098       0x28 C:\Users\David\AppData\Local\Temp\VMBuilds\IMU_Razor\SparkFun_sparkfun_samd_samd21_9dof\Release/core.a(USBCore.cpp.o)
                0x20000098                EndPoints
 .data.impure_data
                0x200000c0       0x60 c:/users/david/appdata/local/arduino15/packages/sparkfun/tools/arm-none-eabi-gcc/4.8.3-2014q1/bin/../lib/gcc/arm-none-eabi/4.8.3/../../../../arm-none-eabi/lib/armv6-m\libc_s.a(lib_a-impure.o)
 .data._impure_ptr
                0x20000120        0x4 c:/users/david/appdata/local/arduino15/packages/sparkfun/tools/arm-none-eabi-gcc/4.8.3-2014q1/bin/../lib/gcc/arm-none-eabi/4.8.3/../../../../arm-none-eabi/lib/armv6-m\libc_s.a(lib_a-impure.o)
                0x20000120                _impure_ptr
                0x20000124                . = ALIGN (0x4)
                0x20000124                PROVIDE (__preinit_array_start, .)
 *(.preinit_array)
                0x20000124                PROVIDE (__preinit_array_end, .)
                0x20000124                . = ALIGN (0x4)
                0x20000124                PROVIDE (__init_array_start, .)
 *(SORT(.init_array.*))
 *(.init_array)
 .init_array    0x20000124        0x4 c:/users/david/appdata/local/arduino15/packages/sparkfun/tools/arm-none-eabi-gcc/4.8.3-2014q1/bin/../lib/gcc/arm-none-eabi/4.8.3/armv6-m/crtbegin.o
 .init_array    0x20000128        0x4 IMU_Razor.cpp.o
 .init_array    0x2000012c        0x4 Wire\Wire.cpp.o
 .init_array    0x20000130        0x4 C:\Users\David\AppData\Local\Temp\VMBCore\arduino16x\73a724ad7aa31d4094c3317bc736596a\variant\variant.cpp.o
 .init_array    0x20000134        0x4 C:\Users\David\AppData\Local\Temp\VMBuilds\IMU_Razor\SparkFun_sparkfun_samd_samd21_9dof\Release/core.a(CDC.cpp.o)
 .init_array    0x20000138        0x4 C:\Users\David\AppData\Local\Temp\VMBuilds\IMU_Razor\SparkFun_sparkfun_samd_samd21_9dof\Release/core.a(USBCore.cpp.o)
                0x2000013c                PROVIDE (__init_array_end, .)
                0x2000013c                . = ALIGN (0x4)
                0x2000013c                PROVIDE (__fini_array_start, .)
 *(SORT(.fini_array.*))
 *(.fini_array)
 .fini_array    0x2000013c        0x4 c:/users/david/appdata/local/arduino15/packages/sparkfun/tools/arm-none-eabi-gcc/4.8.3-2014q1/bin/../lib/gcc/arm-none-eabi/4.8.3/armv6-m/crtbegin.o
                0x20000140                PROVIDE (__fini_array_end, .)
 *(.jcr*)
 .jcr           0x20000140        0x0 c:/users/david/appdata/local/arduino15/packages/sparkfun/tools/arm-none-eabi-gcc/4.8.3-2014q1/bin/../lib/gcc/arm-none-eabi/4.8.3/armv6-m/crtbegin.o
 .jcr           0x20000140        0x4 c:/users/david/appdata/local/arduino15/packages/sparkfun/tools/arm-none-eabi-gcc/4.8.3-2014q1/bin/../lib/gcc/arm-none-eabi/4.8.3/armv6-m/crtend.o
                0x20000144                . = ALIGN (0x4)
                0x20000144                __data_end__ = .

.igot.plt       0x20000144        0x0 load address 0x0000b364
 .igot.plt      0x00000000        0x0 c:/users/david/appdata/local/arduino15/packages/sparkfun/tools/arm-none-eabi-gcc/4.8.3-2014q1/bin/../lib/gcc/arm-none-eabi/4.8.3/armv6-m/crtbegin.o

.bss            0x20000144      0xa48 load address 0x0000b364
                0x20000144                . = ALIGN (0x4)
                0x20000144                __bss_start__ = .
 *(.bss*)
 .bss           0x20000144       0x1c c:/users/david/appdata/local/arduino15/packages/sparkfun/tools/arm-none-eabi-gcc/4.8.3-2014q1/bin/../lib/gcc/arm-none-eabi/4.8.3/armv6-m/crtbegin.o
 .bss.imu       0x20000160       0x58 IMU_Razor.cpp.o
                0x20000160                imu
 .bss.dmp       0x200001b8       0x10 SparkFun_MPU-9250-DMP_v2\util\inv_mpu_dmp_motion_driver.c.o
 .bss.Wire      0x200001c8      0x234 Wire\Wire.cpp.o
                0x200001c8                Wire
 .bss.Serial    0x200003fc       0xbc C:\Users\David\AppData\Local\Temp\VMBCore\arduino16x\73a724ad7aa31d4094c3317bc736596a\variant\variant.cpp.o
                0x200003fc                Serial
 .bss.Serial1   0x200004b8       0xbc C:\Users\David\AppData\Local\Temp\VMBCore\arduino16x\73a724ad7aa31d4094c3317bc736596a\variant\variant.cpp.o
                0x200004b8                Serial1
 .bss.sercom3   0x20000574        0x4 C:\Users\David\AppData\Local\Temp\VMBCore\arduino16x\73a724ad7aa31d4094c3317bc736596a\variant\variant.cpp.o
                0x20000574                sercom3
 .bss.sercom0   0x20000578        0x4 C:\Users\David\AppData\Local\Temp\VMBCore\arduino16x\73a724ad7aa31d4094c3317bc736596a\variant\variant.cpp.o
                0x20000578                sercom0
 .bss.sercom1   0x2000057c        0x4 C:\Users\David\AppData\Local\Temp\VMBCore\arduino16x\73a724ad7aa31d4094c3317bc736596a\variant\variant.cpp.o
                0x2000057c                sercom1
 .bss.sercom2   0x20000580        0x4 C:\Users\David\AppData\Local\Temp\VMBCore\arduino16x\73a724ad7aa31d4094c3317bc736596a\variant\variant.cpp.o
                0x20000580                sercom2
 .bss.sercom4   0x20000584        0x4 C:\Users\David\AppData\Local\Temp\VMBCore\arduino16x\73a724ad7aa31d4094c3317bc736596a\variant\variant.cpp.o
                0x20000584                sercom4
 .bss.sercom5   0x20000588        0x4 C:\Users\David\AppData\Local\Temp\VMBCore\arduino16x\73a724ad7aa31d4094c3317bc736596a\variant\variant.cpp.o
                0x20000588                sercom5
 .bss.usb_isr   0x2000058c        0x4 C:\Users\David\AppData\Local\Temp\VMBuilds\IMU_Razor\SparkFun_sparkfun_samd_samd21_9dof\Release/core.a(cortex_handlers.c.o)
 .bss._ulTickCount
                0x20000590        0x4 C:\Users\David\AppData\Local\Temp\VMBuilds\IMU_Razor\SparkFun_sparkfun_samd_samd21_9dof\Release/core.a(delay.c.o)
 .bss.SerialUSB
                0x20000594       0x1c C:\Users\David\AppData\Local\Temp\VMBuilds\IMU_Razor\SparkFun_sparkfun_samd_samd21_9dof\Release/core.a(CDC.cpp.o)
                0x20000594                SerialUSB
 .bss._ZL14isEndpointHalt
                0x200005b0        0x1 C:\Users\David\AppData\Local\Temp\VMBuilds\IMU_Razor\SparkFun_sparkfun_samd_samd21_9dof\Release/core.a(USBCore.cpp.o)
 .bss._pack_buffer
                0x200005b1      0x100 C:\Users\David\AppData\Local\Temp\VMBuilds\IMU_Razor\SparkFun_sparkfun_samd_samd21_9dof\Release/core.a(USBCore.cpp.o)
                0x200005b1                _pack_buffer
 *fill*         0x200006b1        0x1 
 .bss._pack_size
                0x200006b2        0x2 C:\Users\David\AppData\Local\Temp\VMBuilds\IMU_Razor\SparkFun_sparkfun_samd_samd21_9dof\Release/core.a(USBCore.cpp.o)
                0x200006b2                _pack_size
 .bss._ZL20LastTransmitTimedOut
                0x200006b4        0x7 C:\Users\David\AppData\Local\Temp\VMBuilds\IMU_Razor\SparkFun_sparkfun_samd_samd21_9dof\Release/core.a(USBCore.cpp.o)
 *fill*         0x200006bb        0x1 
 .bss._ZL22udd_ep_in_cache_buffer
                0x200006bc      0x1c0 C:\Users\David\AppData\Local\Temp\VMBuilds\IMU_Razor\SparkFun_sparkfun_samd_samd21_9dof\Release/core.a(USBCore.cpp.o)
 .bss._ZL10txLEDPulse
                0x2000087c        0x1 C:\Users\David\AppData\Local\Temp\VMBuilds\IMU_Razor\SparkFun_sparkfun_samd_samd21_9dof\Release/core.a(USBCore.cpp.o)
 *fill*         0x2000087d        0x3 
 .bss._ZL23udd_ep_out_cache_buffer
                0x20000880      0x1c0 C:\Users\David\AppData\Local\Temp\VMBuilds\IMU_Razor\SparkFun_sparkfun_samd_samd21_9dof\Release/core.a(USBCore.cpp.o)
 .bss._ZL10epHandlers
                0x20000a40       0x1c C:\Users\David\AppData\Local\Temp\VMBuilds\IMU_Razor\SparkFun_sparkfun_samd_samd21_9dof\Release/core.a(USBCore.cpp.o)
 .bss._pack_message
                0x20000a5c        0x1 C:\Users\David\AppData\Local\Temp\VMBuilds\IMU_Razor\SparkFun_sparkfun_samd_samd21_9dof\Release/core.a(USBCore.cpp.o)
                0x20000a5c                _pack_message
 .bss._ZL21isRemoteWakeUpEnabled
                0x20000a5d        0x1 C:\Users\David\AppData\Local\Temp\VMBuilds\IMU_Razor\SparkFun_sparkfun_samd_samd21_9dof\Release/core.a(USBCore.cpp.o)
 .bss._dry_run  0x20000a5e        0x1 C:\Users\David\AppData\Local\Temp\VMBuilds\IMU_Razor\SparkFun_sparkfun_samd_samd21_9dof\Release/core.a(USBCore.cpp.o)
                0x20000a5e                _dry_run
 .bss.USBDevice
                0x20000a5f        0x1 C:\Users\David\AppData\Local\Temp\VMBuilds\IMU_Razor\SparkFun_sparkfun_samd_samd21_9dof\Release/core.a(USBCore.cpp.o)
                0x20000a5f                USBDevice
 .bss._usbSetInterface
                0x20000a60        0x4 C:\Users\David\AppData\Local\Temp\VMBuilds\IMU_Razor\SparkFun_sparkfun_samd_samd21_9dof\Release/core.a(USBCore.cpp.o)
                0x20000a60                _usbSetInterface
 .bss._ZL10rxLEDPulse
                0x20000a64        0x1 C:\Users\David\AppData\Local\Temp\VMBuilds\IMU_Razor\SparkFun_sparkfun_samd_samd21_9dof\Release/core.a(USBCore.cpp.o)
 *fill*         0x20000a65        0x3 
 .bss.usbd      0x20000a68      0x104 C:\Users\David\AppData\Local\Temp\VMBuilds\IMU_Razor\SparkFun_sparkfun_samd_samd21_9dof\Release/core.a(USBCore.cpp.o)
                0x20000a68                usbd
 .bss._usbConfiguration
                0x20000b6c        0x4 C:\Users\David\AppData\Local\Temp\VMBuilds\IMU_Razor\SparkFun_sparkfun_samd_samd21_9dof\Release/core.a(USBCore.cpp.o)
                0x20000b6c                _usbConfiguration
 .bss._ZZ12PluggableUSBvE3obj
                0x20000b70        0x8 C:\Users\David\AppData\Local\Temp\VMBuilds\IMU_Razor\SparkFun_sparkfun_samd_samd21_9dof\Release/core.a(PluggableUSB.cpp.o)
 .bss._ZGVZ12PluggableUSBvE3obj
                0x20000b78        0x4 C:\Users\David\AppData\Local\Temp\VMBuilds\IMU_Razor\SparkFun_sparkfun_samd_samd21_9dof\Release/core.a(PluggableUSB.cpp.o)
 .bss.__malloc_sbrk_start
                0x20000b7c        0x4 c:/users/david/appdata/local/arduino15/packages/sparkfun/tools/arm-none-eabi-gcc/4.8.3-2014q1/bin/../lib/gcc/arm-none-eabi/4.8.3/../../../../arm-none-eabi/lib/armv6-m\libc_s.a(lib_a-nano-mallocr.o)
                0x20000b7c                __malloc_sbrk_start
 .bss.__malloc_free_list
                0x20000b80        0x4 c:/users/david/appdata/local/arduino15/packages/sparkfun/tools/arm-none-eabi-gcc/4.8.3-2014q1/bin/../lib/gcc/arm-none-eabi/4.8.3/../../../../arm-none-eabi/lib/armv6-m\libc_s.a(lib_a-nano-mallocr.o)
                0x20000b80                __malloc_free_list
 .bss.heap_end.4243
                0x20000b84        0x4 c:/users/david/appdata/local/arduino15/packages/sparkfun/tools/arm-none-eabi-gcc/4.8.3-2014q1/bin/../lib/gcc/arm-none-eabi/4.8.3/../../../../arm-none-eabi/lib/armv6-m\libnosys.a(sbrk.o)
 *(COMMON)
 COMMON         0x20000b88        0x4 c:/users/david/appdata/local/arduino15/packages/sparkfun/tools/arm-none-eabi-gcc/4.8.3-2014q1/bin/../lib/gcc/arm-none-eabi/4.8.3/../../../../arm-none-eabi/lib/armv6-m\libc_s.a(lib_a-reent.o)
                0x20000b88                errno
                0x20000b8c                . = ALIGN (0x4)
                0x20000b8c                __bss_end__ = .

.heap           0x20000b8c        0x0
                0x20000b8c                __end__ = .
                0x20000b8c                PROVIDE (end, .)
 *(.heap*)
                0x20000b8c                __HeapLimit = .

.stack_dummy    0x20000b8c        0x0
 *(.stack*)
                0x20008000                __StackTop = (ORIGIN (RAM) + 0x8000)
                0x20008000                __StackLimit = (__StackTop - SIZEOF (.stack_dummy))
                0x20008000                PROVIDE (__stack, __StackTop)
                0x20007fff                __ram_end__ = ((ORIGIN (RAM) + 0x8000) - 0x1)
                0x00000001                ASSERT ((__StackLimit >= __HeapLimit), region RAM overflowed with stack)
OUTPUT(C:\Users\David\AppData\Local\Temp\VMBuilds\IMU_Razor\SparkFun_sparkfun_samd_samd21_9dof\Release/IMU_Razor.ino.elf elf32-littlearm)

.ARM.attributes
                0x00000000       0x28
 .ARM.attributes
                0x00000000       0x1e c:/users/david/appdata/local/arduino15/packages/sparkfun/tools/arm-none-eabi-gcc/4.8.3-2014q1/bin/../lib/gcc/arm-none-eabi/4.8.3/armv6-m/crti.o
 .ARM.attributes
                0x0000001e       0x2c c:/users/david/appdata/local/arduino15/packages/sparkfun/tools/arm-none-eabi-gcc/4.8.3-2014q1/bin/../lib/gcc/arm-none-eabi/4.8.3/armv6-m/crtbegin.o
 .ARM.attributes
                0x0000004a       0x32 IMU_Razor.cpp.o
 .ARM.attributes
                0x0000007c       0x32 SparkFun_MPU-9250-DMP_v2\SparkFunMPU9250-DMP_2.cpp.o
 .ARM.attributes
                0x000000ae       0x32 SparkFun_MPU-9250-DMP_v2\util\arduino_mpu9250_clk.c.o
 .ARM.attributes
                0x000000e0       0x32 SparkFun_MPU-9250-DMP_v2\util\inv_mpu.c.o
 .ARM.attributes
                0x00000112       0x32 SparkFun_MPU-9250-DMP_v2\util\inv_mpu_dmp_motion_driver.c.o
 .ARM.attributes
                0x00000144       0x32 SparkFun_MPU-9250-DMP_v2\util\arduino_mpu9250_i2c.cpp.o
 .ARM.attributes
                0x00000176       0x32 SparkFun_MPU-9250-DMP_v2\util\arduino_mpu9250_log.cpp.o
 .ARM.attributes
                0x000001a8       0x32 Wire\Wire.cpp.o
 .ARM.attributes
                0x000001da       0x32 C:\Users\David\AppData\Local\Temp\VMBCore\arduino16x\73a724ad7aa31d4094c3317bc736596a\variant\variant.cpp.o
 .ARM.attributes
                0x0000020c       0x2c c:/users/david/appdata/local/arduino15/packages/sparkfun/tools/arm-none-eabi-gcc/4.8.3-2014q1/bin/../lib/gcc/arm-none-eabi/4.8.3/../../../../arm-none-eabi/lib/armv6-m\libm.a(lib_a-w_asin.o)
 .ARM.attributes
                0x00000238       0x2c c:/users/david/appdata/local/arduino15/packages/sparkfun/tools/arm-none-eabi-gcc/4.8.3-2014q1/bin/../lib/gcc/arm-none-eabi/4.8.3/../../../../arm-none-eabi/lib/armv6-m\libm.a(lib_a-w_atan2.o)
 .ARM.attributes
                0x00000264       0x2c c:/users/david/appdata/local/arduino15/packages/sparkfun/tools/arm-none-eabi-gcc/4.8.3-2014q1/bin/../lib/gcc/arm-none-eabi/4.8.3/../../../../arm-none-eabi/lib/armv6-m\libm.a(lib_a-e_asin.o)
 .ARM.attributes
                0x00000290       0x2c c:/users/david/appdata/local/arduino15/packages/sparkfun/tools/arm-none-eabi-gcc/4.8.3-2014q1/bin/../lib/gcc/arm-none-eabi/4.8.3/../../../../arm-none-eabi/lib/armv6-m\libm.a(lib_a-e_atan2.o)
 .ARM.attributes
                0x000002bc       0x2c c:/users/david/appdata/local/arduino15/packages/sparkfun/tools/arm-none-eabi-gcc/4.8.3-2014q1/bin/../lib/gcc/arm-none-eabi/4.8.3/../../../../arm-none-eabi/lib/armv6-m\libm.a(lib_a-e_sqrt.o)
 .ARM.attributes
                0x000002e8       0x2c c:/users/david/appdata/local/arduino15/packages/sparkfun/tools/arm-none-eabi-gcc/4.8.3-2014q1/bin/../lib/gcc/arm-none-eabi/4.8.3/../../../../arm-none-eabi/lib/armv6-m\libm.a(lib_a-s_atan.o)
 .ARM.attributes
                0x00000314       0x2c c:/users/david/appdata/local/arduino15/packages/sparkfun/tools/arm-none-eabi-gcc/4.8.3-2014q1/bin/../lib/gcc/arm-none-eabi/4.8.3/../../../../arm-none-eabi/lib/armv6-m\libm.a(lib_a-s_fabs.o)
 .ARM.attributes
                0x00000340       0x2c c:/users/david/appdata/local/arduino15/packages/sparkfun/tools/arm-none-eabi-gcc/4.8.3-2014q1/bin/../lib/gcc/arm-none-eabi/4.8.3/../../../../arm-none-eabi/lib/armv6-m\libm.a(lib_a-s_fpclassify.o)
 .ARM.attributes
                0x0000036c       0x2c c:/users/david/appdata/local/arduino15/packages/sparkfun/tools/arm-none-eabi-gcc/4.8.3-2014q1/bin/../lib/gcc/arm-none-eabi/4.8.3/../../../../arm-none-eabi/lib/armv6-m\libm.a(lib_a-s_lib_ver.o)
 .ARM.attributes
                0x00000398       0x2c c:/users/david/appdata/local/arduino15/packages/sparkfun/tools/arm-none-eabi-gcc/4.8.3-2014q1/bin/../lib/gcc/arm-none-eabi/4.8.3/../../../../arm-none-eabi/lib/armv6-m\libm.a(lib_a-s_matherr.o)
 .ARM.attributes
                0x000003c4       0x2c c:/users/david/appdata/local/arduino15/packages/sparkfun/tools/arm-none-eabi-gcc/4.8.3-2014q1/bin/../lib/gcc/arm-none-eabi/4.8.3/../../../../arm-none-eabi/lib/armv6-m\libm.a(lib_a-s_nan.o)
 .ARM.attributes
                0x000003f0       0x32 C:\Users\David\AppData\Local\Temp\VMBuilds\IMU_Razor\SparkFun_sparkfun_samd_samd21_9dof\Release/core.a(cortex_handlers.c.o)
 .ARM.attributes
                0x00000422       0x32 C:\Users\David\AppData\Local\Temp\VMBuilds\IMU_Razor\SparkFun_sparkfun_samd_samd21_9dof\Release/core.a(delay.c.o)
 .ARM.attributes
                0x00000454       0x32 C:\Users\David\AppData\Local\Temp\VMBuilds\IMU_Razor\SparkFun_sparkfun_samd_samd21_9dof\Release/core.a(hooks.c.o)
 .ARM.attributes
                0x00000486       0x32 C:\Users\David\AppData\Local\Temp\VMBuilds\IMU_Razor\SparkFun_sparkfun_samd_samd21_9dof\Release/core.a(startup.c.o)
 .ARM.attributes
                0x000004b8       0x32 C:\Users\David\AppData\Local\Temp\VMBuilds\IMU_Razor\SparkFun_sparkfun_samd_samd21_9dof\Release/core.a(wiring.c.o)
 .ARM.attributes
                0x000004ea       0x32 C:\Users\David\AppData\Local\Temp\VMBuilds\IMU_Razor\SparkFun_sparkfun_samd_samd21_9dof\Release/core.a(wiring_analog.c.o)
 .ARM.attributes
                0x0000051c       0x32 C:\Users\David\AppData\Local\Temp\VMBuilds\IMU_Razor\SparkFun_sparkfun_samd_samd21_9dof\Release/core.a(wiring_digital.c.o)
 .ARM.attributes
                0x0000054e       0x32 C:\Users\David\AppData\Local\Temp\VMBuilds\IMU_Razor\SparkFun_sparkfun_samd_samd21_9dof\Release/core.a(wiring_private.c.o)
 .ARM.attributes
                0x00000580       0x32 C:\Users\David\AppData\Local\Temp\VMBuilds\IMU_Razor\SparkFun_sparkfun_samd_samd21_9dof\Release/core.a(main.cpp.o)
 .ARM.attributes
                0x000005b2       0x32 C:\Users\David\AppData\Local\Temp\VMBuilds\IMU_Razor\SparkFun_sparkfun_samd_samd21_9dof\Release/core.a(Print.cpp.o)
 .ARM.attributes
                0x000005e4       0x32 C:\Users\David\AppData\Local\Temp\VMBuilds\IMU_Razor\SparkFun_sparkfun_samd_samd21_9dof\Release/core.a(Reset.cpp.o)
 .ARM.attributes
                0x00000616       0x32 C:\Users\David\AppData\Local\Temp\VMBuilds\IMU_Razor\SparkFun_sparkfun_samd_samd21_9dof\Release/core.a(SERCOM.cpp.o)
 .ARM.attributes