Archive member included because of file (symbol)

c:/users/david/appdata/local/arduino15/packages/sparkfun/tools/arm-none-eabi-gcc/4.8.3-2014q1/bin/../lib/gcc/arm-none-eabi/4.8.3/../../../../arm-none-eabi/lib/armv6-m\libm.a(lib_a-w_asin.o)
                              IMU.cpp.o (asin)
c:/users/david/appdata/local/arduino15/packages/sparkfun/tools/arm-none-eabi-gcc/4.8.3-2014q1/bin/../lib/gcc/arm-none-eabi/4.8.3/../../../../arm-none-eabi/lib/armv6-m\libm.a(lib_a-w_atan2.o)
                              IMU.cpp.o (atan2)
c:/users/david/appdata/local/arduino15/packages/sparkfun/tools/arm-none-eabi-gcc/4.8.3-2014q1/bin/../lib/gcc/arm-none-eabi/4.8.3/../../../../arm-none-eabi/lib/armv6-m\libm.a(lib_a-e_asin.o)
                              c:/users/david/appdata/local/arduino15/packages/sparkfun/tools/arm-none-eabi-gcc/4.8.3-2014q1/bin/../lib/gcc/arm-none-eabi/4.8.3/../../../../arm-none-eabi/lib/armv6-m\libm.a(lib_a-w_asin.o) (__ieee754_asin)
c:/users/david/appdata/local/arduino15/packages/sparkfun/tools/arm-none-eabi-gcc/4.8.3-2014q1/bin/../lib/gcc/arm-none-eabi/4.8.3/../../../../arm-none-eabi/lib/armv6-m\libm.a(lib_a-e_atan2.o)
                              c:/users/david/appdata/local/arduino15/packages/sparkfun/tools/arm-none-eabi-gcc/4.8.3-2014q1/bin/../lib/gcc/arm-none-eabi/4.8.3/../../../../arm-none-eabi/lib/armv6-m\libm.a(lib_a-w_atan2.o) (__ieee754_atan2)
c:/users/david/appdata/local/arduino15/packages/sparkfun/tools/arm-none-eabi-gcc/4.8.3-2014q1/bin/../lib/gcc/arm-none-eabi/4.8.3/../../../../arm-none-eabi/lib/armv6-m\libm.a(lib_a-e_sqrt.o)
                              c:/users/david/appdata/local/arduino15/packages/sparkfun/tools/arm-none-eabi-gcc/4.8.3-2014q1/bin/../lib/gcc/arm-none-eabi/4.8.3/../../../../arm-none-eabi/lib/armv6-m\libm.a(lib_a-e_asin.o) (__ieee754_sqrt)
c:/users/david/appdata/local/arduino15/packages/sparkfun/tools/arm-none-eabi-gcc/4.8.3-2014q1/bin/../lib/gcc/arm-none-eabi/4.8.3/../../../../arm-none-eabi/lib/armv6-m\libm.a(lib_a-s_atan.o)
                              c:/users/david/appdata/local/arduino15/packages/sparkfun/tools/arm-none-eabi-gcc/4.8.3-2014q1/bin/../lib/gcc/arm-none-eabi/4.8.3/../../../../arm-none-eabi/lib/armv6-m\libm.a(lib_a-e_atan2.o) (atan)
c:/users/david/appdata/local/arduino15/packages/sparkfun/tools/arm-none-eabi-gcc/4.8.3-2014q1/bin/../lib/gcc/arm-none-eabi/4.8.3/../../../../arm-none-eabi/lib/armv6-m\libm.a(lib_a-s_fabs.o)
                              c:/users/david/appdata/local/arduino15/packages/sparkfun/tools/arm-none-eabi-gcc/4.8.3-2014q1/bin/../lib/gcc/arm-none-eabi/4.8.3/../../../../arm-none-eabi/lib/armv6-m\libm.a(lib_a-w_asin.o) (fabs)
c:/users/david/appdata/local/arduino15/packages/sparkfun/tools/arm-none-eabi-gcc/4.8.3-2014q1/bin/../lib/gcc/arm-none-eabi/4.8.3/../../../../arm-none-eabi/lib/armv6-m\libm.a(lib_a-s_fpclassify.o)
                              c:/users/david/appdata/local/arduino15/packages/sparkfun/tools/arm-none-eabi-gcc/4.8.3-2014q1/bin/../lib/gcc/arm-none-eabi/4.8.3/../../../../arm-none-eabi/lib/armv6-m\libm.a(lib_a-w_asin.o) (__fpclassifyd)
c:/users/david/appdata/local/arduino15/packages/sparkfun/tools/arm-none-eabi-gcc/4.8.3-2014q1/bin/../lib/gcc/arm-none-eabi/4.8.3/../../../../arm-none-eabi/lib/armv6-m\libm.a(lib_a-s_lib_ver.o)
                              c:/users/david/appdata/local/arduino15/packages/sparkfun/tools/arm-none-eabi-gcc/4.8.3-2014q1/bin/../lib/gcc/arm-none-eabi/4.8.3/../../../../arm-none-eabi/lib/armv6-m\libm.a(lib_a-w_asin.o) (__fdlib_version)
c:/users/david/appdata/local/arduino15/packages/sparkfun/tools/arm-none-eabi-gcc/4.8.3-2014q1/bin/../lib/gcc/arm-none-eabi/4.8.3/../../../../arm-none-eabi/lib/armv6-m\libm.a(lib_a-s_matherr.o)
                              c:/users/david/appdata/local/arduino15/packages/sparkfun/tools/arm-none-eabi-gcc/4.8.3-2014q1/bin/../lib/gcc/arm-none-eabi/4.8.3/../../../../arm-none-eabi/lib/armv6-m\libm.a(lib_a-w_asin.o) (matherr)
c:/users/david/appdata/local/arduino15/packages/sparkfun/tools/arm-none-eabi-gcc/4.8.3-2014q1/bin/../lib/gcc/arm-none-eabi/4.8.3/../../../../arm-none-eabi/lib/armv6-m\libm.a(lib_a-s_nan.o)
                              c:/users/david/appdata/local/arduino15/packages/sparkfun/tools/arm-none-eabi-gcc/4.8.3-2014q1/bin/../lib/gcc/arm-none-eabi/4.8.3/../../../../arm-none-eabi/lib/armv6-m\libm.a(lib_a-w_asin.o) (nan)
C:\Users\David\AppData\Local\Temp\VMBuilds\IMU_USFS\SparkFun_sparkfun_samd_samd21_9dof\Release/core.a(cortex_handlers.c.o)
                              (Reset_Handler)
C:\Users\David\AppData\Local\Temp\VMBuilds\IMU_USFS\SparkFun_sparkfun_samd_samd21_9dof\Release/core.a(delay.c.o)
                              IMU_USFS.cpp.o (millis)
C:\Users\David\AppData\Local\Temp\VMBuilds\IMU_USFS\SparkFun_sparkfun_samd_samd21_9dof\Release/core.a(hooks.c.o)
                              C:\Users\David\AppData\Local\Temp\VMBuilds\IMU_USFS\SparkFun_sparkfun_samd_samd21_9dof\Release/core.a(delay.c.o) (yield)
[...]
Memory Configuration

Name             Origin             Length             Attributes
FLASH            0x00002000         0x0003e000         xr
RAM              0x20000000         0x00008000         xrw
*default*        0x00000000         0xffffffff

Linker script and memory map

LOAD c:/users/david/appdata/local/arduino15/packages/sparkfun/tools/arm-none-eabi-gcc/4.8.3-2014q1/bin/../lib/gcc/arm-none-eabi/4.8.3/armv6-m/crti.o
LOAD c:/users/david/appdata/local/arduino15/packages/sparkfun/tools/arm-none-eabi-gcc/4.8.3-2014q1/bin/../lib/gcc/arm-none-eabi/4.8.3/armv6-m/crtbegin.o
LOAD c:/users/david/appdata/local/arduino15/packages/sparkfun/tools/arm-none-eabi-gcc/4.8.3-2014q1/bin/../lib/gcc/arm-none-eabi/4.8.3/../../../../arm-none-eabi/lib/armv6-m/crt0.o
LOAD IMU_USFS.cpp.o
LOAD Alarms.cpp.o
LOAD EM7180.cpp.o
LOAD I2Cdev.cpp.o
LOAD IMU.cpp.o
LOAD Wire\Wire.cpp.o
LOAD C:\Users\David\AppData\Local\Temp\VMBCore\arduino16x\73a724ad7aa31d4094c3317bc736596a\variant\variant.cpp.o
START GROUP
LOAD C:\Users\David\AppData\Local\arduino15\packages\arduino\tools\CMSIS\4.5.0/CMSIS/Lib/GCC/\libarm_cortexM0l_math.a
LOAD c:/users/david/appdata/local/arduino15/packages/sparkfun/tools/arm-none-eabi-gcc/4.8.3-2014q1/bin/../lib/gcc/arm-none-eabi/4.8.3/../../../../arm-none-eabi/lib/armv6-m\libm.a
LOAD C:\Users\David\AppData\Local\Temp\VMBuilds\IMU_USFS\SparkFun_sparkfun_samd_samd21_9dof\Release/core.a
END GROUP
START GROUP
LOAD c:/users/david/appdata/local/arduino15/packages/sparkfun/tools/arm-none-eabi-gcc/4.8.3-2014q1/bin/../lib/gcc/arm-none-eabi/4.8.3/armv6-m\libgcc.a
LOAD c:/users/david/appdata/local/arduino15/packages/sparkfun/tools/arm-none-eabi-gcc/4.8.3-2014q1/bin/../lib/gcc/arm-none-eabi/4.8.3/../../../../arm-none-eabi/lib/armv6-m\libc_s.a
END GROUP
START GROUP
LOAD c:/users/david/appdata/local/arduino15/packages/sparkfun/tools/arm-none-eabi-gcc/4.8.3-2014q1/bin/../lib/gcc/arm-none-eabi/4.8.3/armv6-m\libgcc.a
LOAD c:/users/david/appdata/local/arduino15/packages/sparkfun/tools/arm-none-eabi-gcc/4.8.3-2014q1/bin/../lib/gcc/arm-none-eabi/4.8.3/../../../../arm-none-eabi/lib/armv6-m\libc_s.a
LOAD c:/users/david/appdata/local/arduino15/packages/sparkfun/tools/arm-none-eabi-gcc/4.8.3-2014q1/bin/../lib/gcc/arm-none-eabi/4.8.3/../../../../arm-none-eabi/lib/armv6-m\libnosys.a
END GROUP
START GROUP
LOAD c:/users/david/appdata/local/arduino15/packages/sparkfun/tools/arm-none-eabi-gcc/4.8.3-2014q1/bin/../lib/gcc/arm-none-eabi/4.8.3/armv6-m\libgcc.a
LOAD c:/users/david/appdata/local/arduino15/packages/sparkfun/tools/arm-none-eabi-gcc/4.8.3-2014q1/bin/../lib/gcc/arm-none-eabi/4.8.3/../../../../arm-none-eabi/lib/armv6-m\libc_s.a
LOAD c:/users/david/appdata/local/arduino15/packages/sparkfun/tools/arm-none-eabi-gcc/4.8.3-2014q1/bin/../lib/gcc/arm-none-eabi/4.8.3/../../../../arm-none-eabi/lib/armv6-m\libnosys.a
END GROUP
LOAD c:/users/david/appdata/local/arduino15/packages/sparkfun/tools/arm-none-eabi-gcc/4.8.3-2014q1/bin/../lib/gcc/arm-none-eabi/4.8.3/armv6-m/crtend.o
LOAD c:/users/david/appdata/local/arduino15/packages/sparkfun/tools/arm-none-eabi-gcc/4.8.3-2014q1/bin/../lib/gcc/arm-none-eabi/4.8.3/armv6-m/crtn.o

.text           0x00002000     0x8928
 *(.isr_vector)
 .isr_vector    0x00002000       0xb4 C:\Users\David\AppData\Local\Temp\VMBuilds\IMU_USFS\SparkFun_sparkfun_samd_samd21_9dof\Release/core.a(cortex_handlers.c.o)
                0x00002000                exception_table
 *(.text*)
 .text          0x000020b4       0x60 c:/users/david/appdata/local/arduino15/packages/sparkfun/tools/arm-none-eabi-gcc/4.8.3-2014q1/bin/../lib/gcc/arm-none-eabi/4.8.3/armv6-m/crtbegin.o
 .text._Z12DRDY_Handlerv
                0x00002114        0xc IMU_USFS.cpp.o
                0x00002114                DRDY_Handler()
 .text._Z16FetchEventStatusP6I2Cdevh
                0x00002120       0x70 IMU_USFS.cpp.o
                0x00002120                FetchEventStatus(I2Cdev*, unsigned char)
 .text._Z16FetchSentralDataP6EM7180P3IMUh
                0x00002190      0x1b8 IMU_USFS.cpp.o
                0x00002190                FetchSentralData(EM7180*, IMU*, unsigned char)
 .text.setup    0x00002348      0x114 IMU_USFS.cpp.o
                0x00002348                setup
 .text._Z15CommToAutoSteerv
                0x0000245c       0x6c IMU_USFS.cpp.o
                0x0000245c                CommToAutoSteer()
 .text.loop     0x000024c8       0xd8 IMU_USFS.cpp.o
                0x000024c8                loop
 .text._ZN6Alarms8IndLEDonEv
                0x000025a0        0xc Alarms.cpp.o
                0x000025a0                Alarms::IndLEDon()
 .text._ZN6Alarms9IndLEDoffEv
                0x000025ac        0xc Alarms.cpp.o
                0x000025ac                Alarms::IndLEDoff()
 .text._ZN6Alarms13toggle_IndLEDEv
                0x000025b8       0x1c Alarms.cpp.o
                0x000025b8                Alarms::toggle_IndLED()
 .text._ZN6Alarms12blink_IndLEDEhhh
                0x000025d4       0x32 Alarms.cpp.o
                0x000025d4                Alarms::blink_IndLED(unsigned char, unsigned char, unsigned char)
 .text._ZN6EM7180C2EP6I2Cdevh
                0x00002606        0x6 EM7180.cpp.o
                0x00002606                EM7180::EM7180(I2Cdev*, unsigned char)
                0x00002606                EM7180::EM7180(I2Cdev*, unsigned char)
 .text._ZN6EM718016i2c_getSixRawADCEhh
                0x0000260c       0x14 EM7180.cpp.o
                0x0000260c                EM7180::i2c_getSixRawADC(unsigned char, unsigned char)
 .text._ZN6EM718019uint32_reg_to_floatEPh
                0x00002620       0x16 EM7180.cpp.o
                0x00002620                EM7180::uint32_reg_to_float(unsigned char*)
 .text._ZN6EM718014float_to_bytesEfPh
                0x00002636       0x26 EM7180.cpp.o
                0x00002636                EM7180::float_to_bytes(float, unsigned char*)
 .text._ZN6EM71807getQUATEv
                0x0000265c       0x68 EM7180.cpp.o
                0x0000265c                EM7180::getQUAT()
 .text._ZN6EM718013Baro_getPressEv
                0x000026c4       0x20 EM7180.cpp.o
                0x000026c4                EM7180::Baro_getPress()
 .text._ZN6EM718012Baro_getTempEv
                0x000026e4       0x20 EM7180.cpp.o
                0x000026e4                EM7180::Baro_getTemp()
 .text._ZN6EM718011Gyro_getADCEv
                0x00002704       0x40 EM7180.cpp.o
                0x00002704                EM7180::Gyro_getADC()
 .text._ZN6EM718010ACC_getADCEv
                0x00002744       0x6c EM7180.cpp.o
                0x00002744                EM7180::ACC_getADC()
 .text._ZN6EM718021EM7180_acc_cal_uploadEv
                0x000027b0      0x1c0 EM7180.cpp.o
                0x000027b0                EM7180::EM7180_acc_cal_upload()
 .text._ZN6EM718010Mag_getADCEv
                0x00002970       0x40 EM7180.cpp.o
                0x00002970                EM7180::Mag_getADC()
 .text._ZN6EM718018EM7180_set_gyro_FSEt
                0x000029b0       0x7c EM7180.cpp.o
                0x000029b0                EM7180::EM7180_set_gyro_FS(unsigned short)
 .text._ZN6EM718021EM7180_set_mag_acc_FSEtt
                0x00002a2c       0x7e EM7180.cpp.o
                0x00002a2c                EM7180::EM7180_set_mag_acc_FS(unsigned short, unsigned short)
 .text._ZN6EM718024EM7180_set_integer_paramEhm
                0x00002aaa       0x84 EM7180.cpp.o
                0x00002aaa                EM7180::EM7180_set_integer_param(unsigned char, unsigned long)
 .text._ZN6EM718022EM7180_set_float_paramEhf
                0x00002b2e       0x8a EM7180.cpp.o
                0x00002b2e                EM7180::EM7180_set_float_param(unsigned char, float)
 .text._ZN6EM718020EM7180_set_WS_paramsEv
                0x00002bb8      0x124 EM7180.cpp.o
                0x00002bb8                EM7180::EM7180_set_WS_params()
 .text._ZN6EM718020EM7180_get_WS_paramsEv
                0x00002cdc      0x154 EM7180.cpp.o
                0x00002cdc                EM7180::EM7180_get_WS_params()
 .text._ZN6EM718018WS_PassThroughModeEv
                0x00002e30       0x40 EM7180.cpp.o
                0x00002e30                EM7180::WS_PassThroughMode()
 .text._ZN6EM71809WS_ResumeEv
                0x00002e70       0x84 EM7180.cpp.o
                0x00002e70                EM7180::WS_Resume()
 .text._ZN6EM718013readSenParamsEv
                0x00002ef4       0x94 EM7180.cpp.o
                0x00002ef4                EM7180::readSenParams()
 .text._ZN6EM718014writeSenParamsEv
                0x00002f88       0x8c EM7180.cpp.o
                0x00002f88                EM7180::writeSenParams()
 .text._ZN6EM718012readAccelCalEv
                0x00003014       0x4c EM7180.cpp.o
                0x00003014                EM7180::readAccelCal()
 .text._ZN6EM718011initSensorsEv
                0x00003060      0x2a4 EM7180.cpp.o
                0x00003060                EM7180::initSensors()
 .text._ZN6EM718011writeAccCalEv
                0x00003304       0x5c EM7180.cpp.o
                0x00003304                EM7180::writeAccCal()
 .text._ZN6EM718010ACC_CommonEv
                0x00003360      0x164 EM7180.cpp.o
                0x00003360                EM7180::ACC_Common()
 .text._ZN6EM718022Save_Sentral_WS_paramsEv
                0x000034c4       0x1c EM7180.cpp.o
                0x000034c4                EM7180::Save_Sentral_WS_params()
 .text._ZN6I2CdevC2EP7TwoWire
                0x000034e0        0x4 I2Cdev.cpp.o
                0x000034e0                I2Cdev::I2Cdev(TwoWire*)
                0x000034e0                I2Cdev::I2Cdev(TwoWire*)
 .text._ZN6I2Cdev8readByteEhh
                0x000034e4       0x36 I2Cdev.cpp.o
                0x000034e4                I2Cdev::readByte(unsigned char, unsigned char)
 .text._ZN6I2Cdev9readBytesEhhhPh
                0x0000351a       0x52 I2Cdev.cpp.o
                0x0000351a                I2Cdev::readBytes(unsigned char, unsigned char, unsigned char, unsigned char*)
 .text._ZN6I2Cdev18M24512DFMreadBytesEhhhhPh
                0x0000356c       0x62 I2Cdev.cpp.o
                0x0000356c                I2Cdev::M24512DFMreadBytes(unsigned char, unsigned char, unsigned char, unsigned char, unsigned char*)
 .text._ZN6I2Cdev10writeBytesEhhhPh
                0x000035ce       0x38 I2Cdev.cpp.o
                0x000035ce                I2Cdev::writeBytes(unsigned char, unsigned char, unsigned char, unsigned char*)
 .text._ZN6I2Cdev9writeByteEhhh
                0x00003606       0x12 I2Cdev.cpp.o
                0x00003606                I2Cdev::writeByte(unsigned char, unsigned char, unsigned char)
 .text._ZN6I2Cdev19M24512DFMwriteBytesEhhhhPh
                0x00003618       0x4c I2Cdev.cpp.o
                0x00003618                I2Cdev::M24512DFMwriteBytes(unsigned char, unsigned char, unsigned char, unsigned char, unsigned char*)
 .text._ZN3IMUC2EP6EM7180h
                0x00003664        0x6 IMU.cpp.o
                0x00003664                IMU::IMU(EM7180*, unsigned char)
                0x00003664                IMU::IMU(EM7180*, unsigned char)
 *fill*         0x0000366a        0x6 
 .text._ZN3IMU10computeIMUEv
                0x00003670      0x240 IMU.cpp.o
                0x00003670                IMU::computeIMU()
 .text._ZN5Print17availableForWriteEv
                0x000038b0        0x4 Wire\Wire.cpp.o
                0x000038b0                Print::availableForWrite()
 .text._ZN7TwoWire5writeEPKhj
                0x000038b4       0x24 Wire\Wire.cpp.o
                0x000038b4                TwoWire::write(unsigned char const*, unsigned int)
 .text._ZN7TwoWire5flushEv
                0x000038d8        0x2 Wire\Wire.cpp.o
                0x000038d8                TwoWire::flush()
 .text._ZN7TwoWire4peekEv
                0x000038da       0x1a Wire\Wire.cpp.o
                0x000038da                TwoWire::peek()
 .text._ZN7TwoWire9availableEv
                0x000038f4       0x12 Wire\Wire.cpp.o
                0x000038f4                TwoWire::available()
 *fill*         0x00003906        0x2 
 .text._ZN7TwoWireC2EP6SERCOMhh
                0x00003908       0x5c Wire\Wire.cpp.o
                0x00003908                TwoWire::TwoWire(SERCOM*, unsigned char, unsigned char)
                0x00003908                TwoWire::TwoWire(SERCOM*, unsigned char, unsigned char)
 .text._ZN7TwoWire5beginEhb
                0x00003964       0x38 Wire\Wire.cpp.o
                0x00003964                TwoWire::begin(unsigned char, bool)
 .text._ZN7TwoWire8setClockEm
                0x0000399c       0x1c Wire\Wire.cpp.o
                0x0000399c                TwoWire::setClock(unsigned long)
 .text._ZN7TwoWire17beginTransmissionEh
                0x000039b8       0x18 Wire\Wire.cpp.o
                0x000039b8                TwoWire::beginTransmission(unsigned char)
 .text._ZN11RingBufferNILi256EE10store_charEh
                0x000039d0       0x1a Wire\Wire.cpp.o
                0x000039d0                RingBufferN<256>::store_char(unsigned char)
 .text._ZN7TwoWire11requestFromEhjb
                0x000039ea       0x76 Wire\Wire.cpp.o
                0x000039ea                TwoWire::requestFrom(unsigned char, unsigned int, bool)
 .text._ZN7TwoWire11requestFromEhj
                0x00003a60        0xa Wire\Wire.cpp.o
                0x00003a60                TwoWire::requestFrom(unsigned char, unsigned int)
 .text._ZN7TwoWire5writeEh
                0x00003a6a       0x2a Wire\Wire.cpp.o
                0x00003a6a                TwoWire::write(unsigned char)
 .text._ZN11RingBufferNILi256EE9read_charEv
                0x00003a94       0x20 Wire\Wire.cpp.o
                0x00003a94                RingBufferN<256>::read_char()
 .text._ZN7TwoWire15endTransmissionEb
                0x00003ab4       0x72 Wire\Wire.cpp.o
                0x00003ab4                TwoWire::endTransmission(bool)
 .text._ZN7TwoWire15endTransmissionEv
                0x00003b26        0xa Wire\Wire.cpp.o
                0x00003b26                TwoWire::endTransmission()
 .text._ZN7TwoWire4readEv
                0x00003b30        0xa Wire\Wire.cpp.o
                0x00003b30                TwoWire::read()
 .text._ZN7TwoWire9onServiceEv
                0x00003b3a      0x11c Wire\Wire.cpp.o
                0x00003b3a                TwoWire::onService()
 *fill*         0x00003c56        0x2 
 .text.SERCOM3_Handler
                0x00003c58       0x10 Wire\Wire.cpp.o
                0x00003c58                SERCOM3_Handler
 .text.startup._GLOBAL__sub_I__ZN7TwoWireC2EP6SERCOMhh
                0x00003c68       0x18 Wire\Wire.cpp.o
 .text.SERCOM0_Handler
                0x00003c80       0x10 C:\Users\David\AppData\Local\Temp\VMBCore\arduino16x\73a724ad7aa31d4094c3317bc736596a\variant\variant.cpp.o
                0x00003c80                SERCOM0_Handler
 .text.SERCOM5_Handler
                0x00003c90       0x10 C:\Users\David\AppData\Local\Temp\VMBCore\arduino16x\73a724ad7aa31d4094c3317bc736596a\variant\variant.cpp.o
                0x00003c90                SERCOM5_Handler
 .text.startup._GLOBAL__sub_I_g_APinDescription
                0x00003ca0       0x94 C:\Users\David\AppData\Local\Temp\VMBCore\arduino16x\73a724ad7aa31d4094c3317bc736596a\variant\variant.cpp.o
 *fill*         0x00003d34        0x4 
 .text.asin     0x00003d38       0xb8 c:/users/david/appdata/local/arduino15/packages/sparkfun/tools/arm-none-eabi-gcc/4.8.3-2014q1/bin/../lib/gcc/arm-none-eabi/4.8.3/../../../../arm-none-eabi/lib/armv6-m\libm.a(lib_a-w_asin.o)
                0x00003d38                asin
 .text.atan2    0x00003df0        0x8 c:/users/david/appdata/local/arduino15/packages/sparkfun/tools/arm-none-eabi-gcc/4.8.3-2014q1/bin/../lib/gcc/arm-none-eabi/4.8.3/../../../../arm-none-eabi/lib/armv6-m\libm.a(lib_a-w_atan2.o)
                0x00003df0                atan2
 .text.__ieee754_asin
                0x00003df8      0x448 c:/users/david/appdata/local/arduino15/packages/sparkfun/tools/arm-none-eabi-gcc/4.8.3-2014q1/bin/../lib/gcc/arm-none-eabi/4.8.3/../../../../arm-none-eabi/lib/armv6-m\libm.a(lib_a-e_asin.o)
                0x00003df8                __ieee754_asin
 .text.__ieee754_atan2
                0x00004240      0x208 c:/users/david/appdata/local/arduino15/packages/sparkfun/tools/arm-none-eabi-gcc/4.8.3-2014q1/bin/../lib/gcc/arm-none-eabi/4.8.3/../../../../arm-none-eabi/lib/armv6-m\libm.a(lib_a-e_atan2.o)
                0x00004240                __ieee754_atan2
 .text.__ieee754_sqrt
                0x00004448      0x1cc c:/users/david/appdata/local/arduino15/packages/sparkfun/tools/arm-none-eabi-gcc/4.8.3-2014q1/bin/../lib/gcc/arm-none-eabi/4.8.3/../../../../arm-none-eabi/lib/armv6-m\libm.a(lib_a-e_sqrt.o)
                0x00004448                __ieee754_sqrt
 *fill*         0x00004614        0x4 
 .text.atan     0x00004618      0x350 c:/users/david/appdata/local/arduino15/packages/sparkfun/tools/arm-none-eabi-gcc/4.8.3-2014q1/bin/../lib/gcc/arm-none-eabi/4.8.3/../../../../arm-none-eabi/lib/armv6-m\libm.a(lib_a-s_atan.o)
                0x00004618                atan
 .text.fabs     0x00004968        0x8 c:/users/david/appdata/local/arduino15/packages/sparkfun/tools/arm-none-eabi-gcc/4.8.3-2014q1/bin/../lib/gcc/arm-none-eabi/4.8.3/../../../../arm-none-eabi/lib/armv6-m\libm.a(lib_a-s_fabs.o)
                0x00004968                fabs
 .text.__fpclassifyd
                0x00004970       0x60 c:/users/david/appdata/local/arduino15/packages/sparkfun/tools/arm-none-eabi-gcc/4.8.3-2014q1/bin/../lib/gcc/arm-none-eabi/4.8.3/../../../../arm-none-eabi/lib/armv6-m\libm.a(lib_a-s_fpclassify.o)
                0x00004970                __fpclassifyd
 .text.matherr  0x000049d0        0x4 c:/users/david/appdata/local/arduino15/packages/sparkfun/tools/arm-none-eabi-gcc/4.8.3-2014q1/bin/../lib/gcc/arm-none-eabi/4.8.3/../../../../arm-none-eabi/lib/armv6-m\libm.a(lib_a-s_matherr.o)
                0x000049d0                matherr
 *fill*         0x000049d4        0x4 
 .text.nan      0x000049d8       0x10 c:/users/david/appdata/local/arduino15/packages/sparkfun/tools/arm-none-eabi-gcc/4.8.3-2014q1/bin/../lib/gcc/arm-none-eabi/4.8.3/../../../../arm-none-eabi/lib/armv6-m\libm.a(lib_a-s_nan.o)
                0x000049d8                nan
 .text.Dummy_Handler
                0x000049e8        0x2 C:\Users\David\AppData\Local\Temp\VMBuilds\IMU_USFS\SparkFun_sparkfun_samd_samd21_9dof\Release/core.a(cortex_handlers.c.o)
                0x000049e8                DMAC_Handler
                0x000049e8                HardFault_Handler
                0x000049e8                AC_Handler
                0x000049e8                PendSV_Handler
                0x000049e8                NMI_Handler
                0x000049e8                TC7_Handler
                0x000049e8                SERCOM1_Handler
                0x000049e8                ADC_Handler
                0x000049e8                TCC1_Handler
                0x000049e8                SERCOM2_Handler
                0x000049e8                TCC0_Handler
                0x000049e8                RTC_Handler
                0x000049e8                TC6_Handler
                0x000049e8                WDT_Handler
                0x000049e8                TC4_Handler
                0x000049e8                TC3_Handler
                0x000049e8                Dummy_Handler
                0x000049e8                PM_Handler
                0x000049e8                SVC_Handler
                0x000049e8                TCC2_Handler
                0x000049e8                EVSYS_Handler
                0x000049e8                SERCOM4_Handler
                0x000049e8                I2S_Handler
                0x000049e8                NVMCTRL_Handler
                0x000049e8                DAC_Handler
                0x000049e8                PTC_Handler
                0x000049e8                SYSCTRL_Handler
 *fill*         0x000049ea        0x2 
 .text.USB_Handler
                0x000049ec       0x14 C:\Users\David\AppData\Local\Temp\VMBuilds\IMU_USFS\SparkFun_sparkfun_samd_samd21_9dof\Release/core.a(cortex_handlers.c.o)
                0x000049ec                USB_Handler
 .text.Reset_Handler
                0x00004a00       0x54 C:\Users\David\AppData\Local\Temp\VMBuilds\IMU_USFS\SparkFun_sparkfun_samd_samd21_9dof\Release/core.a(cortex_handlers.c.o)
                0x00004a00                Reset_Handler
 .text.SysTick_Handler
                0x00004a54       0x10 C:\Users\David\AppData\Local\Temp\VMBuilds\IMU_USFS\SparkFun_sparkfun_samd_samd21_9dof\Release/core.a(cortex_handlers.c.o)
                0x00004a54                SysTick_Handler
 .text.USB_SetHandler
                0x00004a64        0xc C:\Users\David\AppData\Local\Temp\VMBuilds\IMU_USFS\SparkFun_sparkfun_samd_samd21_9dof\Release/core.a(cortex_handlers.c.o)
                0x00004a64                USB_SetHandler
 .text.millis   0x00004a70        0xc C:\Users\David\AppData\Local\Temp\VMBuilds\IMU_USFS\SparkFun_sparkfun_samd_samd21_9dof\Release/core.a(delay.c.o)
                0x00004a70                millis
 .text.micros   0x00004a7c       0x64 C:\Users\David\AppData\Local\Temp\VMBuilds\IMU_USFS\SparkFun_sparkfun_samd_samd21_9dof\Release/core.a(delay.c.o)
                0x00004a7c                micros
 .text.delay    0x00004ae0       0x20 C:\Users\David\AppData\Local\Temp\VMBuilds\IMU_USFS\SparkFun_sparkfun_samd_samd21_9dof\Release/core.a(delay.c.o)
                0x00004ae0                delay
 .text.SysTick_DefaultHandler
                0x00004b00       0x14 C:\Users\David\AppData\Local\Temp\VMBuilds\IMU_USFS\SparkFun_sparkfun_samd_samd21_9dof\Release/core.a(delay.c.o)
                0x00004b00                SysTick_DefaultHandler
 .text.__empty  0x00004b14        0x2 C:\Users\David\AppData\Local\Temp\VMBuilds\IMU_USFS\SparkFun_sparkfun_samd_samd21_9dof\Release/core.a(hooks.c.o)
                0x00004b14                yield
 .text.__false  0x00004b16        0x4 C:\Users\David\AppData\Local\Temp\VMBuilds\IMU_USFS\SparkFun_sparkfun_samd_samd21_9dof\Release/core.a(hooks.c.o)
                0x00004b16                sysTickHook
 *fill*         0x00004b1a        0x2 
 .text.SystemInit
                0x00004b1c      0x168 C:\Users\David\AppData\Local\Temp\VMBuilds\IMU_USFS\SparkFun_sparkfun_samd_samd21_9dof\Release/core.a(startup.c.o)
                0x00004b1c                SystemInit
 .text.attachInterrupt
                0x00004c84      0x130 C:\Users\David\AppData\Local\Temp\VMBuilds\IMU_USFS\SparkFun_sparkfun_samd_samd21_9dof\Release/core.a(WInterrupts.c.o)
                0x00004c84                attachInterrupt
 .text.EIC_Handler
                0x00004db4       0x3c C:\Users\David\AppData\Local\Temp\VMBuilds\IMU_USFS\SparkFun_sparkfun_samd_samd21_9dof\Release/core.a(WInterrupts.c.o)
                0x00004db4                EIC_Handler
 .text.init     0x00004df0       0xf0 C:\Users\David\AppData\Local\Temp\VMBuilds\IMU_USFS\SparkFun_sparkfun_samd_samd21_9dof\Release/core.a(wiring.c.o)
                0x00004df0                init
 .text.analogReference
                0x00004ee0       0x5c C:\Users\David\AppData\Local\Temp\VMBuilds\IMU_USFS\SparkFun_sparkfun_samd_samd21_9dof\Release/core.a(wiring_analog.c.o)
                0x00004ee0                analogReference
 .text.pinMode  0x00004f3c       0xb4 C:\Users\David\AppData\Local\Temp\VMBuilds\IMU_USFS\SparkFun_sparkfun_samd_samd21_9dof\Release/core.a(wiring_digital.c.o)
                0x00004f3c                pinMode
 .text.digitalWrite
                0x00004ff0       0x60 C:\Users\David\AppData\Local\Temp\VMBuilds\IMU_USFS\SparkFun_sparkfun_samd_samd21_9dof\Release/core.a(wiring_digital.c.o)
                0x00004ff0                digitalWrite
 .text.digitalRead
                0x00005050       0x30 C:\Users\David\AppData\Local\Temp\VMBuilds\IMU_USFS\SparkFun_sparkfun_samd_samd21_9dof\Release/core.a(wiring_digital.c.o)
                0x00005050                digitalRead
 .text.pinPeripheral
                0x00005080       0xc4 C:\Users\David\AppData\Local\Temp\VMBuilds\IMU_USFS\SparkFun_sparkfun_samd_samd21_9dof\Release/core.a(wiring_private.c.o)
                0x00005080                pinPeripheral
 .text._Z11initVariantv
                0x00005144        0x2 C:\Users\David\AppData\Local\Temp\VMBuilds\IMU_USFS\SparkFun_sparkfun_samd_samd21_9dof\Release/core.a(main.cpp.o)
                0x00005144                initVariant()
 *fill*         0x00005146        0x2 
 .text.startup.main
                0x00005148       0x40 C:\Users\David\AppData\Local\Temp\VMBuilds\IMU_USFS\SparkFun_sparkfun_samd_samd21_9dof\Release/core.a(main.cpp.o)
                0x00005148                main
 .text._Znwj    0x00005188        0x8 C:\Users\David\AppData\Local\Temp\VMBuilds\IMU_USFS\SparkFun_sparkfun_samd_samd21_9dof\Release/core.a(new.cpp.o)
                0x00005188                operator new(unsigned int)
 .text._ZN5Print5writeEPKhj
                0x00005190       0x28 C:\Users\David\AppData\Local\Temp\VMBuilds\IMU_USFS\SparkFun_sparkfun_samd_samd21_9dof\Release/core.a(Print.cpp.o)
                0x00005190                Print::write(unsigned char const*, unsigned int)
 .text._ZN5Print5writeEPKc
                0x000051b8       0x1c C:\Users\David\AppData\Local\Temp\VMBuilds\IMU_USFS\SparkFun_sparkfun_samd_samd21_9dof\Release/core.a(Print.cpp.o)
                0x000051b8                Print::write(char const*)
 .text._ZN5Print5printEPKc
                0x000051d4        0x8 C:\Users\David\AppData\Local\Temp\VMBuilds\IMU_USFS\SparkFun_sparkfun_samd_samd21_9dof\Release/core.a(Print.cpp.o)
                0x000051d4                Print::print(char const*)
 .text._ZN5Print7printlnEv
                0x000051dc       0x10 C:\Users\David\AppData\Local\Temp\VMBuilds\IMU_USFS\SparkFun_sparkfun_samd_samd21_9dof\Release/core.a(Print.cpp.o)
                0x000051dc                Print::println()
 .text._ZN5Print7printlnEPKc
                0x000051ec       0x14 C:\Users\David\AppData\Local\Temp\VMBuilds\IMU_USFS\SparkFun_sparkfun_samd_samd21_9dof\Release/core.a(Print.cpp.o)
                0x000051ec                Print::println(char const*)
 .text.initiateReset
                0x00005200        0xc C:\Users\David\AppData\Local\Temp\VMBuilds\IMU_USFS\SparkFun_sparkfun_samd_samd21_9dof\Release/core.a(Reset.cpp.o)
                0x00005200                initiateReset
 .text.cancelReset
                0x0000520c       0x10 C:\Users\David\AppData\Local\Temp\VMBuilds\IMU_USFS\SparkFun_sparkfun_samd_samd21_9dof\Release/core.a(Reset.cpp.o)
                0x0000520c                cancelReset
 .text.tickReset
                0x0000521c       0x60 C:\Users\David\AppData\Local\Temp\VMBuilds\IMU_USFS\SparkFun_sparkfun_samd_samd21_9dof\Release/core.a(Reset.cpp.o)
                0x0000521c                tickReset
 .text._ZN6SERCOMC2EP6Sercom
                0x0000527c        0x4 C:\Users\David\AppData\Local\Temp\VMBuilds\IMU_USFS\SparkFun_sparkfun_samd_samd21_9dof\Release/core.a(SERCOM.cpp.o)
                0x0000527c                SERCOM::SERCOM(Sercom*)
                0x0000527c                SERCOM::SERCOM(Sercom*)
 .text._ZN6SERCOM9initFrameE18SercomUartCharSize15SercomDataOrder16SercomParityMode19SercomNumberStopBit
                0x00005280       0x38 C:\Users\David\AppData\Local\Temp\VMBuilds\IMU_USFS\SparkFun_sparkfun_samd_samd21_9dof\Release/core.a(SERCOM.cpp.o)
                0x00005280                SERCOM::initFrame(SercomUartCharSize, SercomDataOrder, SercomParityMode, SercomNumberStopBit)
 .text._ZN6SERCOM8initPadsE15SercomUartTXPad11SercomRXPad
                0x000052b8       0x26 C:\Users\David\AppData\Local\Temp\VMBuilds\IMU_USFS\SparkFun_sparkfun_samd_samd21_9dof\Release/core.a(SERCOM.cpp.o)
                0x000052b8                SERCOM::initPads(SercomUartTXPad, SercomRXPad)
 .text._ZN6SERCOM9resetUARTEv
                0x000052de       0x1c C:\Users\David\AppData\Local\Temp\VMBuilds\IMU_USFS\SparkFun_sparkfun_samd_samd21_9dof\Release/core.a(SERCOM.cpp.o)
                0x000052de                SERCOM::resetUART()
 .text._ZN6SERCOM10enableUARTEv
                0x000052fa       0x14 C:\Users\David\AppData\Local\Temp\VMBuilds\IMU_USFS\SparkFun_sparkfun_samd_samd21_9dof\Release/core.a(SERCOM.cpp.o)
                0x000052fa                SERCOM::enableUART()
 .text._ZN6SERCOM9flushUARTEv
                0x0000530e       0x10 C:\Users\David\AppData\Local\Temp\VMBuilds\IMU_USFS\SparkFun_sparkfun_samd_samd21_9dof\Release/core.a(SERCOM.cpp.o)
                0x0000530e                SERCOM::flushUART()
 .text._ZN6SERCOM15clearStatusUARTEv
                0x0000531e        0x8 C:\Users\David\AppData\Local\Temp\VMBuilds\IMU_USFS\SparkFun_sparkfun_samd_samd21_9dof\Release/core.a(SERCOM.cpp.o)
                0x0000531e                SERCOM::clearStatusUART()
 .text._ZN6SERCOM17availableDataUARTEv
                0x00005326        0xa C:\Users\David\AppData\Local\Temp\VMBuilds\IMU_USFS\SparkFun_sparkfun_samd_samd21_9dof\Release/core.a(SERCOM.cpp.o)
                0x00005326                SERCOM::availableDataUART()
 .text._ZN6SERCOM11isUARTErrorEv
                0x00005330        0x8 C:\Users\David\AppData\Local\Temp\VMBuilds\IMU_USFS\SparkFun_sparkfun_samd_samd21_9dof\Release/core.a(SERCOM.cpp.o)
                0x00005330                SERCOM::isUARTError()
 .text._ZN6SERCOM20acknowledgeUARTErrorEv
                0x00005338        0xe C:\Users\David\AppData\Local\Temp\VMBuilds\IMU_USFS\SparkFun_sparkfun_samd_samd21_9dof\Release/core.a(SERCOM.cpp.o)
                0x00005338                SERCOM::acknowledgeUARTError()
 .text._ZN6SERCOM23isDataRegisterEmptyUARTEv
                0x00005346        0xa C:\Users\David\AppData\Local\Temp\VMBuilds\IMU_USFS\SparkFun_sparkfun_samd_samd21_9dof\Release/core.a(SERCOM.cpp.o)
                0x00005346                SERCOM::isDataRegisterEmptyUART()
 .text._ZN6SERCOM12readDataUARTEv
                0x00005350        0x8 C:\Users\David\AppData\Local\Temp\VMBuilds\IMU_USFS\SparkFun_sparkfun_samd_samd21_9dof\Release/core.a(SERCOM.cpp.o)
                0x00005350                SERCOM::readDataUART()
 .text._ZN6SERCOM13writeDataUARTEh
                0x00005358        0xe C:\Users\David\AppData\Local\Temp\VMBuilds\IMU_USFS\SparkFun_sparkfun_samd_samd21_9dof\Release/core.a(SERCOM.cpp.o)
                0x00005358                SERCOM::writeDataUART(unsigned char)
 .text._ZN6SERCOM36enableDataRegisterEmptyInterruptUARTEv
                0x00005366        0x8 C:\Users\David\AppData\Local\Temp\VMBuilds\IMU_USFS\SparkFun_sparkfun_samd_samd21_9dof\Release/core.a(SERCOM.cpp.o)
                0x00005366                SERCOM::enableDataRegisterEmptyInterruptUART()
 .text._ZN6SERCOM37disableDataRegisterEmptyInterruptUARTEv
                0x0000536e        0x8 C:\Users\David\AppData\Local\Temp\VMBuilds\IMU_USFS\SparkFun_sparkfun_samd_samd21_9dof\Release/core.a(SERCOM.cpp.o)
                0x0000536e                SERCOM::disableDataRegisterEmptyInterruptUART()
 .text._ZN6SERCOM9resetWIREEv
                0x00005376       0x1c C:\Users\David\AppData\Local\Temp\VMBuilds\IMU_USFS\SparkFun_sparkfun_samd_samd21_9dof\Release/core.a(SERCOM.cpp.o)
                0x00005376                SERCOM::resetWIRE()
 .text._ZN6SERCOM10enableWIREEv
                0x00005392       0x28 C:\Users\David\AppData\Local\Temp\VMBuilds\IMU_USFS\SparkFun_sparkfun_samd_samd21_9dof\Release/core.a(SERCOM.cpp.o)
                0x00005392                SERCOM::enableWIRE()
 .text._ZN6SERCOM11disableWIREEv
                0x000053ba       0x14 C:\Users\David\AppData\Local\Temp\VMBuilds\IMU_USFS\SparkFun_sparkfun_samd_samd21_9dof\Release/core.a(SERCOM.cpp.o)
                0x000053ba                SERCOM::disableWIRE()
 .text._ZN6SERCOM18prepareNackBitWIREEv
                0x000053ce       0x10 C:\Users\David\AppData\Local\Temp\VMBuilds\IMU_USFS\SparkFun_sparkfun_samd_samd21_9dof\Release/core.a(SERCOM.cpp.o)
                0x000053ce                SERCOM::prepareNackBitWIRE()
 *fill*         0x000053de        0x2 
 .text._ZN6SERCOM17prepareAckBitWIREEv
                0x000053e0       0x14 C:\Users\David\AppData\Local\Temp\VMBuilds\IMU_USFS\SparkFun_sparkfun_samd_samd21_9dof\Release/core.a(SERCOM.cpp.o)
                0x000053e0                SERCOM::prepareAckBitWIRE()
 .text._ZN6SERCOM22prepareCommandBitsWireEh
                0x000053f4       0x2c C:\Users\David\AppData\Local\Temp\VMBuilds\IMU_USFS\SparkFun_sparkfun_samd_samd21_9dof\Release/core.a(SERCOM.cpp.o)
                0x000053f4                SERCOM::prepareCommandBitsWire(unsigned char)
 .text._ZN6SERCOM21startTransmissionWIREEh23SercomWireReadWriteFlag
                0x00005420       0x5e C:\Users\David\AppData\Local\Temp\VMBuilds\IMU_USFS\SparkFun_sparkfun_samd_samd21_9dof\Release/core.a(SERCOM.cpp.o)
                0x00005420                SERCOM::startTransmissionWIRE(unsigned char, SercomWireReadWriteFlag)
 .text._ZN6SERCOM18sendDataMasterWIREEh
                0x0000547e       0x22 C:\Users\David\AppData\Local\Temp\VMBuilds\IMU_USFS\SparkFun_sparkfun_samd_samd21_9dof\Release/core.a(SERCOM.cpp.o)
                0x0000547e                SERCOM::sendDataMasterWIRE(unsigned char)
 .text._ZN6SERCOM17sendDataSlaveWIREEh
                0x000054a0       0x1a C:\Users\David\AppData\Local\Temp\VMBuilds\IMU_USFS\SparkFun_sparkfun_samd_samd21_9dof\Release/core.a(SERCOM.cpp.o)
                0x000054a0                SERCOM::sendDataSlaveWIRE(unsigned char)
 .text._ZN6SERCOM11isSlaveWIREEv
                0x000054ba       0x12 C:\Users\David\AppData\Local\Temp\VMBuilds\IMU_USFS\SparkFun_sparkfun_samd_samd21_9dof\Release/core.a(SERCOM.cpp.o)
                0x000054ba                SERCOM::isSlaveWIRE()
 .text._ZN6SERCOM15isDataReadyWIREEv
                0x000054cc        0xa C:\Users\David\AppData\Local\Temp\VMBuilds\IMU_USFS\SparkFun_sparkfun_samd_samd21_9dof\Release/core.a(SERCOM.cpp.o)
                0x000054cc                SERCOM::isDataReadyWIRE()
 .text._ZN6SERCOM18isStopDetectedWIREEv
                0x000054d6        0xa C:\Users\David\AppData\Local\Temp\VMBuilds\IMU_USFS\SparkFun_sparkfun_samd_samd21_9dof\Release/core.a(SERCOM.cpp.o)
                0x000054d6                SERCOM::isStopDetectedWIRE()
 .text._ZN6SERCOM21isRestartDetectedWIREEv
                0x000054e0        0xa C:\Users\David\AppData\Local\Temp\VMBuilds\IMU_USFS\SparkFun_sparkfun_samd_samd21_9dof\Release/core.a(SERCOM.cpp.o)
                0x000054e0                SERCOM::isRestartDetectedWIRE()
 .text._ZN6SERCOM14isAddressMatchEv
                0x000054ea        0xa C:\Users\David\AppData\Local\Temp\VMBuilds\IMU_USFS\SparkFun_sparkfun_samd_samd21_9dof\Release/core.a(SERCOM.cpp.o)
                0x000054ea                SERCOM::isAddressMatch()
 .text._ZN6SERCOM25isMasterReadOperationWIREEv
                0x000054f4        0xa C:\Users\David\AppData\Local\Temp\VMBuilds\IMU_USFS\SparkFun_sparkfun_samd_samd21_9dof\Release/core.a(SERCOM.cpp.o)
                0x000054f4                SERCOM::isMasterReadOperationWIRE()
 .text._ZN6SERCOM12readDataWIREEv
                0x000054fe       0x1a C:\Users\David\AppData\Local\Temp\VMBuilds\IMU_USFS\SparkFun_sparkfun_samd_samd21_9dof\Release/core.a(SERCOM.cpp.o)
                0x000054fe                SERCOM::readDataWIRE()
 .text._ZN6SERCOM13initClockNVICEv
                0x00005518       0xac C:\Users\David\AppData\Local\Temp\VMBuilds\IMU_USFS\SparkFun_sparkfun_samd_samd21_9dof\Release/core.a(SERCOM.cpp.o)
                0x00005518                SERCOM::initClockNVIC()
 .text._ZN6SERCOM8initUARTE14SercomUartMode20SercomUartSampleRatem
                0x000055c4       0x6c C:\Users\David\AppData\Local\Temp\VMBuilds\IMU_USFS\SparkFun_sparkfun_samd_samd21_9dof\Release/core.a(SERCOM.cpp.o)
                0x000055c4                SERCOM::initUART(SercomUartMode, SercomUartSampleRate, unsigned long)
 .text._ZN6SERCOM13initSlaveWIREEhb
                0x00005630       0x48 C:\Users\David\AppData\Local\Temp\VMBuilds\IMU_USFS\SparkFun_sparkfun_samd_samd21_9dof\Release/core.a(SERCOM.cpp.o)
                0x00005630                SERCOM::initSlaveWIRE(unsigned char, bool)
 .text._ZN6SERCOM14initMasterWIREEm
                0x00005678       0x54 C:\Users\David\AppData\Local\Temp\VMBuilds\IMU_USFS\SparkFun_sparkfun_samd_samd21_9dof\Release/core.a(SERCOM.cpp.o)
                0x00005678                SERCOM::initMasterWIRE(unsigned long)
 .text._ZN4UartcvbEv
                0x000056cc        0x4 C:\Users\David\AppData\Local\Temp\VMBuilds\IMU_USFS\SparkFun_sparkfun_samd_samd21_9dof\Release/core.a(Uart.cpp.o)
                0x000056cc                Uart::operator bool()
 .text._ZN4Uart5beginEm
                0x000056d0       0x10 C:\Users\David\AppData\Local\Temp\VMBuilds\IMU_USFS\SparkFun_sparkfun_samd_samd21_9dof\Release/core.a(Uart.cpp.o)
                0x000056d0                Uart::begin(unsigned long)
 .text._ZN4Uart4peekEv
                0x000056e0       0x16 C:\Users\David\AppData\Local\Temp\VMBuilds\IMU_USFS\SparkFun_sparkfun_samd_samd21_9dof\Release/core.a(Uart.cpp.o)
                0x000056e0                Uart::peek()
 .text._ZN4Uart3endEv
                0x000056f6       0x1c C:\Users\David\AppData\Local\Temp\VMBuilds\IMU_USFS\SparkFun_sparkfun_samd_samd21_9dof\Release/core.a(Uart.cpp.o)
                0x000056f6                Uart::end()
 *fill*         0x00005712        0x2 
 .text._ZN4UartC2EP6SERCOMhh11SercomRXPad15SercomUartTXPadhh
                0x00005714       0x7c C:\Users\David\AppData\Local\Temp\VMBuilds\IMU_USFS\SparkFun_sparkfun_samd_samd21_9dof\Release/core.a(Uart.cpp.o)
                0x00005714                Uart::Uart(SERCOM*, unsigned char, unsigned char, SercomRXPad, SercomUartTXPad, unsigned char, unsigned char)
                0x00005714                Uart::Uart(SERCOM*, unsigned char, unsigned char, SercomRXPad, SercomUartTXPad, unsigned char, unsigned char)
 .text._ZN4UartC2EP6SERCOMhh11SercomRXPad15SercomUartTXPad
                0x00005790       0x24 C:\Users\David\AppData\Local\Temp\VMBuilds\IMU_USFS\SparkFun_sparkfun_samd_samd21_9dof\Release/core.a(Uart.cpp.o)
                0x00005790                Uart::Uart(SERCOM*, unsigned char, unsigned char, SercomRXPad, SercomUartTXPad)
                0x00005790                Uart::Uart(SERCOM*, unsigned char, unsigned char, SercomRXPad, SercomUartTXPad)
 .text._ZN4Uart16extractNbStopBitEt
                0x000057b4        0xe C:\Users\David\AppData\Local\Temp\VMBuilds\IMU_USFS\SparkFun_sparkfun_samd_samd21_9dof\Release/core.a(Uart.cpp.o)
                0x000057b4                Uart::extractNbStopBit(unsigned short)
 .text._ZN4Uart15extractCharSizeEt
                0x000057c2       0x2c C:\Users\David\AppData\Local\Temp\VMBuilds\IMU_USFS\SparkFun_sparkfun_samd_samd21_9dof\Release/core.a(Uart.cpp.o)
                0x000057c2                Uart::extractCharSize(unsigned short)
 .text._ZN4Uart13extractParityEt
                0x000057ee       0x18 C:\Users\David\AppData\Local\Temp\VMBuilds\IMU_USFS\SparkFun_sparkfun_samd_samd21_9dof\Release/core.a(Uart.cpp.o)
                0x000057ee                Uart::extractParity(unsigned short)
 *fill*         0x00005806        0x2 
 .text._ZN4Uart5beginEmt
                0x00005808       0xf4 C:\Users\David\AppData\Local\Temp\VMBuilds\IMU_USFS\SparkFun_sparkfun_samd_samd21_9dof\Release/core.a(Uart.cpp.o)
                0x00005808                Uart::begin(unsigned long, unsigned short)
 .text._ZN11RingBufferNILi64EE9availableEv
                0x000058fc        0xc C:\Users\David\AppData\Local\Temp\VMBuilds\IMU_USFS\SparkFun_sparkfun_samd_samd21_9dof\Release/core.a(Uart.cpp.o)
                0x000058fc                RingBufferN<64>::available()
 .text._ZN4Uart5flushEv
                0x00005908       0x18 C:\Users\David\AppData\Local\Temp\VMBuilds\IMU_USFS\SparkFun_sparkfun_samd_samd21_9dof\Release/core.a(Uart.cpp.o)
                0x00005908                Uart::flush()
 .text._ZN4Uart9availableEv
                0x00005920        0xa C:\Users\David\AppData\Local\Temp\VMBuilds\IMU_USFS\SparkFun_sparkfun_samd_samd21_9dof\Release/core.a(Uart.cpp.o)
                0x00005920                Uart::available()
 .text._ZN11RingBufferNILi64EE17availableForStoreEv
                0x0000592a       0x1c C:\Users\David\AppData\Local\Temp\VMBuilds\IMU_USFS\SparkFun_sparkfun_samd_samd21_9dof\Release/core.a(Uart.cpp.o)
                0x0000592a                RingBufferN<64>::availableForStore()
 .text._ZN4Uart17availableForWriteEv
                0x00005946        0xa C:\Users\David\AppData\Local\Temp\VMBuilds\IMU_USFS\SparkFun_sparkfun_samd_samd21_9dof\Release/core.a(Uart.cpp.o)
                0x00005946                Uart::availableForWrite()
 .text._ZN4Uart10IrqHandlerEv
                0x00005950       0xb2 C:\Users\David\AppData\Local\Temp\VMBuilds\IMU_USFS\SparkFun_sparkfun_samd_samd21_9dof\Release/core.a(Uart.cpp.o)
                0x00005950                Uart::IrqHandler()
 *fill*         0x00005a02        0x2 
 .text._ZN4Uart5writeEh
                0x00005a04       0xb8 C:\Users\David\AppData\Local\Temp\VMBuilds\IMU_USFS\SparkFun_sparkfun_samd_samd21_9dof\Release/core.a(Uart.cpp.o)
                0x00005a04                Uart::write(unsigned char)
 .text._ZN4Uart4readEv
                0x00005abc       0x48 C:\Users\David\AppData\Local\Temp\VMBuilds\IMU_USFS\SparkFun_sparkfun_samd_samd21_9dof\Release/core.a(Uart.cpp.o)
                0x00005abc                Uart::read()
 .text._ZL5utox8mPc
                0x00005b04       0x1c C:\Users\David\AppData\Local\Temp\VMBuilds\IMU_USFS\SparkFun_sparkfun_samd_samd21_9dof\Release/core.a(USBCore.cpp.o)
 .text._ZN14USBDeviceClass6initEPEmm.part.4
                0x00005b20       0xc8 C:\Users\David\AppData\Local\Temp\VMBuilds\IMU_USFS\SparkFun_sparkfun_samd_samd21_9dof\Release/core.a(USBCore.cpp.o)
 .text._ZN20USBDevice_SAMD21G18x5resetEv
                0x00005be8       0x28 C:\Users\David\AppData\Local\Temp\VMBuilds\IMU_USFS\SparkFun_sparkfun_samd_samd21_9dof\Release/core.a(USBCore.cpp.o)
                0x00005be8                USBDevice_SAMD21G18x::reset()
 .text._ZN20USBDevice_SAMD21G18x9calibrateEv
                0x00005c10       0x5c C:\Users\David\AppData\Local\Temp\VMBuilds\IMU_USFS\SparkFun_sparkfun_samd_samd21_9dof\Release/core.a(USBCore.cpp.o)
                0x00005c10                USBDevice_SAMD21G18x::calibrate()
 .text._ZN7__GuardC2Ev
                0x00005c6c        0xe C:\Users\David\AppData\Local\Temp\VMBuilds\IMU_USFS\SparkFun_sparkfun_samd_samd21_9dof\Release/core.a(USBCore.cpp.o)
                0x00005c6c                __Guard::__Guard()
                0x00005c6c                __Guard::__Guard()
 .text._ZN7__GuardD2Ev
                0x00005c7a        0xe C:\Users\David\AppData\Local\Temp\VMBuilds\IMU_USFS\SparkFun_sparkfun_samd_samd21_9dof\Release/core.a(USBCore.cpp.o)
                0x00005c7a                __Guard::~__Guard()
                0x00005c7a                __Guard::~__Guard()
 .text._ZNK26DoubleBufferedEPOutHandler9availableEv
                0x00005c88       0x5e C:\Users\David\AppData\Local\Temp\VMBuilds\IMU_USFS\SparkFun_sparkfun_samd_samd21_9dof\Release/core.a(USBCore.cpp.o)
                0x00005c88                DoubleBufferedEPOutHandler::available() const
 *fill*         0x00005ce6        0x2 
 .text._ZN26DoubleBufferedEPOutHandler7releaseEv
                0x00005ce8       0x58 C:\Users\David\AppData\Local\Temp\VMBuilds\IMU_USFS\SparkFun_sparkfun_samd_samd21_9dof\Release/core.a(USBCore.cpp.o)
                0x00005ce8                DoubleBufferedEPOutHandler::release()
 .text._ZN26DoubleBufferedEPOutHandler4recvEPvm
                0x00005d40      0x11c C:\Users\David\AppData\Local\Temp\VMBuilds\IMU_USFS\SparkFun_sparkfun_samd_samd21_9dof\Release/core.a(USBCore.cpp.o)
                0x00005d40                DoubleBufferedEPOutHandler::recv(void*, unsigned long)
 .text._ZN26DoubleBufferedEPOutHandler14handleEndpointEv
                0x00005e5c       0xc8 C:\Users\David\AppData\Local\Temp\VMBuilds\IMU_USFS\SparkFun_sparkfun_samd_samd21_9dof\Release/core.a(USBCore.cpp.o)
                0x00005e5c                DoubleBufferedEPOutHandler::handleEndpoint()
 .text._ZN14USBDeviceClass14SendInterfacesEPm
                0x00005f24       0x2c C:\Users\David\AppData\Local\Temp\VMBuilds\IMU_USFS\SparkFun_sparkfun_samd_samd21_9dof\Release/core.a(USBCore.cpp.o)
                0x00005f24                USBDeviceClass::SendInterfaces(unsigned long*)
 .text._ZN14USBDeviceClass14handleEndpointEh
                0x00005f50       0x40 C:\Users\David\AppData\Local\Temp\VMBuilds\IMU_USFS\SparkFun_sparkfun_samd_samd21_9dof\Release/core.a(USBCore.cpp.o)
                0x00005f50                USBDeviceClass::handleEndpoint(unsigned char)
 .text._ZN14USBDeviceClass4initEv
                0x00005f90       0xf0 C:\Users\David\AppData\Local\Temp\VMBuilds\IMU_USFS\SparkFun_sparkfun_samd_samd21_9dof\Release/core.a(USBCore.cpp.o)
                0x00005f90                USBDeviceClass::init()
 .text._ZN14USBDeviceClass6attachEv
                0x00006080       0x34 C:\Users\David\AppData\Local\Temp\VMBuilds\IMU_USFS\SparkFun_sparkfun_samd_samd21_9dof\Release/core.a(USBCore.cpp.o)
                0x00006080                USBDeviceClass::attach()
 .text._ZN14USBDeviceClass10setAddressEm
                0x000060b4       0x48 C:\Users\David\AppData\Local\Temp\VMBuilds\IMU_USFS\SparkFun_sparkfun_samd_samd21_9dof\Release/core.a(USBCore.cpp.o)
                0x000060b4                USBDeviceClass::setAddress(unsigned long)
 .text._ZN14USBDeviceClass25handleClassInterfaceSetupER8USBSetup
                0x000060fc       0x40 C:\Users\David\AppData\Local\Temp\VMBuilds\IMU_USFS\SparkFun_sparkfun_samd_samd21_9dof\Release/core.a(USBCore.cpp.o)
                0x000060fc                USBDeviceClass::handleClassInterfaceSetup(USBSetup&)
 .text._ZN14USBDeviceClass6initEPEmm
                0x0000613c       0xf4 C:\Users\David\AppData\Local\Temp\VMBuilds\IMU_USFS\SparkFun_sparkfun_samd_samd21_9dof\Release/core.a(USBCore.cpp.o)
                0x0000613c                USBDeviceClass::initEP(unsigned long, unsigned long)
 .text._ZN14USBDeviceClass13initEndpointsEv
                0x00006230       0x24 C:\Users\David\AppData\Local\Temp\VMBuilds\IMU_USFS\SparkFun_sparkfun_samd_samd21_9dof\Release/core.a(USBCore.cpp.o)
                0x00006230                USBDeviceClass::initEndpoints()
 .text._ZN14USBDeviceClass9availableEm
                0x00006254       0x2c C:\Users\David\AppData\Local\Temp\VMBuilds\IMU_USFS\SparkFun_sparkfun_samd_samd21_9dof\Release/core.a(USBCore.cpp.o)
                0x00006254                USBDeviceClass::available(unsigned long)
 .text._ZN14USBDeviceClass5flushEm
                0x00006280       0x2c C:\Users\David\AppData\Local\Temp\VMBuilds\IMU_USFS\SparkFun_sparkfun_samd_samd21_9dof\Release/core.a(USBCore.cpp.o)
                0x00006280                USBDeviceClass::flush(unsigned long)
 .text._ZN14USBDeviceClass14armRecvCtrlOUTEm
                0x000062ac       0x60 C:\Users\David\AppData\Local\Temp\VMBuilds\IMU_USFS\SparkFun_sparkfun_samd_samd21_9dof\Release/core.a(USBCore.cpp.o)
                0x000062ac                USBDeviceClass::armRecvCtrlOUT(unsigned long)
 .text._ZN14USBDeviceClass11recvControlEPvm
                0x0000630c       0x3c C:\Users\David\AppData\Local\Temp\VMBuilds\IMU_USFS\SparkFun_sparkfun_samd_samd21_9dof\Release/core.a(USBCore.cpp.o)
                0x0000630c                USBDeviceClass::recvControl(void*, unsigned long)
 .text._ZN14USBDeviceClass7armRecvEm
                0x00006348       0x3c C:\Users\David\AppData\Local\Temp\VMBuilds\IMU_USFS\SparkFun_sparkfun_samd_samd21_9dof\Release/core.a(USBCore.cpp.o)
                0x00006348                USBDeviceClass::armRecv(unsigned long)
 .text._ZN14USBDeviceClass4recvEmPvm
                0x00006384       0xd8 C:\Users\David\AppData\Local\Temp\VMBuilds\IMU_USFS\SparkFun_sparkfun_samd_samd21_9dof\Release/core.a(USBCore.cpp.o)
                0x00006384                USBDeviceClass::recv(unsigned long, void*, unsigned long)
 .text._ZN14USBDeviceClass4recvEm
                0x0000645c       0x1c C:\Users\David\AppData\Local\Temp\VMBuilds\IMU_USFS\SparkFun_sparkfun_samd_samd21_9dof\Release/core.a(USBCore.cpp.o)
                0x0000645c                USBDeviceClass::recv(unsigned long)
 .text._ZN14USBDeviceClass4sendEmPKvm
                0x00006478      0x124 C:\Users\David\AppData\Local\Temp\VMBuilds\IMU_USFS\SparkFun_sparkfun_samd_samd21_9dof\Release/core.a(USBCore.cpp.o)
                0x00006478                USBDeviceClass::send(unsigned long, void const*, unsigned long)
 .text._ZN14USBDeviceClass7armSendEmPKvm
                0x0000659c       0x48 C:\Users\David\AppData\Local\Temp\VMBuilds\IMU_USFS\SparkFun_sparkfun_samd_samd21_9dof\Release/core.a(USBCore.cpp.o)
                0x0000659c                USBDeviceClass::armSend(unsigned long, void const*, unsigned long)
 .text._ZN14USBDeviceClass11sendControlEPKvm
                0x000065e4       0x58 C:\Users\David\AppData\Local\Temp\VMBuilds\IMU_USFS\SparkFun_sparkfun_samd_samd21_9dof\Release/core.a(USBCore.cpp.o)
                0x000065e4                USBDeviceClass::sendControl(void const*, unsigned long)
 .text._ZN14USBDeviceClass20sendStringDescriptorEPKhh
                0x0000663c       0x68 C:\Users\David\AppData\Local\Temp\VMBuilds\IMU_USFS\SparkFun_sparkfun_samd_samd21_9dof\Release/core.a(USBCore.cpp.o)
                0x0000663c                USBDeviceClass::sendStringDescriptor(unsigned char const*, unsigned char)
 .text._ZN14USBDeviceClass12packMessagesEb.part.6
                0x000066a4       0x20 C:\Users\David\AppData\Local\Temp\VMBuilds\IMU_USFS\SparkFun_sparkfun_samd_samd21_9dof\Release/core.a(USBCore.cpp.o)
 .text._ZN14USBDeviceClass17sendConfigurationEm
                0x000066c4       0x90 C:\Users\David\AppData\Local\Temp\VMBuilds\IMU_USFS\SparkFun_sparkfun_samd_samd21_9dof\Release/core.a(USBCore.cpp.o)
                0x000066c4                USBDeviceClass::sendConfiguration(unsigned long)
 .text._ZN14USBDeviceClass14sendDescriptorER8USBSetup
                0x00006754       0xec C:\Users\David\AppData\Local\Temp\VMBuilds\IMU_USFS\SparkFun_sparkfun_samd_samd21_9dof\Release/core.a(USBCore.cpp.o)
                0x00006754                USBDeviceClass::sendDescriptor(USBSetup&)
 .text._ZN14USBDeviceClass19handleStandardSetupER8USBSetup
                0x00006840      0x118 C:\Users\David\AppData\Local\Temp\VMBuilds\IMU_USFS\SparkFun_sparkfun_samd_samd21_9dof\Release/core.a(USBCore.cpp.o)
                0x00006840                USBDeviceClass::handleStandardSetup(USBSetup&)
 .text._ZN14USBDeviceClass10ISRHandlerEv
                0x00006958      0x150 C:\Users\David\AppData\Local\Temp\VMBuilds\IMU_USFS\SparkFun_sparkfun_samd_samd21_9dof\Release/core.a(USBCore.cpp.o)
                0x00006958                USBDeviceClass::ISRHandler()
 .text.UDD_Handler
                0x00006aa8       0x10 C:\Users\David\AppData\Local\Temp\VMBuilds\IMU_USFS\SparkFun_sparkfun_samd_samd21_9dof\Release/core.a(USBCore.cpp.o)
                0x00006aa8                UDD_Handler
 .text.startup._GLOBAL__sub_I__ZN20USBDevice_SAMD21G18x5resetEv
                0x00006ab8       0x10 C:\Users\David\AppData\Local\Temp\VMBuilds\IMU_USFS\SparkFun_sparkfun_samd_samd21_9dof\Release/core.a(USBCore.cpp.o)
 .text._ZN7Serial_17availableForWriteEv
                0x00006ac8        0x4 C:\Users\David\AppData\Local\Temp\VMBuilds\IMU_USFS\SparkFun_sparkfun_samd_samd21_9dof\Release/core.a(CDC.cpp.o)
                0x00006ac8                Serial_::availableForWrite()
 .text._ZN7Serial_5writeEh
                0x00006acc       0x14 C:\Users\David\AppData\Local\Temp\VMBuilds\IMU_USFS\SparkFun_sparkfun_samd_samd21_9dof\Release/core.a(CDC.cpp.o)
                0x00006acc                Serial_::write(unsigned char)
 .text._ZN7Serial_9availableEv
                0x00006ae0        0xc C:\Users\David\AppData\Local\Temp\VMBuilds\IMU_USFS\SparkFun_sparkfun_samd_samd21_9dof\Release/core.a(CDC.cpp.o)
                0x00006ae0                Serial_::available()
 .text._ZN7Serial_5flushEv
                0x00006aec        0xc C:\Users\David\AppData\Local\Temp\VMBuilds\IMU_USFS\SparkFun_sparkfun_samd_samd21_9dof\Release/core.a(CDC.cpp.o)
                0x00006aec                Serial_::flush()
 .text._ZN7Serial_5writeEPKhj
                0x00006af8       0x1c C:\Users\David\AppData\Local\Temp\VMBuilds\IMU_USFS\SparkFun_sparkfun_samd_samd21_9dof\Release/core.a(CDC.cpp.o)
                0x00006af8                Serial_::write(unsigned char const*, unsigned int)
 .text._ZN7Serial_4peekEv
                0x00006b14       0x1c C:\Users\David\AppData\Local\Temp\VMBuilds\IMU_USFS\SparkFun_sparkfun_samd_samd21_9dof\Release/core.a(CDC.cpp.o)
                0x00006b14                Serial_::peek()
 .text._ZN7Serial_4readEv
                0x00006b30       0x24 C:\Users\David\AppData\Local\Temp\VMBuilds\IMU_USFS\SparkFun_sparkfun_samd_samd21_9dof\Release/core.a(CDC.cpp.o)
                0x00006b30                Serial_::read()
 .text._Z16CDC_GetInterfacePh
                0x00006b54       0x1c C:\Users\David\AppData\Local\Temp\VMBuilds\IMU_USFS\SparkFun_sparkfun_samd_samd21_9dof\Release/core.a(CDC.cpp.o)
                0x00006b54                CDC_GetInterface(unsigned char*)
 .text._Z9CDC_SetupR8USBSetup
                0x00006b70       0x80 C:\Users\David\AppData\Local\Temp\VMBuilds\IMU_USFS\SparkFun_sparkfun_samd_samd21_9dof\Release/core.a(CDC.cpp.o)
                0x00006b70                CDC_Setup(USBSetup&)
 .text.startup._GLOBAL__sub_I__Z17_CDC_GetInterfacev
                0x00006bf0       0x28 C:\Users\David\AppData\Local\Temp\VMBuilds\IMU_USFS\SparkFun_sparkfun_samd_samd21_9dof\Release/core.a(CDC.cpp.o)
 .text._ZN13PluggableUSB_12getInterfaceEPh
                0x00006c18       0x2a C:\Users\David\AppData\Local\Temp\VMBuilds\IMU_USFS\SparkFun_sparkfun_samd_samd21_9dof\Release/core.a(PluggableUSB.cpp.o)
                0x00006c18                PluggableUSB_::getInterface(unsigned char*)
 .text._ZN13PluggableUSB_13getDescriptorER8USBSetup
                0x00006c42       0x20 C:\Users\David\AppData\Local\Temp\VMBuilds\IMU_USFS\SparkFun_sparkfun_samd_samd21_9dof\Release/core.a(PluggableUSB.cpp.o)
                0x00006c42                PluggableUSB_::getDescriptor(USBSetup&)
 .text._ZN13PluggableUSB_12getShortNameEPc
                0x00006c62       0x1e C:\Users\David\AppData\Local\Temp\VMBuilds\IMU_USFS\SparkFun_sparkfun_samd_samd21_9dof\Release/core.a(PluggableUSB.cpp.o)
                0x00006c62                PluggableUSB_::getShortName(char*)
 .text._ZN13PluggableUSB_5setupER8USBSetup
                0x00006c80       0x24 C:\Users\David\AppData\Local\Temp\VMBuilds\IMU_USFS\SparkFun_sparkfun_samd_samd21_9dof\Release/core.a(PluggableUSB.cpp.o)
                0x00006c80                PluggableUSB_::setup(USBSetup&)
 .text._Z12PluggableUSBv
                0x00006ca4       0x24 C:\Users\David\AppData\Local\Temp\VMBuilds\IMU_USFS\SparkFun_sparkfun_samd_samd21_9dof\Release/core.a(PluggableUSB.cpp.o)
                0x00006ca4                PluggableUSB()
 .text          0x00006cc8       0x14 c:/users/david/appdata/local/arduino15/packages/sparkfun/tools/arm-none-eabi-gcc/4.8.3-2014q1/bin/../lib/gcc/arm-none-eabi/4.8.3/armv6-m\libgcc.a(_thumb1_case_uqi.o)
                0x00006cc8                __gnu_thumb1_case_uqi
 .text          0x00006cdc       0x9c c:/users/david/appdata/local/arduino15/packages/sparkfun/tools/arm-none-eabi-gcc/4.8.3-2014q1/bin/../lib/gcc/arm-none-eabi/4.8.3/armv6-m\libgcc.a(_udivsi3.o)
                0x00006cdc                __aeabi_uidiv
                0x00006cdc                __udivsi3
                0x00006d64                __aeabi_uidivmod
 .text          0x00006d78        0x4 c:/users/david/appdata/local/arduino15/packages/sparkfun/tools/arm-none-eabi-gcc/4.8.3-2014q1/bin/../lib/gcc/arm-none-eabi/4.8.3/armv6-m\libgcc.a(_dvmd_tls.o)
                0x00006d78                __aeabi_idiv0
                0x00006d78                __aeabi_ldiv0
 .text          0x00006d7c       0x7c c:/users/david/appdata/local/arduino15/packages/sparkfun/tools/arm-none-eabi-gcc/4.8.3-2014q1/bin/../lib/gcc/arm-none-eabi/4.8.3/armv6-m\libgcc.a(_arm_cmpdf2.o)
                0x00006d7c                __aeabi_cdrcmple
                0x00006d8c                __aeabi_cdcmple
                0x00006d8c                __aeabi_cdcmpeq
                0x00006d9c                __aeabi_dcmpeq
                0x00006da8                __aeabi_dcmplt
                0x00006dbc                __aeabi_dcmple
                0x00006dd0                __aeabi_dcmpgt
                0x00006de4                __aeabi_dcmpge
 .text          0x00006df8       0x74 c:/users/david/appdata/local/arduino15/packages/sparkfun/tools/arm-none-eabi-gcc/4.8.3-2014q1/bin/../lib/gcc/arm-none-eabi/4.8.3/armv6-m\libgcc.a(_arm_cmpsf2.o)
                0x00006df8                __aeabi_cfrcmple
                0x00006e00                __aeabi_cfcmpeq
                0x00006e00                __aeabi_cfcmple
                0x00006e10                __aeabi_fcmpeq
                0x00006e1c                __aeabi_fcmplt
                0x00006e30                __aeabi_fcmple
                0x00006e44                __aeabi_fcmpgt
                0x00006e58                __aeabi_fcmpge
 .text          0x00006e6c       0x48 c:/users/david/appdata/local/arduino15/packages/sparkfun/tools/arm-none-eabi-gcc/4.8.3-2014q1/bin/../lib/gcc/arm-none-eabi/4.8.3/armv6-m\libgcc.a(_aeabi_ldivmod.o)
                0x00006e6c                __aeabi_ldivmod
 .text          0x00006eb4       0x6c c:/users/david/appdata/local/arduino15/packages/sparkfun/tools/arm-none-eabi-gcc/4.8.3-2014q1/bin/../lib/gcc/arm-none-eabi/4.8.3/armv6-m\libgcc.a(bpabi.o)
                0x00006eb4                __gnu_ldivmod_helper
                0x00006eec                __gnu_uldivmod_helper
 .text          0x00006f20      0x2c8 c:/users/david/appdata/local/arduino15/packages/sparkfun/tools/arm-none-eabi-gcc/4.8.3-2014q1/bin/../lib/gcc/arm-none-eabi/4.8.3/armv6-m\libgcc.a(addsf3.o)
                0x00006f20                __aeabi_fadd
 .text          0x000071e8      0x24c c:/users/david/appdata/local/arduino15/packages/sparkfun/tools/arm-none-eabi-gcc/4.8.3-2014q1/bin/../lib/gcc/arm-none-eabi/4.8.3/armv6-m\libgcc.a(divsf3.o)
                0x000071e8                __aeabi_fdiv
 .text          0x00007434       0x54 c:/users/david/appdata/local/arduino15/packages/sparkfun/tools/arm-none-eabi-gcc/4.8.3-2014q1/bin/../lib/gcc/arm-none-eabi/4.8.3/armv6-m\libgcc.a(eqsf2.o)
                0x00007434                __eqsf2
                0x00007434                __nesf2
 .text          0x00007488       0x90 c:/users/david/appdata/local/arduino15/packages/sparkfun/tools/arm-none-eabi-gcc/4.8.3-2014q1/bin/../lib/gcc/arm-none-eabi/4.8.3/armv6-m\libgcc.a(gesf2.o)
                0x00007488                __gesf2
                0x00007488                __gtsf2
 .text          0x00007518       0x98 c:/users/david/appdata/local/arduino15/packages/sparkfun/tools/arm-none-eabi-gcc/4.8.3-2014q1/bin/../lib/gcc/arm-none-eabi/4.8.3/armv6-m\libgcc.a(lesf2.o)
                0x00007518                __ltsf2
                0x00007518                __lesf2
 .text          0x000075b0      0x254 c:/users/david/appdata/local/arduino15/packages/sparkfun/tools/arm-none-eabi-gcc/4.8.3-2014q1/bin/../lib/gcc/arm-none-eabi/4.8.3/armv6-m\libgcc.a(mulsf3.o)
                0x000075b0                __aeabi_fmul
 .text          0x00007804      0x2e0 c:/users/david/appdata/local/arduino15/packages/sparkfun/tools/arm-none-eabi-gcc/4.8.3-2014q1/bin/../lib/gcc/arm-none-eabi/4.8.3/armv6-m\libgcc.a(subsf3.o)
                0x00007804                __aeabi_fsub
 .text          0x00007ae4       0x40 c:/users/david/appdata/local/arduino15/packages/sparkfun/tools/arm-none-eabi-gcc/4.8.3-2014q1/bin/../lib/gcc/arm-none-eabi/4.8.3/armv6-m\libgcc.a(fixsfsi.o)
                0x00007ae4                __aeabi_f2iz
 .text          0x00007b24       0xb8 c:/users/david/appdata/local/arduino15/packages/sparkfun/tools/arm-none-eabi-gcc/4.8.3-2014q1/bin/../lib/gcc/arm-none-eabi/4.8.3/armv6-m\libgcc.a(floatsisf.o)
                0x00007b24                __aeabi_i2f
 .text          0x00007bdc       0xa0 c:/users/david/appdata/local/arduino15/packages/sparkfun/tools/arm-none-eabi-gcc/4.8.3-2014q1/bin/../lib/gcc/arm-none-eabi/4.8.3/armv6-m\libgcc.a(floatunsisf.o)
                0x00007bdc                __aeabi_ui2f
 .text          0x00007c7c      0x638 c:/users/david/appdata/local/arduino15/packages/sparkfun/tools/arm-none-eabi-gcc/4.8.3-2014q1/bin/../lib/gcc/arm-none-eabi/4.8.3/armv6-m\libgcc.a(adddf3.o)
                0x00007c7c                __aeabi_dadd
 .text          0x000082b4      0x648 c:/users/david/appdata/local/arduino15/packages/sparkfun/tools/arm-none-eabi-gcc/4.8.3-2014q1/bin/../lib/gcc/arm-none-eabi/4.8.3/armv6-m\libgcc.a(divdf3.o)
                0x000082b4                __aeabi_ddiv
 .text          0x000088fc       0x94 c:/users/david/appdata/local/arduino15/packages/sparkfun/tools/arm-none-eabi-gcc/4.8.3-2014q1/bin/../lib/gcc/arm-none-eabi/4.8.3/armv6-m\libgcc.a(eqdf2.o)
                0x000088fc                __nedf2
                0x000088fc                __eqdf2
 .text          0x00008990       0xfc c:/users/david/appdata/local/arduino15/packages/sparkfun/tools/arm-none-eabi-gcc/4.8.3-2014q1/bin/../lib/gcc/arm-none-eabi/4.8.3/armv6-m\libgcc.a(gedf2.o)
                0x00008990                __gedf2
                0x00008990                __gtdf2
 .text          0x00008a8c       0xfc c:/users/david/appdata/local/arduino15/packages/sparkfun/tools/arm-none-eabi-gcc/4.8.3-2014q1/bin/../lib/gcc/arm-none-eabi/4.8.3/armv6-m\libgcc.a(ledf2.o)
                0x00008a8c                __ledf2
                0x00008a8c                __ltdf2
 .text          0x00008b88      0x520 c:/users/david/appdata/local/arduino15/packages/sparkfun/tools/arm-none-eabi-gcc/4.8.3-2014q1/bin/../lib/gcc/arm-none-eabi/4.8.3/armv6-m\libgcc.a(muldf3.o)
                0x00008b88                __aeabi_dmul
 .text          0x000090a8      0x654 c:/users/david/appdata/local/arduino15/packages/sparkfun/tools/arm-none-eabi-gcc/4.8.3-2014q1/bin/../lib/gcc/arm-none-eabi/4.8.3/armv6-m\libgcc.a(subdf3.o)
                0x000090a8                __aeabi_dsub
 .text          0x000096fc       0xa4 c:/users/david/appdata/local/arduino15/packages/sparkfun/tools/arm-none-eabi-gcc/4.8.3-2014q1/bin/../lib/gcc/arm-none-eabi/4.8.3/armv6-m\libgcc.a(extendsfdf2.o)
                0x000096fc                __aeabi_f2d
 .text          0x000097a0      0x118 c:/users/david/appdata/local/arduino15/packages/sparkfun/tools/arm-none-eabi-gcc/4.8.3-2014q1/bin/../lib/gcc/arm-none-eabi/4.8.3/armv6-m\libgcc.a(truncdfsf2.o)
                0x000097a0                __aeabi_d2f
 .text          0x000098b8       0x3c c:/users/david/appdata/local/arduino15/packages/sparkfun/tools/arm-none-eabi-gcc/4.8.3-2014q1/bin/../lib/gcc/arm-none-eabi/4.8.3/armv6-m\libgcc.a(_clzsi2.o)
                0x000098b8                __clzsi2
 .text          0x000098f4       0x44 c:/users/david/appdata/local/arduino15/packages/sparkfun/tools/arm-none-eabi-gcc/4.8.3-2014q1/bin/../lib/gcc/arm-none-eabi/4.8.3/armv6-m\libgcc.a(_muldi3.o)
                0x000098f4                __muldi3
                0x000098f4                __aeabi_lmul
 .text          0x00009938      0x3b8 c:/users/david/appdata/local/arduino15/packages/sparkfun/tools/arm-none-eabi-gcc/4.8.3-2014q1/bin/../lib/gcc/arm-none-eabi/4.8.3/armv6-m\libgcc.a(_divdi3.o)
                0x00009938                __divdi3
 .text          0x00009cf0      0x384 c:/users/david/appdata/local/arduino15/packages/sparkfun/tools/arm-none-eabi-gcc/4.8.3-2014q1/bin/../lib/gcc/arm-none-eabi/4.8.3/armv6-m\libgcc.a(_udivdi3.o)
                0x00009cf0                __udivdi3
 .text.__errno  0x0000a074        0xc c:/users/david/appdata/local/arduino15/packages/sparkfun/tools/arm-none-eabi-gcc/4.8.3-2014q1/bin/../lib/gcc/arm-none-eabi/4.8.3/../../../../arm-none-eabi/lib/armv6-m\libc_s.a(lib_a-errno.o)
                0x0000a074                __errno
 .text.__libc_init_array
                0x0000a080       0x4c c:/users/david/appdata/local/arduino15/packages/sparkfun/tools/arm-none-eabi-gcc/4.8.3-2014q1/bin/../lib/gcc/arm-none-eabi/4.8.3/../../../../arm-none-eabi/lib/armv6-m\libc_s.a(lib_a-init.o)
                0x0000a080                __libc_init_array
 .text.malloc   0x0000a0cc       0x14 c:/users/david/appdata/local/arduino15/packages/sparkfun/tools/arm-none-eabi-gcc/4.8.3-2014q1/bin/../lib/gcc/arm-none-eabi/4.8.3/../../../../arm-none-eabi/lib/armv6-m\libc_s.a(lib_a-malloc.o)
                0x0000a0cc                malloc
 .text.memcpy   0x0000a0e0       0x12 c:/users/david/appdata/local/arduino15/packages/sparkfun/tools/arm-none-eabi-gcc/4.8.3-2014q1/bin/../lib/gcc/arm-none-eabi/4.8.3/../../../../arm-none-eabi/lib/armv6-m\libc_s.a(lib_a-memcpy-stub.o)
                0x0000a0e0                memcpy
 .text.memset   0x0000a0f2       0x10 c:/users/david/appdata/local/arduino15/packages/sparkfun/tools/arm-none-eabi-gcc/4.8.3-2014q1/bin/../lib/gcc/arm-none-eabi/4.8.3/../../../../arm-none-eabi/lib/armv6-m\libc_s.a(lib_a-memset.o)
                0x0000a0f2                memset
 *fill*         0x0000a102        0x2 
 .text._malloc_r
                0x0000a104       0xa8 c:/users/david/appdata/local/arduino15/packages/sparkfun/tools/arm-none-eabi-gcc/4.8.3-2014q1/bin/../lib/gcc/arm-none-eabi/4.8.3/../../../../arm-none-eabi/lib/armv6-m\libc_s.a(lib_a-nano-mallocr.o)
                0x0000a104                _malloc_r
 .text._sbrk_r  0x0000a1ac       0x24 c:/users/david/appdata/local/arduino15/packages/sparkfun/tools/arm-none-eabi-gcc/4.8.3-2014q1/bin/../lib/gcc/arm-none-eabi/4.8.3/../../../../arm-none-eabi/lib/armv6-m\libc_s.a(lib_a-sbrkr.o)
                0x0000a1ac                _sbrk_r
 .text.strlen   0x0000a1d0        0xe c:/users/david/appdata/local/arduino15/packages/sparkfun/tools/arm-none-eabi-gcc/4.8.3-2014q1/bin/../lib/gcc/arm-none-eabi/4.8.3/../../../../arm-none-eabi/lib/armv6-m\libc_s.a(lib_a-strlen.o)
                0x0000a1d0                strlen
 *fill*         0x0000a1de        0x2 
 .text._sbrk    0x0000a1e0       0x34 c:/users/david/appdata/local/arduino15/packages/sparkfun/tools/arm-none-eabi-gcc/4.8.3-2014q1/bin/../lib/gcc/arm-none-eabi/4.8.3/../../../../arm-none-eabi/lib/armv6-m\libnosys.a(sbrk.o)
                0x0000a1e0                _sbrk
 *(.init)
 .init          0x0000a214        0x4 c:/users/david/appdata/local/arduino15/packages/sparkfun/tools/arm-none-eabi-gcc/4.8.3-2014q1/bin/../lib/gcc/arm-none-eabi/4.8.3/armv6-m/crti.o
                0x0000a214                _init
 .init          0x0000a218        0x8 c:/users/david/appdata/local/arduino15/packages/sparkfun/tools/arm-none-eabi-gcc/4.8.3-2014q1/bin/../lib/gcc/arm-none-eabi/4.8.3/armv6-m/crtn.o
 *(.fini)
 .fini          0x0000a220        0x4 c:/users/david/appdata/local/arduino15/packages/sparkfun/tools/arm-none-eabi-gcc/4.8.3-2014q1/bin/../lib/gcc/arm-none-eabi/4.8.3/armv6-m/crti.o
                0x0000a220                _fini
 .fini          0x0000a224        0x8 c:/users/david/appdata/local/arduino15/packages/sparkfun/tools/arm-none-eabi-gcc/4.8.3-2014q1/bin/../lib/gcc/arm-none-eabi/4.8.3/armv6-m/crtn.o
 *crtbegin.o(.ctors)
 *crtbegin?.o(.ctors)
 *(EXCLUDE_FILE(*crtend.o *crtend?.o) .ctors)
 *(SORT(.ctors.*))
 *(.ctors)
 *crtbegin.o(.dtors)
 *crtbegin?.o(.dtors)
 *(EXCLUDE_FILE(*crtend.o *crtend?.o) .dtors)
 *(SORT(.dtors.*))
 *(.dtors)
 *(.rodata*)
 .rodata.str1.1
                0x0000a22c       0x30 IMU_USFS.cpp.o
                                 0x31 (size before relaxing)
 .rodata.str1.1
                0x0000a25c       0x75 EM7180.cpp.o
                                 0x76 (size before relaxing)
 *fill*         0x0000a2d1        0x7 
 .rodata._ZTV7TwoWire
                0x0000a2d8       0x28 Wire\Wire.cpp.o
                0x0000a2d8                vtable for TwoWire
 .rodata.g_APinDescription
                0x0000a300      0x420 C:\Users\David\AppData\Local\Temp\VMBCore\arduino16x\73a724ad7aa31d4094c3317bc736596a\variant\variant.cpp.o
                0x0000a300                g_APinDescription
 .rodata.str1.4
                0x0000a720        0x8 c:/users/david/appdata/local/arduino15/packages/sparkfun/tools/arm-none-eabi-gcc/4.8.3-2014q1/bin/../lib/gcc/arm-none-eabi/4.8.3/../../../../arm-none-eabi/lib/armv6-m\libm.a(lib_a-w_asin.o)
                                  0xc (size before relaxing)
 .rodata.atanlo
                0x0000a728       0x20 c:/users/david/appdata/local/arduino15/packages/sparkfun/tools/arm-none-eabi-gcc/4.8.3-2014q1/bin/../lib/gcc/arm-none-eabi/4.8.3/../../../../arm-none-eabi/lib/armv6-m\libm.a(lib_a-s_atan.o)
 .rodata.atanhi
                0x0000a748       0x20 c:/users/david/appdata/local/arduino15/packages/sparkfun/tools/arm-none-eabi-gcc/4.8.3-2014q1/bin/../lib/gcc/arm-none-eabi/4.8.3/../../../../arm-none-eabi/lib/armv6-m\libm.a(lib_a-s_atan.o)
 .rodata.str1.1
                0x0000a768        0xf C:\Users\David\AppData\Local\Temp\VMBuilds\IMU_USFS\SparkFun_sparkfun_samd_samd21_9dof\Release/core.a(Print.cpp.o)
 *fill*         0x0000a777        0x1 
 .rodata._ZTV4Uart
                0x0000a778       0x38 C:\Users\David\AppData\Local\Temp\VMBuilds\IMU_USFS\SparkFun_sparkfun_samd_samd21_9dof\Release/core.a(Uart.cpp.o)
                0x0000a778                vtable for Uart
 .rodata._ZTV26DoubleBufferedEPOutHandler
                0x0000a7b0       0x18 C:\Users\David\AppData\Local\Temp\VMBuilds\IMU_USFS\SparkFun_sparkfun_samd_samd21_9dof\Release/core.a(USBCore.cpp.o)
                0x0000a7b0                vtable for DoubleBufferedEPOutHandler
 .rodata._ZL19STRING_MANUFACTURER
                0x0000a7c8        0x9 C:\Users\David\AppData\Local\Temp\VMBuilds\IMU_USFS\SparkFun_sparkfun_samd_samd21_9dof\Release/core.a(USBCore.cpp.o)
 *fill*         0x0000a7d1        0x1 
 .rodata._ZL15STRING_LANGUAGE
                0x0000a7d2        0x4 C:\Users\David\AppData\Local\Temp\VMBuilds\IMU_USFS\SparkFun_sparkfun_samd_samd21_9dof\Release/core.a(USBCore.cpp.o)
 .rodata._ZL21USB_DeviceDescriptorB
                0x0000a7d6       0x12 C:\Users\David\AppData\Local\Temp\VMBuilds\IMU_USFS\SparkFun_sparkfun_samd_samd21_9dof\Release/core.a(USBCore.cpp.o)
 .rodata._ZL14STRING_PRODUCT
                0x0000a7e8        0xd C:\Users\David\AppData\Local\Temp\VMBuilds\IMU_USFS\SparkFun_sparkfun_samd_samd21_9dof\Release/core.a(USBCore.cpp.o)
 *fill*         0x0000a7f5        0x3 
 .rodata._ZTV7Serial_
                0x0000a7f8       0x28 C:\Users\David\AppData\Local\Temp\VMBuilds\IMU_USFS\SparkFun_sparkfun_samd_samd21_9dof\Release/core.a(CDC.cpp.o)
                0x0000a7f8                vtable for Serial_
 .rodata        0x0000a820       0x40 c:/users/david/appdata/local/arduino15/packages/sparkfun/tools/arm-none-eabi-gcc/4.8.3-2014q1/bin/../lib/gcc/arm-none-eabi/4.8.3/armv6-m\libgcc.a(divsf3.o)
 .rodata        0x0000a860       0x40 c:/users/david/appdata/local/arduino15/packages/sparkfun/tools/arm-none-eabi-gcc/4.8.3-2014q1/bin/../lib/gcc/arm-none-eabi/4.8.3/armv6-m\libgcc.a(mulsf3.o)
 .rodata        0x0000a8a0       0x40 c:/users/david/appdata/local/arduino15/packages/sparkfun/tools/arm-none-eabi-gcc/4.8.3-2014q1/bin/../lib/gcc/arm-none-eabi/4.8.3/armv6-m\libgcc.a(divdf3.o)
 .rodata        0x0000a8e0       0x40 c:/users/david/appdata/local/arduino15/packages/sparkfun/tools/arm-none-eabi-gcc/4.8.3-2014q1/bin/../lib/gcc/arm-none-eabi/4.8.3/armv6-m\libgcc.a(muldf3.o)
 .rodata.str1.1
                0x0000a920        0x2 c:/users/david/appdata/local/arduino15/packages/sparkfun/tools/arm-none-eabi-gcc/4.8.3-2014q1/bin/../lib/gcc/arm-none-eabi/4.8.3/../../../../arm-none-eabi/lib/armv6-m\libc_s.a(lib_a-impure.o)
 *(.eh_frame*)
 *fill*         0x0000a922        0x2 
 .eh_frame      0x0000a924        0x0 c:/users/david/appdata/local/arduino15/packages/sparkfun/tools/arm-none-eabi-gcc/4.8.3-2014q1/bin/../lib/gcc/arm-none-eabi/4.8.3/armv6-m/crtbegin.o
 .eh_frame      0x0000a924        0x4 c:/users/david/appdata/local/arduino15/packages/sparkfun/tools/arm-none-eabi-gcc/4.8.3-2014q1/bin/../lib/gcc/arm-none-eabi/4.8.3/armv6-m/crtend.o

.glue_7         0x0000a928        0x0
 .glue_7        0x00000000        0x0 linker stubs

.glue_7t        0x0000a928        0x0
 .glue_7t       0x00000000        0x0 linker stubs

.vfp11_veneer   0x0000a928        0x0
 .vfp11_veneer  0x00000000        0x0 linker stubs

.v4_bx          0x0000a928        0x0
 .v4_bx         0x00000000        0x0 linker stubs

.iplt           0x0000a928        0x0
 .iplt          0x00000000        0x0 c:/users/david/appdata/local/arduino15/packages/sparkfun/tools/arm-none-eabi-gcc/4.8.3-2014q1/bin/../lib/gcc/arm-none-eabi/4.8.3/armv6-m/crtbegin.o

.ARM.extab
 *(.ARM.extab* .gnu.linkonce.armextab.*)
                0x0000a928                __exidx_start = .

.ARM.exidx      0x0000a928        0x8
 *(.ARM.exidx* .gnu.linkonce.armexidx.*)
 .ARM.exidx     0x0000a928        0x8 c:/users/david/appdata/local/arduino15/packages/sparkfun/tools/arm-none-eabi-gcc/4.8.3-2014q1/bin/../lib/gcc/arm-none-eabi/4.8.3/armv6-m\libgcc.a(_divdi3.o)
 .ARM.exidx     0x0000a930        0x0 c:/users/david/appdata/local/arduino15/packages/sparkfun/tools/arm-none-eabi-gcc/4.8.3-2014q1/bin/../lib/gcc/arm-none-eabi/4.8.3/armv6-m\libgcc.a(_udivdi3.o)
                                  0x8 (size before relaxing)
                0x0000a930                __exidx_end = .
                0x0000a930                __etext = .

.rel.dyn        0x0000a930        0x0
 .rel.iplt      0x00000000        0x0 c:/users/david/appdata/local/arduino15/packages/sparkfun/tools/arm-none-eabi-gcc/4.8.3-2014q1/bin/../lib/gcc/arm-none-eabi/4.8.3/armv6-m/crtbegin.o

.data           0x20000000      0x12c load address 0x0000a930
                0x20000000                __data_start__ = .
 *(vtable)
 *(.data*)
 .data.drdy     0x20000000        0x1 IMU_USFS.cpp.o
                0x20000000                drdy
 *fill*         0x20000001        0x3 
 .data.qt       0x20000004       0x20 IMU_USFS.cpp.o
                0x20000004                qt
 .data.__fdlib_version
                0x20000024        0x1 c:/users/david/appdata/local/arduino15/packages/sparkfun/tools/arm-none-eabi-gcc/4.8.3-2014q1/bin/../lib/gcc/arm-none-eabi/4.8.3/../../../../arm-none-eabi/lib/armv6-m\libm.a(lib_a-s_lib_ver.o)
                0x20000024                __fdlib_version
 *fill*         0x20000025        0x3 
 .data.SystemCoreClock
                0x20000028        0x4 C:\Users\David\AppData\Local\Temp\VMBuilds\IMU_USFS\SparkFun_sparkfun_samd_samd21_9dof\Release/core.a(wiring.c.o)
                0x20000028                SystemCoreClock
 .data._ZL5ticks
                0x2000002c        0x4 C:\Users\David\AppData\Local\Temp\VMBuilds\IMU_USFS\SparkFun_sparkfun_samd_samd21_9dof\Release/core.a(Reset.cpp.o)
 .data.EndPoints
                0x20000030       0x28 C:\Users\David\AppData\Local\Temp\VMBuilds\IMU_USFS\SparkFun_sparkfun_samd_samd21_9dof\Release/core.a(USBCore.cpp.o)
                0x20000030                EndPoints
 .data._ZL12_usbLineInfo
                0x20000058        0x8 C:\Users\David\AppData\Local\Temp\VMBuilds\IMU_USFS\SparkFun_sparkfun_samd_samd21_9dof\Release/core.a(CDC.cpp.o)
 .data._ZL10breakValue
                0x20000060        0x4 C:\Users\David\AppData\Local\Temp\VMBuilds\IMU_USFS\SparkFun_sparkfun_samd_samd21_9dof\Release/core.a(CDC.cpp.o)
 .data._ZL13_cdcInterface
                0x20000064       0x42 C:\Users\David\AppData\Local\Temp\VMBuilds\IMU_USFS\SparkFun_sparkfun_samd_samd21_9dof\Release/core.a(CDC.cpp.o)
 *fill*         0x200000a6        0x2 
 .data._serialPeek
                0x200000a8        0x4 C:\Users\David\AppData\Local\Temp\VMBuilds\IMU_USFS\SparkFun_sparkfun_samd_samd21_9dof\Release/core.a(CDC.cpp.o)
                0x200000a8                _serialPeek
 .data.impure_data
                0x200000ac       0x60 c:/users/david/appdata/local/arduino15/packages/sparkfun/tools/arm-none-eabi-gcc/4.8.3-2014q1/bin/../lib/gcc/arm-none-eabi/4.8.3/../../../../arm-none-eabi/lib/armv6-m\libc_s.a(lib_a-impure.o)
 .data._impure_ptr
                0x2000010c        0x4 c:/users/david/appdata/local/arduino15/packages/sparkfun/tools/arm-none-eabi-gcc/4.8.3-2014q1/bin/../lib/gcc/arm-none-eabi/4.8.3/../../../../arm-none-eabi/lib/armv6-m\libc_s.a(lib_a-impure.o)
                0x2000010c                _impure_ptr
                0x20000110                . = ALIGN (0x4)
                0x20000110                PROVIDE (__preinit_array_start, .)
 *(.preinit_array)
                0x20000110                PROVIDE (__preinit_array_end, .)
                0x20000110                . = ALIGN (0x4)
                0x20000110                PROVIDE (__init_array_start, .)
 *(SORT(.init_array.*))
 *(.init_array)
 .init_array    0x20000110        0x4 c:/users/david/appdata/local/arduino15/packages/sparkfun/tools/arm-none-eabi-gcc/4.8.3-2014q1/bin/../lib/gcc/arm-none-eabi/4.8.3/armv6-m/crtbegin.o
 .init_array    0x20000114        0x4 Wire\Wire.cpp.o
 .init_array    0x20000118        0x4 C:\Users\David\AppData\Local\Temp\VMBCore\arduino16x\73a724ad7aa31d4094c3317bc736596a\variant\variant.cpp.o
 .init_array    0x2000011c        0x4 C:\Users\David\AppData\Local\Temp\VMBuilds\IMU_USFS\SparkFun_sparkfun_samd_samd21_9dof\Release/core.a(USBCore.cpp.o)
 .init_array    0x20000120        0x4 C:\Users\David\AppData\Local\Temp\VMBuilds\IMU_USFS\SparkFun_sparkfun_samd_samd21_9dof\Release/core.a(CDC.cpp.o)
                0x20000124                PROVIDE (__init_array_end, .)
                0x20000124                . = ALIGN (0x4)
                0x20000124                PROVIDE (__fini_array_start, .)
 *(SORT(.fini_array.*))
 *(.fini_array)
 .fini_array    0x20000124        0x4 c:/users/david/appdata/local/arduino15/packages/sparkfun/tools/arm-none-eabi-gcc/4.8.3-2014q1/bin/../lib/gcc/arm-none-eabi/4.8.3/armv6-m/crtbegin.o
                0x20000128                PROVIDE (__fini_array_end, .)
 *(.jcr*)
 .jcr           0x20000128        0x0 c:/users/david/appdata/local/arduino15/packages/sparkfun/tools/arm-none-eabi-gcc/4.8.3-2014q1/bin/../lib/gcc/arm-none-eabi/4.8.3/armv6-m/crtbegin.o
 .jcr           0x20000128        0x4 c:/users/david/appdata/local/arduino15/packages/sparkfun/tools/arm-none-eabi-gcc/4.8.3-2014q1/bin/../lib/gcc/arm-none-eabi/4.8.3/armv6-m/crtend.o
                0x2000012c                . = ALIGN (0x4)
                0x2000012c                __data_end__ = .

.igot.plt       0x2000012c        0x0 load address 0x0000aa5c
 .igot.plt      0x00000000        0x0 c:/users/david/appdata/local/arduino15/packages/sparkfun/tools/arm-none-eabi-gcc/4.8.3-2014q1/bin/../lib/gcc/arm-none-eabi/4.8.3/armv6-m/crtbegin.o

.bss            0x20000130      0xd5c load address 0x0000aa60
                0x20000130                . = ALIGN (0x4)
                0x20000130                __bss_start__ = .
 *(.bss*)
 .bss           0x20000130       0x1c c:/users/david/appdata/local/arduino15/packages/sparkfun/tools/arm-none-eabi-gcc/4.8.3-2014q1/bin/../lib/gcc/arm-none-eabi/4.8.3/armv6-m/crtbegin.o
 .bss.acc_calADC
                0x2000014c        0xc IMU_USFS.cpp.o
                0x2000014c                acc_calADC
 .bss.LINaccData
                0x20000158       0x18 IMU_USFS.cpp.o
                0x20000158                LINaccData
 .bss.i2c_0     0x20000170        0x4 IMU_USFS.cpp.o
                0x20000170                i2c_0
 .bss.angle     0x20000174       0x10 IMU_USFS.cpp.o
                0x20000174                angle
 .bss.accADC    0x20000184        0xc IMU_USFS.cpp.o
                0x20000184                accADC
 .bss.acc       0x20000190        0xc IMU_USFS.cpp.o
                0x20000190                acc
 .bss.serial_input
                0x2000019c        0x4 IMU_USFS.cpp.o
                0x2000019c                serial_input
 .bss.global_conf
                0x200001a0       0x18 IMU_USFS.cpp.o
                0x200001a0                global_conf
 .bss.a_acc     0x200001b8       0x30 IMU_USFS.cpp.o
                0x200001b8                a_acc
 .bss.Gyro_flag
                0x200001e8        0x2 IMU_USFS.cpp.o
                0x200001e8                Gyro_flag
 *fill*         0x200001ea        0x2 
 .bss.accData   0x200001ec       0x18 IMU_USFS.cpp.o
                0x200001ec                accData
 .bss.Start_time
                0x20000204        0x4 IMU_USFS.cpp.o
                0x20000204                Start_time
 .bss.magADC    0x20000208        0xc IMU_USFS.cpp.o
                0x20000208                magADC
 .bss.TimeStamp
                0x20000214        0x4 IMU_USFS.cpp.o
                0x20000214                TimeStamp
 .bss.Accel_Cal_valid
                0x20000218        0x2 IMU_USFS.cpp.o
                0x20000218                Accel_Cal_valid
 .bss.Sentral_WS_valid
                0x2000021a        0x2 IMU_USFS.cpp.o
                0x2000021a                Sentral_WS_valid
 .bss.calibratingA
                0x2000021c        0x4 IMU_USFS.cpp.o
                0x2000021c                calibratingA
 .bss.eventStatus
                0x20000220        0x2 IMU_USFS.cpp.o
                0x20000220                eventStatus
 *fill*         0x20000222        0x2 
 .bss.last_refresh
                0x20000224        0x4 IMU_USFS.cpp.o
                0x20000224                last_refresh
 .bss.currentTime
                0x20000228        0x4 IMU_USFS.cpp.o
                0x20000228                currentTime
 .bss.Mag_flag  0x2000022c        0x2 IMU_USFS.cpp.o
                0x2000022c                Mag_flag
 *fill*         0x2000022e        0x2 
 .bss.pressure  0x20000230        0x8 IMU_USFS.cpp.o
                0x20000230                pressure
 .bss.heading   0x20000238        0x8 IMU_USFS.cpp.o
                0x20000238                heading
 .bss.temperature
                0x20000240        0x8 IMU_USFS.cpp.o
                0x20000240                temperature
 .bss.rawPressure
                0x20000248        0x4 IMU_USFS.cpp.o
                0x20000248                rawPressure
 .bss.previousTime
                0x2000024c        0x4 IMU_USFS.cpp.o
                0x2000024c                previousTime
 .bss.Acc_flag  0x20000250        0x2 IMU_USFS.cpp.o
                0x20000250                Acc_flag
 *fill*         0x20000252        0x2 
 .bss.magData   0x20000254       0x18 IMU_USFS.cpp.o
                0x20000254                magData
 .bss.accSmooth
                0x2000026c        0xc IMU_USFS.cpp.o
                0x2000026c                accSmooth
 .bss.rawTemperature
                0x20000278        0x4 IMU_USFS.cpp.o
                0x20000278                rawTemperature
 .bss.QT_Timestamp
                0x2000027c        0x4 IMU_USFS.cpp.o
                0x2000027c                QT_Timestamp
 .bss.accLIN    0x20000280        0xc IMU_USFS.cpp.o
                0x20000280                accLIN
 .bss.cycleTime
                0x2000028c        0x4 IMU_USFS.cpp.o
                0x2000028c                cycleTime
 .bss.algostatus
                0x20000290        0x2 IMU_USFS.cpp.o
                0x20000290                algostatus
 *fill*         0x20000292        0x2 
 .bss.delt_t    0x20000294        0x4 IMU_USFS.cpp.o
                0x20000294                delt_t
 .bss.WS_params
                0x20000298      0x118 IMU_USFS.cpp.o
                0x20000298                WS_params
 .bss.Baro_flag
                0x200003b0        0x2 IMU_USFS.cpp.o
                0x200003b0                Baro_flag
 *fill*         0x200003b2        0x6 
 .bss.b_acc     0x200003b8       0x30 IMU_USFS.cpp.o
                0x200003b8                b_acc
 .bss.gyroADC   0x200003e8        0xc IMU_USFS.cpp.o
                0x200003e8                gyroADC
 .bss.gyroData  0x200003f4       0x18 IMU_USFS.cpp.o
                0x200003f4                gyroData
 .bss.Sentral_0
                0x2000040c        0x4 IMU_USFS.cpp.o
                0x2000040c                Sentral_0
 .bss.Quat_flag
                0x20000410        0x2 IMU_USFS.cpp.o
                0x20000410                Quat_flag
 *fill*         0x20000412        0x2 
 .bss.imu_0     0x20000414        0x4 IMU_USFS.cpp.o
                0x20000414                imu_0
 .bss.rawADC    0x20000418        0x6 EM7180.cpp.o
                0x20000418                rawADC
 *fill*         0x2000041e        0x2 
 .bss._ZZN3IMU10computeIMUEvE12buff_heading
                0x20000420        0x8 IMU.cpp.o
 .bss._ZZN3IMU10computeIMUEvE10buff_pitch
                0x20000428        0x8 IMU.cpp.o
 .bss._ZZN3IMU10computeIMUEvE9buff_roll
                0x20000430        0x8 IMU.cpp.o
 .bss.Wire      0x20000438      0x234 Wire\Wire.cpp.o
                0x20000438                Wire
 .bss.Serial    0x2000066c       0xbc C:\Users\David\AppData\Local\Temp\VMBCore\arduino16x\73a724ad7aa31d4094c3317bc736596a\variant\variant.cpp.o
                0x2000066c                Serial
 .bss.Serial1   0x20000728       0xbc C:\Users\David\AppData\Local\Temp\VMBCore\arduino16x\73a724ad7aa31d4094c3317bc736596a\variant\variant.cpp.o
                0x20000728                Serial1
 .bss.sercom3   0x200007e4        0x4 C:\Users\David\AppData\Local\Temp\VMBCore\arduino16x\73a724ad7aa31d4094c3317bc736596a\variant\variant.cpp.o
                0x200007e4                sercom3
 .bss.sercom0   0x200007e8        0x4 C:\Users\David\AppData\Local\Temp\VMBCore\arduino16x\73a724ad7aa31d4094c3317bc736596a\variant\variant.cpp.o
                0x200007e8                sercom0
 .bss.sercom1   0x200007ec        0x4 C:\Users\David\AppData\Local\Temp\VMBCore\arduino16x\73a724ad7aa31d4094c3317bc736596a\variant\variant.cpp.o
                0x200007ec                sercom1
 .bss.sercom2   0x200007f0        0x4 C:\Users\David\AppData\Local\Temp\VMBCore\arduino16x\73a724ad7aa31d4094c3317bc736596a\variant\variant.cpp.o
                0x200007f0                sercom2
 .bss.sercom4   0x200007f4        0x4 C:\Users\David\AppData\Local\Temp\VMBCore\arduino16x\73a724ad7aa31d4094c3317bc736596a\variant\variant.cpp.o
                0x200007f4                sercom4
 .bss.sercom5   0x200007f8        0x4 C:\Users\David\AppData\Local\Temp\VMBCore\arduino16x\73a724ad7aa31d4094c3317bc736596a\variant\variant.cpp.o
                0x200007f8                sercom5
 .bss.usb_isr   0x200007fc        0x4 C:\Users\David\AppData\Local\Temp\VMBuilds\IMU_USFS\SparkFun_sparkfun_samd_samd21_9dof\Release/core.a(cortex_handlers.c.o)
 .bss._ulTickCount
                0x20000800        0x4 C:\Users\David\AppData\Local\Temp\VMBuilds\IMU_USFS\SparkFun_sparkfun_samd_samd21_9dof\Release/core.a(delay.c.o)
 .bss.ISRcallback
                0x20000804       0x44 C:\Users\David\AppData\Local\Temp\VMBuilds\IMU_USFS\SparkFun_sparkfun_samd_samd21_9dof\Release/core.a(WInterrupts.c.o)
 .bss.ISRlist   0x20000848       0x44 C:\Users\David\AppData\Local\Temp\VMBuilds\IMU_USFS\SparkFun_sparkfun_samd_samd21_9dof\Release/core.a(WInterrupts.c.o)
 .bss.nints     0x2000088c        0x4 C:\Users\David\AppData\Local\Temp\VMBuilds\IMU_USFS\SparkFun_sparkfun_samd_samd21_9dof\Release/core.a(WInterrupts.c.o)
 .bss.enabled.12328
                0x20000890        0x4 C:\Users\David\AppData\Local\Temp\VMBuilds\IMU_USFS\SparkFun_sparkfun_samd_samd21_9dof\Release/core.a(WInterrupts.c.o)
 .bss._ZL14isEndpointHalt
                0x20000894        0x1 C:\Users\David\AppData\Local\Temp\VMBuilds\IMU_USFS\SparkFun_sparkfun_samd_samd21_9dof\Release/core.a(USBCore.cpp.o)
 .bss._pack_buffer
                0x20000895      0x100 C:\Users\David\AppData\Local\Temp\VMBuilds\IMU_USFS\SparkFun_sparkfun_samd_samd21_9dof\Release/core.a(USBCore.cpp.o)
                0x20000895                _pack_buffer
 *fill*         0x20000995        0x1 
 .bss._pack_size
                0x20000996        0x2 C:\Users\David\AppData\Local\Temp\VMBuilds\IMU_USFS\SparkFun_sparkfun_samd_samd21_9dof\Release/core.a(USBCore.cpp.o)
                0x20000996                _pack_size
 .bss._ZL20LastTransmitTimedOut
                0x20000998        0x7 C:\Users\David\AppData\Local\Temp\VMBuilds\IMU_USFS\SparkFun_sparkfun_samd_samd21_9dof\Release/core.a(USBCore.cpp.o)
 *fill*         0x2000099f        0x1 
 .bss._ZL22udd_ep_in_cache_buffer
                0x200009a0      0x1c0 C:\Users\David\AppData\Local\Temp\VMBuilds\IMU_USFS\SparkFun_sparkfun_samd_samd21_9dof\Release/core.a(USBCore.cpp.o)
 .bss._ZL10txLEDPulse
                0x20000b60        0x1 C:\Users\David\AppData\Local\Temp\VMBuilds\IMU_USFS\SparkFun_sparkfun_samd_samd21_9dof\Release/core.a(USBCore.cpp.o)
 *fill*         0x20000b61        0x3 
 .bss._ZL23udd_ep_out_cache_buffer
                0x20000b64      0x1c0 C:\Users\David\AppData\Local\Temp\VMBuilds\IMU_USFS\SparkFun_sparkfun_samd_samd21_9dof\Release/core.a(USBCore.cpp.o)
 .bss._ZL10epHandlers
                0x20000d24       0x1c C:\Users\David\AppData\Local\Temp\VMBuilds\IMU_USFS\SparkFun_sparkfun_samd_samd21_9dof\Release/core.a(USBCore.cpp.o)
 .bss._pack_message
                0x20000d40        0x1 C:\Users\David\AppData\Local\Temp\VMBuilds\IMU_USFS\SparkFun_sparkfun_samd_samd21_9dof\Release/core.a(USBCore.cpp.o)
                0x20000d40                _pack_message
 .bss._ZL21isRemoteWakeUpEnabled
                0x20000d41        0x1 C:\Users\David\AppData\Local\Temp\VMBuilds\IMU_USFS\SparkFun_sparkfun_samd_samd21_9dof\Release/core.a(USBCore.cpp.o)
 .bss._dry_run  0x20000d42        0x1 C:\Users\David\AppData\Local\Temp\VMBuilds\IMU_USFS\SparkFun_sparkfun_samd_samd21_9dof\Release/core.a(USBCore.cpp.o)
                0x20000d42                _dry_run
 .bss.USBDevice
                0x20000d43        0x1 C:\Users\David\AppData\Local\Temp\VMBuilds\IMU_USFS\SparkFun_sparkfun_samd_samd21_9dof\Release/core.a(USBCore.cpp.o)
                0x20000d43                USBDevice
 .bss._usbSetInterface
                0x20000d44        0x4 C:\Users\David\AppData\Local\Temp\VMBuilds\IMU_USFS\SparkFun_sparkfun_samd_samd21_9dof\Release/core.a(USBCore.cpp.o)
                0x20000d44                _usbSetInterface
 .bss._ZL10rxLEDPulse
                0x20000d48        0x1 C:\Users\David\AppData\Local\Temp\VMBuilds\IMU_USFS\SparkFun_sparkfun_samd_samd21_9dof\Release/core.a(USBCore.cpp.o)
 *fill*         0x20000d49        0x3 
 .bss.usbd      0x20000d4c      0x104 C:\Users\David\AppData\Local\Temp\VMBuilds\IMU_USFS\SparkFun_sparkfun_samd_samd21_9dof\Release/core.a(USBCore.cpp.o)
                0x20000d4c                usbd
 .bss._usbConfiguration
                0x20000e50        0x4 C:\Users\David\AppData\Local\Temp\VMBuilds\IMU_USFS\SparkFun_sparkfun_samd_samd21_9dof\Release/core.a(USBCore.cpp.o)
                0x20000e50                _usbConfiguration
 .bss.SerialUSB
                0x20000e54       0x1c C:\Users\David\AppData\Local\Temp\VMBuilds\IMU_USFS\SparkFun_sparkfun_samd_samd21_9dof\Release/core.a(CDC.cpp.o)
                0x20000e54                SerialUSB
 .bss._ZZ12PluggableUSBvE3obj
                0x20000e70        0x8 C:\Users\David\AppData\Local\Temp\VMBuilds\IMU_USFS\SparkFun_sparkfun_samd_samd21_9dof\Release/core.a(PluggableUSB.cpp.o)
 .bss._ZGVZ12PluggableUSBvE3obj
                0x20000e78        0x4 C:\Users\David\AppData\Local\Temp\VMBuilds\IMU_USFS\SparkFun_sparkfun_samd_samd21_9dof\Release/core.a(PluggableUSB.cpp.o)
 .bss.__malloc_sbrk_start
                0x20000e7c        0x4 c:/users/david/appdata/local/arduino15/packages/sparkfun/tools/arm-none-eabi-gcc/4.8.3-2014q1/bin/../lib/gcc/arm-none-eabi/4.8.3/../../../../arm-none-eabi/lib/armv6-m\libc_s.a(lib_a-nano-mallocr.o)
                0x20000e7c                __malloc_sbrk_start
 .bss.__malloc_free_list
                0x20000e80        0x4 c:/users/david/appdata/local/arduino15/packages/sparkfun/tools/arm-none-eabi-gcc/4.8.3-2014q1/bin/../lib/gcc/arm-none-eabi/4.8.3/../../../../arm-none-eabi/lib/armv6-m\libc_s.a(lib_a-nano-mallocr.o)
                0x20000e80                __malloc_free_list
 .bss.heap_end.4243
                0x20000e84        0x4 c:/users/david/appdata/local/arduino15/packages/sparkfun/tools/arm-none-eabi-gcc/4.8.3-2014q1/bin/../lib/gcc/arm-none-eabi/4.8.3/../../../../arm-none-eabi/lib/armv6-m\libnosys.a(sbrk.o)
 *(COMMON)
 COMMON         0x20000e88        0x4 c:/users/david/appdata/local/arduino15/packages/sparkfun/tools/arm-none-eabi-gcc/4.8.3-2014q1/bin/../lib/gcc/arm-none-eabi/4.8.3/../../../../arm-none-eabi/lib/armv6-m\libc_s.a(lib_a-reent.o)
                0x20000e88                errno
                0x20000e8c                . = ALIGN (0x4)
                0x20000e8c                __bss_end__ = .

.heap           0x20000e8c        0x0
                0x20000e8c                __end__ = .
                0x20000e8c                PROVIDE (end, .)
 *(.heap*)
                0x20000e8c                __HeapLimit = .

.stack_dummy    0x20000e8c        0x0
 *(.stack*)
                0x20008000                __StackTop = (ORIGIN (RAM) + 0x8000)
                0x20008000                __StackLimit = (__StackTop - SIZEOF (.stack_dummy))
                0x20008000                PROVIDE (__stack, __StackTop)
                0x20007fff                __ram_end__ = ((ORIGIN (RAM) + 0x8000) - 0x1)
                0x00000001                ASSERT ((__StackLimit >= __HeapLimit), region RAM overflowed with stack)
OUTPUT(C:\Users\David\AppData\Local\Temp\VMBuilds\IMU_USFS\SparkFun_sparkfun_samd_samd21_9dof\Release/IMU_USFS.ino.elf elf32-littlearm)

.ARM.attributes
                0x00000000       0x28
 .ARM.attributes
                0x00000000       0x1e c:/users/david/appdata/local/arduino15/packages/sparkfun/tools/arm-none-eabi-gcc/4.8.3-2014q1/bin/../lib/gcc/arm-none-eabi/4.8.3/armv6-m/crti.o
 .ARM.attributes
                0x0000001e       0x2c c:/users/david/appdata/local/arduino15/packages/sparkfun/tools/arm-none-eabi-gcc/4.8.3-2014q1/bin/../lib/gcc/arm-none-eabi/4.8.3/armv6-m/crtbegin.o
 .ARM.attributes
                0x0000004a       0x32 IMU_USFS.cpp.o
 .ARM.attributes
                0x0000007c       0x32 Alarms.cpp.o
 .ARM.attributes
                0x000000ae       0x32 EM7180.cpp.o
 .ARM.attributes
                0x000000e0       0x32 I2Cdev.cpp.o
 .ARM.attributes